Archive member included to satisfy reference by file (symbol)

core/libcore.a(tag.c.obj)     CMakeFiles/train.dir/lib/schedule.c.obj (lf_time_logical)
core/libcore.a(reactor_common.c.obj)
                              CMakeFiles/train.dir/train.c.obj (_lf_allocate)
core/libcore.a(lf_token.c.obj)
                              CMakeFiles/train.dir/_train_main.c.obj (_lf_initialize_token_with_value)
core/libcore.a(environment.c.obj)
                              core/libcore.a(reactor_common.c.obj) (environment_free)
core/libcore.a(reactor.c.obj)
                              CMakeFiles/train.dir/_train_main.c.obj (_lf_set_present)
core/libcore.a(vector.c.obj)  core/libcore.a(reactor_common.c.obj) (vector_at)
core/libcore.a(pqueue.c.obj)  core/libcore.a(environment.c.obj) (pqueue_init)
core/libcore.a(util.c.obj)    core/libcore.a(reactor_common.c.obj) (lf_print)
core/libcore.a(hashset.c.obj)
                              core/libcore.a(lf_token.c.obj) (hashset_num_items)
core/libcore.a(hashset_itr.c.obj)
                              core/libcore.a(lf_token.c.obj) (hashset_iterator)
core/libcore.a(modes.c.obj)   core/libcore.a(reactor_common.c.obj) (_lf_add_suspended_event)
core/libcore.a(lf_rp2040_support.c.obj)
                              core/libcore.a(reactor.c.obj) (_lf_initialize_clock)
robot/librobot.a(display.c.obj)
                              CMakeFiles/train.dir/_display.c.obj (display_set_font)
robot/librobot.a(font_8x8.c.obj)
                              robot/librobot.a(display.c.obj) (font_8x8)
robot/librobot.a(font_8x16.c.obj)
                              CMakeFiles/train.dir/_display.c.obj (font_8x16)
robot/librobot.a(imu.c.obj)   CMakeFiles/train.dir/_accelerometer.c.obj (imu_init)
robot/librobot.a(ir_sensors.c.obj)
                              CMakeFiles/train.dir/_line.c.obj (line_sensors_calibrate)
robot/librobot.a(motors.c.obj)
                              CMakeFiles/train.dir/_motors.c.obj (motors_init)
robot/librobot.a(sh1106.c.obj)
                              robot/librobot.a(display.c.obj) (sh1106_transfer_start)
/usr/lib/gcc/arm-none-eabi/10.3.1/thumb/v6-m/nofp/libgcc.a(_dvmd_tls.o)
                              CMakeFiles/train.dir/home/foobar/pico-sdk/src/rp2_common/pico_divider/divider.S.obj (__aeabi_idiv0)
/usr/lib/gcc/arm-none-eabi/10.3.1/../../../arm-none-eabi/lib/thumb/v6-m/nofp/libc.a(lib_a-atexit.o)
                              /usr/lib/gcc/arm-none-eabi/10.3.1/../../../arm-none-eabi/lib/thumb/v6-m/nofp/crt0.o (atexit)
/usr/lib/gcc/arm-none-eabi/10.3.1/../../../arm-none-eabi/lib/thumb/v6-m/nofp/libc.a(lib_a-atoi.o)
                              core/libcore.a(reactor_common.c.obj) (atoi)
/usr/lib/gcc/arm-none-eabi/10.3.1/../../../arm-none-eabi/lib/thumb/v6-m/nofp/libc.a(lib_a-atoll.o)
                              core/libcore.a(reactor_common.c.obj) (atoll)
/usr/lib/gcc/arm-none-eabi/10.3.1/../../../arm-none-eabi/lib/thumb/v6-m/nofp/libc.a(lib_a-calloc.o)
                              CMakeFiles/train.dir/home/foobar/pico-sdk/src/rp2_common/pico_malloc/pico_malloc.c.obj (calloc)
/usr/lib/gcc/arm-none-eabi/10.3.1/../../../arm-none-eabi/lib/thumb/v6-m/nofp/libc.a(lib_a-callocr.o)
                              /usr/lib/gcc/arm-none-eabi/10.3.1/../../../arm-none-eabi/lib/thumb/v6-m/nofp/libc.a(lib_a-calloc.o) (_calloc_r)
/usr/lib/gcc/arm-none-eabi/10.3.1/../../../arm-none-eabi/lib/thumb/v6-m/nofp/libc.a(lib_a-fini.o)
                              /usr/lib/gcc/arm-none-eabi/10.3.1/../../../arm-none-eabi/lib/thumb/v6-m/nofp/crt0.o (__libc_fini_array)
/usr/lib/gcc/arm-none-eabi/10.3.1/../../../arm-none-eabi/lib/thumb/v6-m/nofp/libc.a(lib_a-impure.o)
                              core/libcore.a(util.c.obj) (_impure_ptr)
/usr/lib/gcc/arm-none-eabi/10.3.1/../../../arm-none-eabi/lib/thumb/v6-m/nofp/libc.a(lib_a-init.o)
                              /usr/lib/gcc/arm-none-eabi/10.3.1/../../../arm-none-eabi/lib/thumb/v6-m/nofp/crt0.o (__libc_init_array)
/usr/lib/gcc/arm-none-eabi/10.3.1/../../../arm-none-eabi/lib/thumb/v6-m/nofp/libc.a(lib_a-malloc.o)
                              CMakeFiles/train.dir/home/foobar/pico-sdk/src/rp2_common/pico_malloc/pico_malloc.c.obj (malloc)
/usr/lib/gcc/arm-none-eabi/10.3.1/../../../arm-none-eabi/lib/thumb/v6-m/nofp/libc.a(lib_a-mallocr.o)
                              /usr/lib/gcc/arm-none-eabi/10.3.1/../../../arm-none-eabi/lib/thumb/v6-m/nofp/libc.a(lib_a-callocr.o) (_malloc_r)
/usr/lib/gcc/arm-none-eabi/10.3.1/../../../arm-none-eabi/lib/thumb/v6-m/nofp/libc.a(lib_a-mlock.o)
                              /usr/lib/gcc/arm-none-eabi/10.3.1/../../../arm-none-eabi/lib/thumb/v6-m/nofp/libc.a(lib_a-mallocr.o) (__malloc_lock)
/usr/lib/gcc/arm-none-eabi/10.3.1/../../../arm-none-eabi/lib/thumb/v6-m/nofp/libc.a(lib_a-realloc.o)
                              CMakeFiles/train.dir/home/foobar/pico-sdk/src/rp2_common/pico_malloc/pico_malloc.c.obj (realloc)
[...]
Memory Configuration

Name             Origin             Length             Attributes
FLASH            0x0000000010000000 0x0000000000200000 xr
RAM              0x0000000020000000 0x0000000000040000 xrw
SCRATCH_X        0x0000000020040000 0x0000000000001000 xrw
SCRATCH_Y        0x0000000020041000 0x0000000000001000 xrw
*default*        0x0000000000000000 0xffffffffffffffff

Linker script and memory map

LOAD /usr/lib/gcc/arm-none-eabi/10.3.1/thumb/v6-m/nofp/crti.o
LOAD /usr/lib/gcc/arm-none-eabi/10.3.1/thumb/v6-m/nofp/crtbegin.o
LOAD /usr/lib/gcc/arm-none-eabi/10.3.1/../../../arm-none-eabi/lib/thumb/v6-m/nofp/crt0.o

.flash_begin    0x0000000010000000        0x0
                0x0000000010000000                __flash_binary_start = .

.boot2          0x0000000010000000      0x100
                0x0000000010000000                __boot2_start__ = .
 *(.boot2)
 .boot2         0x0000000010000000      0x100 /tmp/ccuw34yr.o
                0x0000000010000100                __boot2_end__ = .
                0x0000000000000001                ASSERT (((__boot2_end__ - __boot2_start__) == 0x100), ERROR: Pico second stage bootloader must be 256 bytes in size)

.text           0x0000000010000100    0x14458
                0x0000000010000100                __logical_binary_start = .
 *(.vectors)
 .vectors       0x0000000010000100       0xd4 CMakeFiles/train.dir/home/foobar/pico-sdk/src/rp2_common/pico_standard_link/crt0.S.obj
                0x0000000010000100                __vectors
                0x0000000010000100                __VECTOR_TABLE
                0x00000000100001c0                isr_invalid
                0x00000000100001c0                __default_isrs_start
                0x00000000100001c2                isr_nmi
                0x00000000100001c4                isr_hardfault
                0x00000000100001c6                isr_svcall
                0x00000000100001c8                isr_pendsv
                0x00000000100001ca                isr_systick
                0x00000000100001cc                isr_irq30
                0x00000000100001cc                __unhandled_user_irq
                0x00000000100001cc                isr_irq13
                0x00000000100001cc                isr_irq27
                0x00000000100001cc                isr_irq31
                0x00000000100001cc                isr_irq5
                0x00000000100001cc                isr_irq11
                0x00000000100001cc                isr_irq23
                0x00000000100001cc                isr_irq18
                0x00000000100001cc                isr_irq28
                0x00000000100001cc                isr_irq19
                0x00000000100001cc                isr_irq0
                0x00000000100001cc                isr_irq6
                0x00000000100001cc                isr_irq22
                0x00000000100001cc                isr_irq17
                0x00000000100001cc                isr_irq14
                0x00000000100001cc                isr_irq2
                0x00000000100001cc                isr_irq10
                0x00000000100001cc                isr_irq8
                0x00000000100001cc                isr_irq24
                0x00000000100001cc                isr_irq1
                0x00000000100001cc                isr_irq7
                0x00000000100001cc                isr_irq21
                0x00000000100001cc                isr_irq20
                0x00000000100001cc                isr_irq15
                0x00000000100001cc                isr_irq25
                0x00000000100001cc                isr_irq4
                0x00000000100001cc                isr_irq16
                0x00000000100001cc                isr_irq29
                0x00000000100001cc                isr_irq26
                0x00000000100001cc                __default_isrs_end
                0x00000000100001cc                isr_irq3
                0x00000000100001cc                isr_irq12
                0x00000000100001cc                isr_irq9
                0x00000000100001d2                unhandled_user_irq_num_in_r0
 *(.binary_info_header)
 .binary_info_header
                0x00000000100001d4       0x14 CMakeFiles/train.dir/home/foobar/pico-sdk/src/rp2_common/pico_standard_link/crt0.S.obj
                0x00000000100001e8                __binary_info_header_end = .
 *(.reset)
 .reset         0x00000000100001e8       0xa0 CMakeFiles/train.dir/home/foobar/pico-sdk/src/rp2_common/pico_standard_link/crt0.S.obj
                0x00000000100001e8                _entry_point
 .reset         0x0000000010000288       0x30 CMakeFiles/train.dir/home/foobar/pico-sdk/src/rp2_common/pico_standard_link/binary_info.c.obj
 *(.init)
 .init          0x00000000100002b8        0x4 /usr/lib/gcc/arm-none-eabi/10.3.1/thumb/v6-m/nofp/crti.o
                0x00000000100002b8                _init
 *(EXCLUDE_FILE(*libm.a: *libc.a:*lib_a-mem*.o *libgcc.a:) .text*)
 .text          0x00000000100002bc       0x98 /usr/lib/gcc/arm-none-eabi/10.3.1/thumb/v6-m/nofp/crtbegin.o
 .text._train_mainreaction_function_1
                0x0000000010000354        0x8 CMakeFiles/train.dir/_train_main.c.obj
                0x0000000010000354                _train_mainreaction_function_1
 .text._train_mainreaction_function_0
                0x000000001000035c       0x70 CMakeFiles/train.dir/_train_main.c.obj
                0x000000001000035c                _train_mainreaction_function_0
 .text._train_mainreaction_function_3
                0x00000000100003cc       0xd4 CMakeFiles/train.dir/_train_main.c.obj
                0x00000000100003cc                _train_mainreaction_function_3
 .text._train_mainreaction_function_6
                0x00000000100004a0       0x30 CMakeFiles/train.dir/_train_main.c.obj
                0x00000000100004a0                _train_mainreaction_function_6
 .text._train_mainreaction_function_2
                0x00000000100004d0       0x50 CMakeFiles/train.dir/_train_main.c.obj
                0x00000000100004d0                _train_mainreaction_function_2
 .text._train_mainreaction_function_4
                0x0000000010000520       0x60 CMakeFiles/train.dir/_train_main.c.obj
                0x0000000010000520                _train_mainreaction_function_4
 .text._train_mainreaction_function_5
                0x0000000010000580       0x64 CMakeFiles/train.dir/_train_main.c.obj
                0x0000000010000580                _train_mainreaction_function_5
 .text._train_mainreaction_function_7
                0x00000000100005e4       0xe4 CMakeFiles/train.dir/_train_main.c.obj
                0x00000000100005e4                _train_mainreaction_function_7
 .text.new__train_main
                0x00000000100006c8      0x2c8 CMakeFiles/train.dir/_train_main.c.obj
                0x00000000100006c8                new__train_main
 .text._linereaction_function_0
                0x0000000010000990        0xc CMakeFiles/train.dir/_line.c.obj
                0x0000000010000990                _linereaction_function_0
 .text._linereaction_function_1
                0x000000001000099c       0x98 CMakeFiles/train.dir/_line.c.obj
                0x000000001000099c                _linereaction_function_1
 .text.new__line
                0x0000000010000a34       0xa8 CMakeFiles/train.dir/_line.c.obj
                0x0000000010000a34                new__line
 .text._displayreaction_function_1
                0x0000000010000adc       0xb4 CMakeFiles/train.dir/_display.c.obj
                0x0000000010000adc                _displayreaction_function_1
 .text._displayreaction_function_0
                0x0000000010000b90       0x2c CMakeFiles/train.dir/_display.c.obj
                0x0000000010000b90                _displayreaction_function_0
 .text.new__display
                0x0000000010000bbc      0x104 CMakeFiles/train.dir/_display.c.obj
                0x0000000010000bbc                new__display
 .text._robotreaction_function_0
                0x0000000010000cc0       0x5c CMakeFiles/train.dir/_robot.c.obj
                0x0000000010000cc0                _robotreaction_function_0
 .text._robotreaction_function_2
                0x0000000010000d1c       0x30 CMakeFiles/train.dir/_robot.c.obj
                0x0000000010000d1c                _robotreaction_function_2
 .text._robotreaction_function_4
                0x0000000010000d4c       0x54 CMakeFiles/train.dir/_robot.c.obj
                0x0000000010000d4c                _robotreaction_function_4
 .text._robotreaction_function_8
                0x0000000010000da0       0x60 CMakeFiles/train.dir/_robot.c.obj
                0x0000000010000da0                _robotreaction_function_8
 .text._robotreaction_function_3
                0x0000000010000e00       0x90 CMakeFiles/train.dir/_robot.c.obj
                0x0000000010000e00                _robotreaction_function_3
 .text._robotreaction_function_1
                0x0000000010000e90       0xac CMakeFiles/train.dir/_robot.c.obj
                0x0000000010000e90                _robotreaction_function_1
 .text._robotreaction_function_6
                0x0000000010000f3c       0x30 CMakeFiles/train.dir/_robot.c.obj
                0x0000000010000f3c                _robotreaction_function_6
 .text._robotreaction_function_7
                0x0000000010000f6c       0x90 CMakeFiles/train.dir/_robot.c.obj
                0x0000000010000f6c                _robotreaction_function_7
 .text._robotreaction_function_5
                0x0000000010000ffc       0x18 CMakeFiles/train.dir/_robot.c.obj
                0x0000000010000ffc                _robotreaction_function_5
 .text.new__robot
                0x0000000010001014      0x450 CMakeFiles/train.dir/_robot.c.obj
                0x0000000010001014                new__robot
 .text._motorswithfeedbackreaction_function_0
                0x0000000010001464        0x8 CMakeFiles/train.dir/_motorswithfeedback.c.obj
                0x0000000010001464                _motorswithfeedbackreaction_function_0
 .text._motorswithfeedbackreaction_function_1
                0x000000001000146c        0x8 CMakeFiles/train.dir/_motorswithfeedback.c.obj
                0x000000001000146c                _motorswithfeedbackreaction_function_1
 .text._motorswithfeedbackreaction_function_2
                0x0000000010001474      0x154 CMakeFiles/train.dir/_motorswithfeedback.c.obj
                0x0000000010001474                _motorswithfeedbackreaction_function_2
 .text.new__motorswithfeedback
                0x00000000100015c8      0x12c CMakeFiles/train.dir/_motorswithfeedback.c.obj
                0x00000000100015c8                new__motorswithfeedback
 .text._motorsreaction_function_1
                0x00000000100016f4       0x4c CMakeFiles/train.dir/_motors.c.obj
                0x00000000100016f4                _motorsreaction_function_1
 .text._motorsreaction_function_2
                0x0000000010001740       0x4c CMakeFiles/train.dir/_motors.c.obj
                0x0000000010001740                _motorsreaction_function_2
 .text._motorsreaction_function_0
                0x000000001000178c        0xc CMakeFiles/train.dir/_motors.c.obj
                0x000000001000178c                _motorsreaction_function_0
 .text.new__motors
                0x0000000010001798       0xe8 CMakeFiles/train.dir/_motors.c.obj
                0x0000000010001798                new__motors
 .text._picontrolreaction_function_0
                0x0000000010001880       0x5c CMakeFiles/train.dir/_picontrol.c.obj
                0x0000000010001880                _picontrolreaction_function_0
 .text.new__picontrol
                0x00000000100018dc       0x60 CMakeFiles/train.dir/_picontrol.c.obj
                0x00000000100018dc                new__picontrol
 .text._encodersreaction_function_1
                0x000000001000193c       0x8c CMakeFiles/train.dir/_encoders.c.obj
                0x000000001000193c                _encodersreaction_function_1
 .text._encodersreaction_function_0
                0x00000000100019c8      0x118 CMakeFiles/train.dir/_encoders.c.obj
                0x00000000100019c8                _encodersreaction_function_0
 .text.new__encoders
                0x0000000010001ae0       0xa4 CMakeFiles/train.dir/_encoders.c.obj
                0x0000000010001ae0                new__encoders
 .text._accelerometerreaction_function_1
                0x0000000010001b84       0x78 CMakeFiles/train.dir/_accelerometer.c.obj
                0x0000000010001b84                _accelerometerreaction_function_1
 .text._accelerometerreaction_function_0
                0x0000000010001bfc       0x20 CMakeFiles/train.dir/_accelerometer.c.obj
                0x0000000010001bfc                _accelerometerreaction_function_0
 .text.new__accelerometer
                0x0000000010001c1c       0xa4 CMakeFiles/train.dir/_accelerometer.c.obj
                0x0000000010001c1c                new__accelerometer
 .text.startup.main
                0x0000000010001cc0        0xc CMakeFiles/train.dir/train.c.obj
                0x0000000010001cc0                main
 .text._lf_set_default_command_line_options
                0x0000000010001ccc        0x4 CMakeFiles/train.dir/train.c.obj
                0x0000000010001ccc                _lf_set_default_command_line_options
 .text._lf_create_environments
                0x0000000010001cd0       0x34 CMakeFiles/train.dir/train.c.obj
                0x0000000010001cd0                _lf_create_environments
 .text._lf_get_environments
                0x0000000010001d04        0xc CMakeFiles/train.dir/train.c.obj
                0x0000000010001d04                _lf_get_environments
 .text._lf_initialize_trigger_objects
                0x0000000010001d10     0x15ec CMakeFiles/train.dir/train.c.obj
                0x0000000010001d10                _lf_initialize_trigger_objects
 .text.terminate_execution
                0x00000000100032fc        0x4 CMakeFiles/train.dir/train.c.obj
                0x00000000100032fc                terminate_execution
 .text.gpio_set_function
                0x0000000010003300       0x30 CMakeFiles/train.dir/home/foobar/pico-sdk/src/rp2_common/hardware_gpio/gpio.c.obj
                0x0000000010003300                gpio_set_function
 .text.gpio_set_pulls
                0x0000000010003330       0x30 CMakeFiles/train.dir/home/foobar/pico-sdk/src/rp2_common/hardware_gpio/gpio.c.obj
                0x0000000010003330                gpio_set_pulls
 .text.gpio_init
                0x0000000010003360       0x3c CMakeFiles/train.dir/home/foobar/pico-sdk/src/rp2_common/hardware_gpio/gpio.c.obj
                0x0000000010003360                gpio_init
 .text.running_on_fpga
                0x000000001000339c       0x10 CMakeFiles/train.dir/home/foobar/pico-sdk/src/rp2_common/pico_platform/platform.c.obj
                0x000000001000339c                running_on_fpga
 .text.hw_claim_lock
                0x00000000100033ac       0x18 CMakeFiles/train.dir/home/foobar/pico-sdk/src/rp2_common/hardware_claim/claim.c.obj
                0x00000000100033ac                hw_claim_lock
 .text.hw_claim_unlock
                0x00000000100033c4       0x14 CMakeFiles/train.dir/home/foobar/pico-sdk/src/rp2_common/hardware_claim/claim.c.obj
                0x00000000100033c4                hw_claim_unlock
 .text.hw_claim_or_assert
                0x00000000100033d8       0x44 CMakeFiles/train.dir/home/foobar/pico-sdk/src/rp2_common/hardware_claim/claim.c.obj
                0x00000000100033d8                hw_claim_or_assert
 .text.hw_claim_unused_from_range
                0x000000001000341c       0x9c CMakeFiles/train.dir/home/foobar/pico-sdk/src/rp2_common/hardware_claim/claim.c.obj
                0x000000001000341c                hw_claim_unused_from_range
 .text.spin_locks_reset
                0x00000000100034b8       0x1c CMakeFiles/train.dir/home/foobar/pico-sdk/src/rp2_common/hardware_sync/sync.c.obj
                0x00000000100034b8                spin_locks_reset
 .text.next_striped_spin_lock_num
                0x00000000100034d4       0x18 CMakeFiles/train.dir/home/foobar/pico-sdk/src/rp2_common/hardware_sync/sync.c.obj
                0x00000000100034d4                next_striped_spin_lock_num
 .text.spin_lock_claim_unused
                0x00000000100034ec       0x20 CMakeFiles/train.dir/home/foobar/pico-sdk/src/rp2_common/hardware_sync/sync.c.obj
                0x00000000100034ec                spin_lock_claim_unused
 .text.irq_set_enabled
                0x000000001000350c       0x24 CMakeFiles/train.dir/home/foobar/pico-sdk/src/rp2_common/hardware_irq/irq.c.obj
                0x000000001000350c                irq_set_enabled
 .text.irq_set_pending
                0x0000000010003530       0x10 CMakeFiles/train.dir/home/foobar/pico-sdk/src/rp2_common/hardware_irq/irq.c.obj
                0x0000000010003530                irq_set_pending
 .text.irq_has_shared_handler
                0x0000000010003540       0x2c CMakeFiles/train.dir/home/foobar/pico-sdk/src/rp2_common/hardware_irq/irq.c.obj
                0x0000000010003540                irq_has_shared_handler
 .text.irq_get_vtable_handler
                0x000000001000356c       0x10 CMakeFiles/train.dir/home/foobar/pico-sdk/src/rp2_common/hardware_irq/irq.c.obj
                0x000000001000356c                irq_get_vtable_handler
 .text.irq_set_exclusive_handler
                0x000000001000357c       0x54 CMakeFiles/train.dir/home/foobar/pico-sdk/src/rp2_common/hardware_irq/irq.c.obj
                0x000000001000357c                irq_set_exclusive_handler
 .text.irq_add_shared_handler
                0x00000000100035d0      0x1e8 CMakeFiles/train.dir/home/foobar/pico-sdk/src/rp2_common/hardware_irq/irq.c.obj
                0x00000000100035d0                irq_add_shared_handler
 .text.irq_remove_handler
                0x00000000100037b8      0x1b0 CMakeFiles/train.dir/home/foobar/pico-sdk/src/rp2_common/hardware_irq/irq.c.obj
                0x00000000100037b8                irq_remove_handler
 .text.irq_add_tail_to_free_list
                0x0000000010003968       0xb4 CMakeFiles/train.dir/home/foobar/pico-sdk/src/rp2_common/hardware_irq/irq.c.obj
                0x0000000010003968                irq_add_tail_to_free_list
 .text.irq_init_priorities
                0x0000000010003a1c       0x24 CMakeFiles/train.dir/home/foobar/pico-sdk/src/rp2_common/hardware_irq/irq.c.obj
                0x0000000010003a1c                irq_init_priorities
 .text.user_irq_claim_unused
                0x0000000010003a40       0x28 CMakeFiles/train.dir/home/foobar/pico-sdk/src/rp2_common/hardware_irq/irq.c.obj
                0x0000000010003a40                user_irq_claim_unused
 .text.sem_init
                0x0000000010003a68       0x20 CMakeFiles/train.dir/home/foobar/pico-sdk/src/common/pico_sync/sem.c.obj
                0x0000000010003a68                sem_init
 .text.lock_init
                0x0000000010003a88       0x10 CMakeFiles/train.dir/home/foobar/pico-sdk/src/common/pico_sync/lock_core.c.obj
                0x0000000010003a88                lock_init
 .text.mutex_init
                0x0000000010003a98       0x1c CMakeFiles/train.dir/home/foobar/pico-sdk/src/common/pico_sync/mutex.c.obj
                0x0000000010003a98                mutex_init
 .text.recursive_mutex_init
                0x0000000010003ab4       0x1c CMakeFiles/train.dir/home/foobar/pico-sdk/src/common/pico_sync/mutex.c.obj
                0x0000000010003ab4                recursive_mutex_init
 .text.critical_section_init
                0x0000000010003ad0       0x20 CMakeFiles/train.dir/home/foobar/pico-sdk/src/common/pico_sync/critical_section.c.obj
                0x0000000010003ad0                critical_section_init
 .text.critical_section_init_with_lock_num
                0x0000000010003af0       0x14 CMakeFiles/train.dir/home/foobar/pico-sdk/src/common/pico_sync/critical_section.c.obj
                0x0000000010003af0                critical_section_init_with_lock_num
 .text.timer_pool_entry_comparator
                0x0000000010003b04       0x34 CMakeFiles/train.dir/home/foobar/pico-sdk/src/common/pico_time/time.c.obj
                0x0000000010003b04                timer_pool_entry_comparator
 .text.sleep_until_callback
                0x0000000010003b38       0x30 CMakeFiles/train.dir/home/foobar/pico-sdk/src/common/pico_time/time.c.obj
 .text.add_alarm_under_lock.isra.0
                0x0000000010003b68      0x100 CMakeFiles/train.dir/home/foobar/pico-sdk/src/common/pico_time/time.c.obj
 .text.alarm_pool_alarm_callback
                0x0000000010003c68      0x1bc CMakeFiles/train.dir/home/foobar/pico-sdk/src/common/pico_time/time.c.obj
 .text.alarm_pool_init_default
                0x0000000010003e24       0x6c CMakeFiles/train.dir/home/foobar/pico-sdk/src/common/pico_time/time.c.obj
                0x0000000010003e24                alarm_pool_init_default
 .text.alarm_pool_get_default
                0x0000000010003e90        0x8 CMakeFiles/train.dir/home/foobar/pico-sdk/src/common/pico_time/time.c.obj
                0x0000000010003e90                alarm_pool_get_default
 .text.alarm_pool_add_alarm_at
                0x0000000010003e98      0x178 CMakeFiles/train.dir/home/foobar/pico-sdk/src/common/pico_time/time.c.obj
                0x0000000010003e98                alarm_pool_add_alarm_at
 .text.alarm_pool_core_num
                0x0000000010004010        0x4 CMakeFiles/train.dir/home/foobar/pico-sdk/src/common/pico_time/time.c.obj
                0x0000000010004010                alarm_pool_core_num
 .text.sleep_until
                0x0000000010004014       0xc4 CMakeFiles/train.dir/home/foobar/pico-sdk/src/common/pico_time/time.c.obj
                0x0000000010004014                sleep_until
 .text.sleep_us
                0x00000000100040d8       0x24 CMakeFiles/train.dir/home/foobar/pico-sdk/src/common/pico_time/time.c.obj
                0x00000000100040d8                sleep_us
 .text.best_effort_wfe_or_timeout
                0x00000000100040fc       0xd4 CMakeFiles/train.dir/home/foobar/pico-sdk/src/common/pico_time/time.c.obj
                0x00000000100040fc                best_effort_wfe_or_timeout
 .text.hardware_alarm_irq_handler
                0x00000000100041d0       0xbc CMakeFiles/train.dir/home/foobar/pico-sdk/src/rp2_common/hardware_timer/timer.c.obj
 .text.hardware_alarm_claim
                0x000000001000428c       0x18 CMakeFiles/train.dir/home/foobar/pico-sdk/src/rp2_common/hardware_timer/timer.c.obj
                0x000000001000428c                hardware_alarm_claim
 .text.time_us_64
                0x00000000100042a4       0x14 CMakeFiles/train.dir/home/foobar/pico-sdk/src/rp2_common/hardware_timer/timer.c.obj
                0x00000000100042a4                time_us_64
 .text.busy_wait_us
                0x00000000100042b8       0x54 CMakeFiles/train.dir/home/foobar/pico-sdk/src/rp2_common/hardware_timer/timer.c.obj
                0x00000000100042b8                busy_wait_us
 .text.busy_wait_until
                0x000000001000430c       0x20 CMakeFiles/train.dir/home/foobar/pico-sdk/src/rp2_common/hardware_timer/timer.c.obj
                0x000000001000430c                busy_wait_until
 .text.hardware_alarm_set_callback
                0x000000001000432c       0x8c CMakeFiles/train.dir/home/foobar/pico-sdk/src/rp2_common/hardware_timer/timer.c.obj
                0x000000001000432c                hardware_alarm_set_callback
 .text.hardware_alarm_set_target
                0x00000000100043b8       0xd4 CMakeFiles/train.dir/home/foobar/pico-sdk/src/rp2_common/hardware_timer/timer.c.obj
                0x00000000100043b8                hardware_alarm_set_target
 .text.hardware_alarm_cancel
                0x000000001000448c       0x3c CMakeFiles/train.dir/home/foobar/pico-sdk/src/rp2_common/hardware_timer/timer.c.obj
                0x000000001000448c                hardware_alarm_cancel
 .text.ph_merge_nodes
                0x00000000100044c8       0x68 CMakeFiles/train.dir/home/foobar/pico-sdk/src/common/pico_util/pheap.c.obj
 .text.ph_post_alloc_init
                0x0000000010004530       0x3c CMakeFiles/train.dir/home/foobar/pico-sdk/src/common/pico_util/pheap.c.obj
                0x0000000010004530                ph_post_alloc_init
 .text.ph_merge_two_pass
                0x000000001000456c       0x90 CMakeFiles/train.dir/home/foobar/pico-sdk/src/common/pico_util/pheap.c.obj
                0x000000001000456c                ph_merge_two_pass
 .text.ph_remove_any_head
                0x00000000100045fc      0x100 CMakeFiles/train.dir/home/foobar/pico-sdk/src/common/pico_util/pheap.c.obj
 .text.ph_remove_head
                0x00000000100046fc      0x104 CMakeFiles/train.dir/home/foobar/pico-sdk/src/common/pico_util/pheap.c.obj
                0x00000000100046fc                ph_remove_head
 .text.ph_remove_and_free_node
                0x0000000010004800       0x7c CMakeFiles/train.dir/home/foobar/pico-sdk/src/common/pico_util/pheap.c.obj
                0x0000000010004800                ph_remove_and_free_node
 .text.clocks_init
                0x000000001000487c      0x2d0 CMakeFiles/train.dir/home/foobar/pico-sdk/src/rp2_common/hardware_clocks/clocks.c.obj
                0x000000001000487c                clocks_init
 .text.clock_get_hz
                0x0000000010004b4c        0xc CMakeFiles/train.dir/home/foobar/pico-sdk/src/rp2_common/hardware_clocks/clocks.c.obj
                0x0000000010004b4c                clock_get_hz
 .text.pll_init
                0x0000000010004b58       0xa0 CMakeFiles/train.dir/home/foobar/pico-sdk/src/rp2_common/hardware_pll/pll.c.obj
                0x0000000010004b58                pll_init
 .text.watchdog_start_tick
                0x0000000010004bf8       0x10 CMakeFiles/train.dir/home/foobar/pico-sdk/src/rp2_common/hardware_watchdog/watchdog.c.obj
                0x0000000010004bf8                watchdog_start_tick
 .text.watchdog_reboot
                0x0000000010004c08       0x98 CMakeFiles/train.dir/home/foobar/pico-sdk/src/rp2_common/hardware_watchdog/watchdog.c.obj
                0x0000000010004c08                watchdog_reboot
 .text.xosc_init
                0x0000000010004ca0       0x28 CMakeFiles/train.dir/home/foobar/pico-sdk/src/rp2_common/hardware_xosc/xosc.c.obj
                0x0000000010004ca0                xosc_init
 .text.runtime_init
                0x0000000010004cc8       0xf0 CMakeFiles/train.dir/home/foobar/pico-sdk/src/rp2_common/pico_runtime/runtime.c.obj
                0x0000000010004cc8                runtime_init
 .text._exit    0x0000000010004db8        0x4 CMakeFiles/train.dir/home/foobar/pico-sdk/src/rp2_common/pico_runtime/runtime.c.obj
                0x0000000010004db8                _exit
 .text._sbrk    0x0000000010004dbc       0x34 CMakeFiles/train.dir/home/foobar/pico-sdk/src/rp2_common/pico_runtime/runtime.c.obj
                0x0000000010004dbc                _sbrk
 .text.exit     0x0000000010004df0        0x8 CMakeFiles/train.dir/home/foobar/pico-sdk/src/rp2_common/pico_runtime/runtime.c.obj
                0x0000000010004df0                exit
 .text.__assert_func
                0x0000000010004df8       0x34 CMakeFiles/train.dir/home/foobar/pico-sdk/src/rp2_common/pico_runtime/runtime.c.obj
                0x0000000010004df8                __assert_func
 .text.panic    0x0000000010004e2c       0x30 CMakeFiles/train.dir/home/foobar/pico-sdk/src/rp2_common/pico_runtime/runtime.c.obj
                0x0000000010004e2c                panic
 .text.hard_assertion_failure
                0x0000000010004e5c        0xc CMakeFiles/train.dir/home/foobar/pico-sdk/src/rp2_common/pico_runtime/runtime.c.obj
                0x0000000010004e5c                hard_assertion_failure
 .text._out_buffer
                0x0000000010004e68        0x8 CMakeFiles/train.dir/home/foobar/pico-sdk/src/rp2_common/pico_printf/printf.c.obj
 .text._out_null
                0x0000000010004e70        0x4 CMakeFiles/train.dir/home/foobar/pico-sdk/src/rp2_common/pico_printf/printf.c.obj
 .text._out_rev
                0x0000000010004e74       0x9c CMakeFiles/train.dir/home/foobar/pico-sdk/src/rp2_common/pico_printf/printf.c.obj
 .text._ntoa_format
                0x0000000010004f10      0x1cc CMakeFiles/train.dir/home/foobar/pico-sdk/src/rp2_common/pico_printf/printf.c.obj
 .text._out_char
                0x00000000100050dc       0x10 CMakeFiles/train.dir/home/foobar/pico-sdk/src/rp2_common/pico_printf/printf.c.obj
 .text._out_fct
                0x00000000100050ec       0x10 CMakeFiles/train.dir/home/foobar/pico-sdk/src/rp2_common/pico_printf/printf.c.obj
 .text._etoa    0x00000000100050fc      0x44c CMakeFiles/train.dir/home/foobar/pico-sdk/src/rp2_common/pico_printf/printf.c.obj
 .text._ftoa    0x0000000010005548      0x398 CMakeFiles/train.dir/home/foobar/pico-sdk/src/rp2_common/pico_printf/printf.c.obj
 .text._vsnprintf
                0x00000000100058e0      0xb04 CMakeFiles/train.dir/home/foobar/pico-sdk/src/rp2_common/pico_printf/printf.c.obj
 .text.__wrap_snprintf
                0x00000000100063e4       0x28 CMakeFiles/train.dir/home/foobar/pico-sdk/src/rp2_common/pico_printf/printf.c.obj
                0x00000000100063e4                __wrap_snprintf
 .text.vfctprintf
                0x000000001000640c       0x20 CMakeFiles/train.dir/home/foobar/pico-sdk/src/rp2_common/pico_printf/printf.c.obj
                0x000000001000640c                vfctprintf
 .text.weak_raw_printf
                0x000000001000642c       0x40 CMakeFiles/train.dir/home/foobar/pico-sdk/src/rp2_common/pico_printf/printf.c.obj
                0x000000001000642c                weak_raw_printf
 .text.weak_raw_vprintf
                0x000000001000646c       0x30 CMakeFiles/train.dir/home/foobar/pico-sdk/src/rp2_common/pico_printf/printf.c.obj
                0x000000001000646c                weak_raw_vprintf
 .text          0x000000001000649c       0x10 CMakeFiles/train.dir/home/foobar/pico-sdk/src/rp2_common/pico_bit_ops/bit_ops_aeabi.S.obj
 .text.ctzsi    0x00000000100064ac        0xc CMakeFiles/train.dir/home/foobar/pico-sdk/src/rp2_common/pico_bit_ops/bit_ops_aeabi.S.obj
                0x00000000100064ac                __wrap___ctzsi2
 .text.rom_func_lookup
                0x00000000100064b8       0x10 CMakeFiles/train.dir/home/foobar/pico-sdk/src/rp2_common/pico_bootrom/bootrom.c.obj
                0x00000000100064b8                rom_func_lookup
 .text.rom_data_lookup
                0x00000000100064c8       0x10 CMakeFiles/train.dir/home/foobar/pico-sdk/src/rp2_common/pico_bootrom/bootrom.c.obj
                0x00000000100064c8                rom_data_lookup
 .text.rom_funcs_lookup
                0x00000000100064d8       0x44 CMakeFiles/train.dir/home/foobar/pico-sdk/src/rp2_common/pico_bootrom/bootrom.c.obj
                0x00000000100064d8                rom_funcs_lookup
 .text.__wrap___aeabi_idiv
                0x000000001000651c       0x50 CMakeFiles/train.dir/home/foobar/pico-sdk/src/rp2_common/pico_divider/divider.S.obj
                0x000000001000651c                __wrap___aeabi_idivmod
                0x000000001000651c                divmod_s32s32
                0x000000001000651c                div_s32s32
                0x000000001000651c                __wrap___aeabi_idiv
                0x0000000010006524                divmod_s32s32_unsafe
                0x0000000010006550                divmod_s32s32_savestate
 .text.__wrap___aeabi_uidiv
                0x000000001000656c       0x4c CMakeFiles/train.dir/home/foobar/pico-sdk/src/rp2_common/pico_divider/divider.S.obj
                0x000000001000656c                __wrap___aeabi_uidiv
                0x000000001000656c                __wrap___aeabi_uidivmod
                0x000000001000656c                div_u32u32
                0x000000001000656c                divmod_u32u32
                0x0000000010006574                divmod_u32u32_unsafe
                0x000000001000659c                divmod_u32u32_savestate
 .text.__wrap___aeabi_ldiv
                0x00000000100065b8      0x424 CMakeFiles/train.dir/home/foobar/pico-sdk/src/rp2_common/pico_divider/divider.S.obj
                0x00000000100065b8                div_s64s64
                0x00000000100065b8                divmod_s64s64
                0x00000000100065b8                __wrap___aeabi_ldivmod
                0x00000000100065e8                div_u64u64
                0x00000000100065e8                divmod_u64u64
                0x00000000100065e8                __wrap___aeabi_uldivmod
                0x00000000100065f8                divmod_u64u64_savestate
                0x0000000010006618                divmod_s64s64_unsafe
                0x00000000100066a0                divmod_u64u64_unsafe
 .text.__wrap___aeabi_darithmetic
                0x00000000100069dc       0x60 CMakeFiles/train.dir/home/foobar/pico-sdk/src/rp2_common/pico_double/double_aeabi.S.obj
                0x00000000100069dc                __wrap___aeabi_drsub
                0x00000000100069e2                __wrap___aeabi_dsub
                0x00000000100069ec                __wrap___aeabi_dadd
                0x00000000100069f6                __wrap___aeabi_ddiv
                0x0000000010006a2a                __wrap___aeabi_dmul
 .text.__wrap___aeabi_cdcmple
                0x0000000010006a3c       0x6c CMakeFiles/train.dir/home/foobar/pico-sdk/src/rp2_common/pico_double/double_aeabi.S.obj
                0x0000000010006a3c                __wrap___aeabi_cdrcmple
                0x0000000010006a4c                __wrap___aeabi_cdcmple
                0x0000000010006a4c                __wrap___aeabi_cdcmpeq
 .text.__wrap___aeabi_dcmpeq
                0x0000000010006aa8       0x10 CMakeFiles/train.dir/home/foobar/pico-sdk/src/rp2_common/pico_double/double_aeabi.S.obj
                0x0000000010006aa8                __wrap___aeabi_dcmpeq
 .text.__wrap___aeabi_dcmplt
                0x0000000010006ab8        0xc CMakeFiles/train.dir/home/foobar/pico-sdk/src/rp2_common/pico_double/double_aeabi.S.obj
                0x0000000010006ab8                __wrap___aeabi_dcmplt
 .text.__wrap___aeabi_dcmple
                0x0000000010006ac4       0x10 CMakeFiles/train.dir/home/foobar/pico-sdk/src/rp2_common/pico_double/double_aeabi.S.obj
                0x0000000010006ac4                __wrap___aeabi_dcmple
 .text.__wrap___aeabi_dcmpge
                0x0000000010006ad4       0x10 CMakeFiles/train.dir/home/foobar/pico-sdk/src/rp2_common/pico_double/double_aeabi.S.obj
                0x0000000010006ad4                __wrap___aeabi_dcmpge
 .text.__wrap___aeabi_dcmpgt
                0x0000000010006ae4        0xa CMakeFiles/train.dir/home/foobar/pico-sdk/src/rp2_common/pico_double/double_aeabi.S.obj
                0x0000000010006ae4                __wrap___aeabi_dcmpgt
 .text.__wrap___aeabi_dcmpun
                0x0000000010006aee       0x1c CMakeFiles/train.dir/home/foobar/pico-sdk/src/rp2_common/pico_double/double_aeabi.S.obj
                0x0000000010006aee                __wrap___aeabi_dcmpun
 *fill*         0x0000000010006b0a        0x2 
 .text.__wrap___aeabi_i2d
                0x0000000010006b0c       0x38 CMakeFiles/train.dir/home/foobar/pico-sdk/src/rp2_common/pico_double/double_aeabi.S.obj
                0x0000000010006b0c                __wrap___aeabi_ui2d
                0x0000000010006b14                __wrap___aeabi_i2d
 .text.__wrap___aeabi_d2iz
                0x0000000010006b44       0x48 CMakeFiles/train.dir/home/foobar/pico-sdk/src/rp2_common/pico_double/double_aeabi.S.obj
                0x0000000010006b44                __wrap___aeabi_d2iz
                0x0000000010006b44                double2int_z
 .text.__wrap___aeabi_d2uiz
                0x0000000010006b8c       0x10 CMakeFiles/train.dir/home/foobar/pico-sdk/src/rp2_common/pico_double/double_aeabi.S.obj
                0x0000000010006b8c                double2uint
                0x0000000010006b8c                __wrap___aeabi_d2uiz
 .text.__wrap___aeabi_l2d
                0x0000000010006b9c       0x10 CMakeFiles/train.dir/home/foobar/pico-sdk/src/rp2_common/pico_double/double_aeabi.S.obj
                0x0000000010006b9c                __wrap___aeabi_l2d
 .text.__wrap___aeabi_d2f
                0x0000000010006bac       0x10 CMakeFiles/train.dir/home/foobar/pico-sdk/src/rp2_common/pico_double/double_aeabi.S.obj
                0x0000000010006bac                __wrap___aeabi_d2f
 .text.missing_double_func_shim
                0x0000000010006bbc        0xc CMakeFiles/train.dir/home/foobar/pico-sdk/src/rp2_common/pico_double/double_init_rom.c.obj
 .text.__aeabi_double_init
                0x0000000010006bc8       0x98 CMakeFiles/train.dir/home/foobar/pico-sdk/src/rp2_common/pico_double/double_init_rom.c.obj
                0x0000000010006bc8                __aeabi_double_init
 .text.double_table_shim_on_use_helper
                0x0000000010006c60       0x2c CMakeFiles/train.dir/home/foobar/pico-sdk/src/rp2_common/pico_double/double_v1_rom_shim.S.obj
                0x0000000010006c60                double_table_shim_on_use_helper
 .text.__aeabi_lmul
                0x0000000010006c8c       0x32 CMakeFiles/train.dir/home/foobar/pico-sdk/src/rp2_common/pico_int64_ops/pico_int64_ops_aeabi.S.obj
                0x0000000010006c8c                __wrap___aeabi_lmul
 *fill*         0x0000000010006cbe        0x2 
 .text.__wrap___aeabi_farithmetic
                0x0000000010006cc0       0x48 CMakeFiles/train.dir/home/foobar/pico-sdk/src/rp2_common/pico_float/float_aeabi.S.obj
                0x0000000010006cc0                __wrap___aeabi_frsub
                0x0000000010006cc6                __wrap___aeabi_fsub
                0x0000000010006ccc                __wrap___aeabi_fadd
                0x0000000010006cd2                __wrap___aeabi_fdiv
                0x0000000010006cfa                __wrap___aeabi_fmul
 .text.__wrap___aeabi_cfcmple
                0x0000000010006d08       0x50 CMakeFiles/train.dir/home/foobar/pico-sdk/src/rp2_common/pico_float/float_aeabi.S.obj
                0x0000000010006d08                __wrap___aeabi_cfrcmple
                0x0000000010006d14                __wrap___aeabi_cfcmpeq
                0x0000000010006d14                __wrap___aeabi_cfcmple
 .text.__wrap___aeabi_fcmpge
                0x0000000010006d58       0x10 CMakeFiles/train.dir/home/foobar/pico-sdk/src/rp2_common/pico_float/float_aeabi.S.obj
                0x0000000010006d58                __wrap___aeabi_fcmpge
 .text.__wrap___aeabi_fcmpgt
                0x0000000010006d68        0xa CMakeFiles/train.dir/home/foobar/pico-sdk/src/rp2_common/pico_float/float_aeabi.S.obj
                0x0000000010006d68                __wrap___aeabi_fcmpgt
 .text.__wrap___aeabi_ui2f
                0x0000000010006d72        0xa CMakeFiles/train.dir/home/foobar/pico-sdk/src/rp2_common/pico_float/float_aeabi.S.obj
                0x0000000010006d72                __wrap___aeabi_ui2f
 .text.__wrap___aeabi_i2f
                0x0000000010006d7c       0x44 CMakeFiles/train.dir/home/foobar/pico-sdk/src/rp2_common/pico_float/float_aeabi.S.obj
                0x0000000010006d7c                __wrap___aeabi_i2f
 .text.__wrap___aeabi_f2uiz
                0x0000000010006dc0        0xc CMakeFiles/train.dir/home/foobar/pico-sdk/src/rp2_common/pico_float/float_aeabi.S.obj
                0x0000000010006dc0                __wrap___aeabi_f2uiz
 .text.__wrap___aeabi_l2f
                0x0000000010006dcc       0x18 CMakeFiles/train.dir/home/foobar/pico-sdk/src/rp2_common/pico_float/float_aeabi.S.obj
                0x0000000010006dd0                __wrap___aeabi_l2f
 .text.__wrap___aeabi_f2d
                0x0000000010006de4        0xc CMakeFiles/train.dir/home/foobar/pico-sdk/src/rp2_common/pico_float/float_aeabi.S.obj
                0x0000000010006de4                __wrap___aeabi_f2d
 .text.missing_float_func_shim
                0x0000000010006df0        0xc CMakeFiles/train.dir/home/foobar/pico-sdk/src/rp2_common/pico_float/float_init_rom.c.obj
 .text.__aeabi_float_init
                0x0000000010006dfc       0x5c CMakeFiles/train.dir/home/foobar/pico-sdk/src/rp2_common/pico_float/float_init_rom.c.obj
                0x0000000010006dfc                __aeabi_float_init
 .text.__wrap_malloc
                0x0000000010006e58       0x3c CMakeFiles/train.dir/home/foobar/pico-sdk/src/rp2_common/pico_malloc/pico_malloc.c.obj
                0x0000000010006e58                __wrap_malloc
 .text.__wrap_calloc
                0x0000000010006e94       0x40 CMakeFiles/train.dir/home/foobar/pico-sdk/src/rp2_common/pico_malloc/pico_malloc.c.obj
                0x0000000010006e94                __wrap_calloc
 .text.__wrap_realloc
                0x0000000010006ed4       0x40 CMakeFiles/train.dir/home/foobar/pico-sdk/src/rp2_common/pico_malloc/pico_malloc.c.obj
                0x0000000010006ed4                __wrap_realloc
 .text.__wrap_free
                0x0000000010006f14       0x20 CMakeFiles/train.dir/home/foobar/pico-sdk/src/rp2_common/pico_malloc/pico_malloc.c.obj
                0x0000000010006f14                __wrap_free
 .text          0x0000000010006f34       0x10 CMakeFiles/train.dir/home/foobar/pico-sdk/src/rp2_common/pico_mem_ops/mem_ops_aeabi.S.obj
                0x0000000010006f34                __aeabi_mem_init
 .text.memset   0x0000000010006f44        0xc CMakeFiles/train.dir/home/foobar/pico-sdk/src/rp2_common/pico_mem_ops/mem_ops_aeabi.S.obj
                0x0000000010006f44                __wrap_memset
 .text.memcpy   0x0000000010006f50        0xc CMakeFiles/train.dir/home/foobar/pico-sdk/src/rp2_common/pico_mem_ops/mem_ops_aeabi.S.obj
                0x0000000010006f50                __wrap___aeabi_memcpy
                0x0000000010006f50                __wrap_memcpy
 .text.stdio_out_chars_no_crlf
                0x0000000010006f5c       0x10 CMakeFiles/train.dir/home/foobar/pico-sdk/src/rp2_common/pico_stdio/stdio.c.obj
 .text.stdio_out_chars_crlf
                0x0000000010006f6c       0xb4 CMakeFiles/train.dir/home/foobar/pico-sdk/src/rp2_common/pico_stdio/stdio.c.obj
 .text.stdio_buffered_printer
                0x0000000010007020       0x64 CMakeFiles/train.dir/home/foobar/pico-sdk/src/rp2_common/pico_stdio/stdio.c.obj
 .text.stdio_put_string.isra.0
                0x0000000010007084       0xfc CMakeFiles/train.dir/home/foobar/pico-sdk/src/rp2_common/pico_stdio/stdio.c.obj
 .text.__wrap_putchar
                0x0000000010007180       0x98 CMakeFiles/train.dir/home/foobar/pico-sdk/src/rp2_common/pico_stdio/stdio.c.obj
                0x0000000010007180                __wrap_putchar
 .text.__wrap_puts
                0x0000000010007218       0x3c CMakeFiles/train.dir/home/foobar/pico-sdk/src/rp2_common/pico_stdio/stdio.c.obj
                0x0000000010007218                __wrap_puts
 .text._read    0x0000000010007254       0x94 CMakeFiles/train.dir/home/foobar/pico-sdk/src/rp2_common/pico_stdio/stdio.c.obj
                0x0000000010007254                _read
 .text._write   0x00000000100072e8       0xac CMakeFiles/train.dir/home/foobar/pico-sdk/src/rp2_common/pico_stdio/stdio.c.obj
                0x00000000100072e8                _write
 .text._close   0x0000000010007394        0x8 CMakeFiles/train.dir/home/foobar/pico-sdk/src/rp2_common/pico_stdio/stdio.c.obj
                0x0000000010007394                _close
 .text._lseek   0x000000001000739c        0x8 CMakeFiles/train.dir/home/foobar/pico-sdk/src/rp2_common/pico_stdio/stdio.c.obj
                0x000000001000739c                _lseek
 .text._fstat   0x00000000100073a4        0x8 CMakeFiles/train.dir/home/foobar/pico-sdk/src/rp2_common/pico_stdio/stdio.c.obj
                0x00000000100073a4                _fstat
 .text._isatty  0x00000000100073ac        0xc CMakeFiles/train.dir/home/foobar/pico-sdk/src/rp2_common/pico_stdio/stdio.c.obj
                0x00000000100073ac                _isatty
 .text.stdio_set_driver_enabled
                0x00000000100073b8       0x30 CMakeFiles/train.dir/home/foobar/pico-sdk/src/rp2_common/pico_stdio/stdio.c.obj
                0x00000000100073b8                stdio_set_driver_enabled
 .text.__wrap_vprintf
                0x00000000100073e8       0xd8 CMakeFiles/train.dir/home/foobar/pico-sdk/src/rp2_common/pico_stdio/stdio.c.obj
                0x00000000100073e8                __wrap_vprintf
 .text.__wrap_printf
                0x00000000100074c0       0x18 CMakeFiles/train.dir/home/foobar/pico-sdk/src/rp2_common/pico_stdio/stdio.c.obj
                0x00000000100074c0                __wrap_printf
 .text.stdio_init_all
                0x00000000100074d8       0x10 CMakeFiles/train.dir/home/foobar/pico-sdk/src/rp2_common/pico_stdio/stdio.c.obj
                0x00000000100074d8                stdio_init_all
 .text.stdio_uart_init
                0x00000000100074e8        0x4 CMakeFiles/train.dir/home/foobar/pico-sdk/src/rp2_common/pico_stdio_uart/stdio_uart.c.obj
                0x00000000100074e8                stdio_uart_init
 .text.resetd_init
                0x00000000100074ec        0x4 CMakeFiles/train.dir/home/foobar/pico-sdk/src/rp2_common/pico_stdio_usb/reset_interface.c.obj
 .text.resetd_reset
                0x00000000100074f0        0xc CMakeFiles/train.dir/home/foobar/pico-sdk/src/rp2_common/pico_stdio_usb/reset_interface.c.obj
 .text.resetd_open
                0x00000000100074fc       0x28 CMakeFiles/train.dir/home/foobar/pico-sdk/src/rp2_common/pico_stdio_usb/reset_interface.c.obj
 .text.resetd_xfer_cb
                0x0000000010007524        0x4 CMakeFiles/train.dir/home/foobar/pico-sdk/src/rp2_common/pico_stdio_usb/reset_interface.c.obj
 .text.resetd_control_xfer_cb
                0x0000000010007528       0x64 CMakeFiles/train.dir/home/foobar/pico-sdk/src/rp2_common/pico_stdio_usb/reset_interface.c.obj
 .text.usbd_app_driver_get_cb
                0x000000001000758c        0xc CMakeFiles/train.dir/home/foobar/pico-sdk/src/rp2_common/pico_stdio_usb/reset_interface.c.obj
                0x000000001000758c                usbd_app_driver_get_cb
 .text.tud_cdc_line_coding_cb
                0x0000000010007598       0x34 CMakeFiles/train.dir/home/foobar/pico-sdk/src/rp2_common/pico_stdio_usb/reset_interface.c.obj
                0x0000000010007598                tud_cdc_line_coding_cb
 .text.stdio_usb_set_chars_available_callback
                0x00000000100075cc       0x14 CMakeFiles/train.dir/home/foobar/pico-sdk/src/rp2_common/pico_stdio_usb/stdio_usb.c.obj
                0x00000000100075cc                stdio_usb_set_chars_available_callback
 .text.usb_irq  0x00000000100075e0       0x10 CMakeFiles/train.dir/home/foobar/pico-sdk/src/rp2_common/pico_stdio_usb/stdio_usb.c.obj
 .text.timer_task
                0x00000000100075f0       0x54 CMakeFiles/train.dir/home/foobar/pico-sdk/src/rp2_common/pico_stdio_usb/stdio_usb.c.obj
 .text.stdio_usb_in_chars
                0x0000000010007644       0x90 CMakeFiles/train.dir/home/foobar/pico-sdk/src/rp2_common/pico_stdio_usb/stdio_usb.c.obj
                0x0000000010007644                stdio_usb_in_chars
 .text.stdio_usb_out_chars
                0x00000000100076d4      0x100 CMakeFiles/train.dir/home/foobar/pico-sdk/src/rp2_common/pico_stdio_usb/stdio_usb.c.obj
 .text.low_priority_worker_irq
                0x00000000100077d4       0xa8 CMakeFiles/train.dir/home/foobar/pico-sdk/src/rp2_common/pico_stdio_usb/stdio_usb.c.obj
 .text.tud_cdc_rx_cb
                0x000000001000787c       0x20 CMakeFiles/train.dir/home/foobar/pico-sdk/src/rp2_common/pico_stdio_usb/stdio_usb.c.obj
                0x000000001000787c                tud_cdc_rx_cb
 .text.stdio_usb_init
                0x000000001000789c       0xdc CMakeFiles/train.dir/home/foobar/pico-sdk/src/rp2_common/pico_stdio_usb/stdio_usb.c.obj
                0x000000001000789c                stdio_usb_init
 .text.tud_descriptor_device_cb
                0x0000000010007978        0x8 CMakeFiles/train.dir/home/foobar/pico-sdk/src/rp2_common/pico_stdio_usb/stdio_usb_descriptors.c.obj
                0x0000000010007978                tud_descriptor_device_cb
 .text.tud_descriptor_configuration_cb
                0x0000000010007980        0x8 CMakeFiles/train.dir/home/foobar/pico-sdk/src/rp2_common/pico_stdio_usb/stdio_usb_descriptors.c.obj
                0x0000000010007980                tud_descriptor_configuration_cb
 .text.tud_descriptor_string_cb
                0x0000000010007988       0x74 CMakeFiles/train.dir/home/foobar/pico-sdk/src/rp2_common/pico_stdio_usb/stdio_usb_descriptors.c.obj
                0x0000000010007988                tud_descriptor_string_cb
 .text.startup._retrieve_unique_id_on_boot
                0x00000000100079fc       0x10 CMakeFiles/train.dir/home/foobar/pico-sdk/src/rp2_common/pico_unique_id/unique_id.c.obj
 .text.pico_get_unique_board_id_string
                0x0000000010007a0c      0x1a8 CMakeFiles/train.dir/home/foobar/pico-sdk/src/rp2_common/pico_unique_id/unique_id.c.obj
                0x0000000010007a0c                pico_get_unique_board_id_string
 .text.flash_get_unique_id
                0x0000000010007bb4       0x40 CMakeFiles/train.dir/home/foobar/pico-sdk/src/rp2_common/hardware_flash/flash.c.obj
                0x0000000010007bb4                flash_get_unique_id
 .text.dcd_int_enable
                0x0000000010007bf4        0xc CMakeFiles/train.dir/home/foobar/pico-sdk/lib/tinyusb/src/portable/raspberrypi/rp2040/dcd_rp2040.c.obj
                0x0000000010007bf4                dcd_int_enable
 .text.dcd_set_address
                0x0000000010007c00       0x14 CMakeFiles/train.dir/home/foobar/pico-sdk/lib/tinyusb/src/portable/raspberrypi/rp2040/dcd_rp2040.c.obj
                0x0000000010007c00                dcd_set_address
 .text.dcd_connect
                0x0000000010007c14       0x10 CMakeFiles/train.dir/home/foobar/pico-sdk/lib/tinyusb/src/portable/raspberrypi/rp2040/dcd_rp2040.c.obj
                0x0000000010007c14                dcd_connect
 .text.dcd_init
                0x0000000010007c24       0x98 CMakeFiles/train.dir/home/foobar/pico-sdk/lib/tinyusb/src/portable/raspberrypi/rp2040/dcd_rp2040.c.obj
                0x0000000010007c24                dcd_init
 .text.dcd_edpt0_status_complete
                0x0000000010007cbc       0x1c CMakeFiles/train.dir/home/foobar/pico-sdk/lib/tinyusb/src/portable/raspberrypi/rp2040/dcd_rp2040.c.obj
                0x0000000010007cbc                dcd_edpt0_status_complete
 .text.dcd_edpt_open
                0x0000000010007cd8      0x108 CMakeFiles/train.dir/home/foobar/pico-sdk/lib/tinyusb/src/portable/raspberrypi/rp2040/dcd_rp2040.c.obj
                0x0000000010007cd8                dcd_edpt_open
 .text.dcd_edpt_close_all
                0x0000000010007de0        0x8 CMakeFiles/train.dir/home/foobar/pico-sdk/lib/tinyusb/src/portable/raspberrypi/rp2040/dcd_rp2040.c.obj
                0x0000000010007de0                dcd_edpt_close_all
 .text.dcd_edpt_xfer
                0x0000000010007de8       0x24 CMakeFiles/train.dir/home/foobar/pico-sdk/lib/tinyusb/src/portable/raspberrypi/rp2040/dcd_rp2040.c.obj
                0x0000000010007de8                dcd_edpt_xfer
 .text.dcd_edpt_stall
                0x0000000010007e0c       0x38 CMakeFiles/train.dir/home/foobar/pico-sdk/lib/tinyusb/src/portable/raspberrypi/rp2040/dcd_rp2040.c.obj
                0x0000000010007e0c                dcd_edpt_stall
 .text.dcd_edpt_clear_stall
                0x0000000010007e44       0x30 CMakeFiles/train.dir/home/foobar/pico-sdk/lib/tinyusb/src/portable/raspberrypi/rp2040/dcd_rp2040.c.obj
                0x0000000010007e44                dcd_edpt_clear_stall
 .text.rp2040_usb_init
                0x0000000010007e74       0x4c CMakeFiles/train.dir/home/foobar/pico-sdk/lib/tinyusb/src/portable/raspberrypi/rp2040/rp2040_usb.c.obj
                0x0000000010007e74                rp2040_usb_init
 .text.hw_endpoint_xfer_start
                0x0000000010007ec0       0x50 CMakeFiles/train.dir/home/foobar/pico-sdk/lib/tinyusb/src/portable/raspberrypi/rp2040/rp2040_usb.c.obj
                0x0000000010007ec0                hw_endpoint_xfer_start
 .text.tud_mounted
                0x0000000010007f10       0x10 CMakeFiles/train.dir/home/foobar/pico-sdk/lib/tinyusb/src/device/usbd.c.obj
                0x0000000010007f10                tud_mounted
 .text.tud_suspended
                0x0000000010007f20       0x10 CMakeFiles/train.dir/home/foobar/pico-sdk/lib/tinyusb/src/device/usbd.c.obj
                0x0000000010007f20                tud_suspended
 .text.tud_inited
                0x0000000010007f30       0x14 CMakeFiles/train.dir/home/foobar/pico-sdk/lib/tinyusb/src/device/usbd.c.obj
                0x0000000010007f30                tud_inited
 .text.tud_init
                0x0000000010007f44       0xe4 CMakeFiles/train.dir/home/foobar/pico-sdk/lib/tinyusb/src/device/usbd.c.obj
                0x0000000010007f44                tud_init
 .text.tud_task_ext
                0x0000000010008028      0x854 CMakeFiles/train.dir/home/foobar/pico-sdk/lib/tinyusb/src/device/usbd.c.obj
                0x0000000010008028                tud_task_ext
 .text.usbd_open_edpt_pair
                0x000000001000887c       0x9c CMakeFiles/train.dir/home/foobar/pico-sdk/lib/tinyusb/src/device/usbd.c.obj
                0x000000001000887c                usbd_open_edpt_pair
 .text.usbd_defer_func
                0x0000000010008918       0x48 CMakeFiles/train.dir/home/foobar/pico-sdk/lib/tinyusb/src/device/usbd.c.obj
                0x0000000010008918                usbd_defer_func
 .text.usbd_edpt_open
                0x0000000010008960       0x34 CMakeFiles/train.dir/home/foobar/pico-sdk/lib/tinyusb/src/device/usbd.c.obj
                0x0000000010008960                usbd_edpt_open
 .text.usbd_edpt_claim
                0x0000000010008994       0x28 CMakeFiles/train.dir/home/foobar/pico-sdk/lib/tinyusb/src/device/usbd.c.obj
                0x0000000010008994                usbd_edpt_claim
 .text.usbd_edpt_release
                0x00000000100089bc       0x28 CMakeFiles/train.dir/home/foobar/pico-sdk/lib/tinyusb/src/device/usbd.c.obj
                0x00000000100089bc                usbd_edpt_release
 .text.usbd_edpt_xfer
                0x00000000100089e4       0x4c CMakeFiles/train.dir/home/foobar/pico-sdk/lib/tinyusb/src/device/usbd.c.obj
                0x00000000100089e4                usbd_edpt_xfer
 .text.tud_control_status
                0x0000000010008a30       0x30 CMakeFiles/train.dir/home/foobar/pico-sdk/lib/tinyusb/src/device/usbd_control.c.obj
                0x0000000010008a30                tud_control_status
 .text.tud_control_xfer
                0x0000000010008a60       0xbc CMakeFiles/train.dir/home/foobar/pico-sdk/lib/tinyusb/src/device/usbd_control.c.obj
                0x0000000010008a60                tud_control_xfer
 .text.usbd_control_reset
                0x0000000010008b1c       0x14 CMakeFiles/train.dir/home/foobar/pico-sdk/lib/tinyusb/src/device/usbd_control.c.obj
                0x0000000010008b1c                usbd_control_reset
 .text.usbd_control_set_complete_callback
                0x0000000010008b30        0xc CMakeFiles/train.dir/home/foobar/pico-sdk/lib/tinyusb/src/device/usbd_control.c.obj
                0x0000000010008b30                usbd_control_set_complete_callback
 .text.usbd_control_set_request
                0x0000000010008b3c       0x1c CMakeFiles/train.dir/home/foobar/pico-sdk/lib/tinyusb/src/device/usbd_control.c.obj
                0x0000000010008b3c                usbd_control_set_request
 .text.usbd_control_xfer_cb
                0x0000000010008b58       0xfc CMakeFiles/train.dir/home/foobar/pico-sdk/lib/tinyusb/src/device/usbd_control.c.obj
                0x0000000010008b58                usbd_control_xfer_cb
 .text.tud_cdc_n_connected
                0x0000000010008c54       0x30 CMakeFiles/train.dir/home/foobar/pico-sdk/lib/tinyusb/src/class/cdc/cdc_device.c.obj
                0x0000000010008c54                tud_cdc_n_connected
 .text.tud_cdc_n_available
                0x0000000010008c84       0x18 CMakeFiles/train.dir/home/foobar/pico-sdk/lib/tinyusb/src/class/cdc/cdc_device.c.obj
                0x0000000010008c84                tud_cdc_n_available
 .text.tud_cdc_n_read
                0x0000000010008c9c       0x70 CMakeFiles/train.dir/home/foobar/pico-sdk/lib/tinyusb/src/class/cdc/cdc_device.c.obj
                0x0000000010008c9c                tud_cdc_n_read
 .text.tud_cdc_n_write_flush
                0x0000000010008d0c       0x78 CMakeFiles/train.dir/home/foobar/pico-sdk/lib/tinyusb/src/class/cdc/cdc_device.c.obj
                0x0000000010008d0c                tud_cdc_n_write_flush
 .text.tud_cdc_n_write
                0x0000000010008d84       0x34 CMakeFiles/train.dir/home/foobar/pico-sdk/lib/tinyusb/src/class/cdc/cdc_device.c.obj
                0x0000000010008d84                tud_cdc_n_write
 .text.tud_cdc_n_write_available
                0x0000000010008db8       0x18 CMakeFiles/train.dir/home/foobar/pico-sdk/lib/tinyusb/src/class/cdc/cdc_device.c.obj
                0x0000000010008db8                tud_cdc_n_write_available
 .text.cdcd_init
                0x0000000010008dd0       0x7c CMakeFiles/train.dir/home/foobar/pico-sdk/lib/tinyusb/src/class/cdc/cdc_device.c.obj
                0x0000000010008dd0                cdcd_init
 .text.cdcd_reset
                0x0000000010008e4c       0x2c CMakeFiles/train.dir/home/foobar/pico-sdk/lib/tinyusb/src/class/cdc/cdc_device.c.obj
                0x0000000010008e4c                cdcd_reset
 .text.cdcd_open
                0x0000000010008e78       0xe8 CMakeFiles/train.dir/home/foobar/pico-sdk/lib/tinyusb/src/class/cdc/cdc_device.c.obj
                0x0000000010008e78                cdcd_open
 .text.cdcd_control_xfer_cb
                0x0000000010008f60       0xe4 CMakeFiles/train.dir/home/foobar/pico-sdk/lib/tinyusb/src/class/cdc/cdc_device.c.obj
                0x0000000010008f60                cdcd_control_xfer_cb
 .text.cdcd_xfer_cb
                0x0000000010009044      0x148 CMakeFiles/train.dir/home/foobar/pico-sdk/lib/tinyusb/src/class/cdc/cdc_device.c.obj
                0x0000000010009044                cdcd_xfer_cb
 .text.tusb_init
                0x000000001000918c        0xc CMakeFiles/train.dir/home/foobar/pico-sdk/lib/tinyusb/src/tusb.c.obj
                0x000000001000918c                tusb_init
 .text.tusb_inited
                0x0000000010009198        0x8 CMakeFiles/train.dir/home/foobar/pico-sdk/lib/tinyusb/src/tusb.c.obj
                0x0000000010009198                tusb_inited
 .text.tu_edpt_claim
                0x00000000100091a0       0x50 CMakeFiles/train.dir/home/foobar/pico-sdk/lib/tinyusb/src/tusb.c.obj
                0x00000000100091a0                tu_edpt_claim
 .text.tu_edpt_release
                0x00000000100091f0       0x38 CMakeFiles/train.dir/home/foobar/pico-sdk/lib/tinyusb/src/tusb.c.obj
                0x00000000100091f0                tu_edpt_release
 .text.tu_edpt_validate
                0x0000000010009228       0x78 CMakeFiles/train.dir/home/foobar/pico-sdk/lib/tinyusb/src/tusb.c.obj
                0x0000000010009228                tu_edpt_validate
 .text.tu_edpt_bind_driver
                0x00000000100092a0       0x34 CMakeFiles/train.dir/home/foobar/pico-sdk/lib/tinyusb/src/tusb.c.obj
                0x00000000100092a0                tu_edpt_bind_driver
 .text.tu_fifo_config
                0x00000000100092d4       0x70 CMakeFiles/train.dir/home/foobar/pico-sdk/lib/tinyusb/src/common/tusb_fifo.c.obj
                0x00000000100092d4                tu_fifo_config
 .text.tu_fifo_count
                0x0000000010009344       0x2c CMakeFiles/train.dir/home/foobar/pico-sdk/lib/tinyusb/src/common/tusb_fifo.c.obj
                0x0000000010009344                tu_fifo_count
 .text.tu_fifo_empty
                0x0000000010009370       0x10 CMakeFiles/train.dir/home/foobar/pico-sdk/lib/tinyusb/src/common/tusb_fifo.c.obj
                0x0000000010009370                tu_fifo_empty
 .text.tu_fifo_remaining
                0x0000000010009380       0x2c CMakeFiles/train.dir/home/foobar/pico-sdk/lib/tinyusb/src/common/tusb_fifo.c.obj
                0x0000000010009380                tu_fifo_remaining
 .text.tu_fifo_read
                0x00000000100093ac       0xa0 CMakeFiles/train.dir/home/foobar/pico-sdk/lib/tinyusb/src/common/tusb_fifo.c.obj
                0x00000000100093ac                tu_fifo_read
 .text.tu_fifo_read_n
                0x000000001000944c       0xec CMakeFiles/train.dir/home/foobar/pico-sdk/lib/tinyusb/src/common/tusb_fifo.c.obj
                0x000000001000944c                tu_fifo_read_n
 .text.tu_fifo_write
                0x0000000010009538       0x88 CMakeFiles/train.dir/home/foobar/pico-sdk/lib/tinyusb/src/common/tusb_fifo.c.obj
                0x0000000010009538                tu_fifo_write
 .text.tu_fifo_write_n
                0x00000000100095c0      0x168 CMakeFiles/train.dir/home/foobar/pico-sdk/lib/tinyusb/src/common/tusb_fifo.c.obj
                0x00000000100095c0                tu_fifo_write_n
 .text.tu_fifo_clear
                0x0000000010009728       0x40 CMakeFiles/train.dir/home/foobar/pico-sdk/lib/tinyusb/src/common/tusb_fifo.c.obj
                0x0000000010009728                tu_fifo_clear
 .text.tu_fifo_set_overwritable
                0x0000000010009768       0x48 CMakeFiles/train.dir/home/foobar/pico-sdk/lib/tinyusb/src/common/tusb_fifo.c.obj
                0x0000000010009768                tu_fifo_set_overwritable
 .text.pio_claim_unused_sm
                0x00000000100097b0       0x3c CMakeFiles/train.dir/home/foobar/pico-sdk/src/rp2_common/hardware_pio/pio.c.obj
                0x00000000100097b0                pio_claim_unused_sm
 .text.pio_add_program
                0x00000000100097ec       0xc8 CMakeFiles/train.dir/home/foobar/pico-sdk/src/rp2_common/hardware_pio/pio.c.obj
                0x00000000100097ec                pio_add_program
 .text.pio_sm_set_pins_with_mask
                0x00000000100098b4       0xa4 CMakeFiles/train.dir/home/foobar/pico-sdk/src/rp2_common/hardware_pio/pio.c.obj
                0x00000000100098b4                pio_sm_set_pins_with_mask
 .text.pio_sm_set_pindirs_with_mask
                0x0000000010009958       0xa4 CMakeFiles/train.dir/home/foobar/pico-sdk/src/rp2_common/hardware_pio/pio.c.obj
                0x0000000010009958                pio_sm_set_pindirs_with_mask
 .text.pio_sm_set_consecutive_pindirs
                0x00000000100099fc       0xb0 CMakeFiles/train.dir/home/foobar/pico-sdk/src/rp2_common/hardware_pio/pio.c.obj
                0x00000000100099fc                pio_sm_set_consecutive_pindirs
 .text.pio_sm_init
                0x0000000010009aac       0x8c CMakeFiles/train.dir/home/foobar/pico-sdk/src/rp2_common/hardware_pio/pio.c.obj
                0x0000000010009aac                pio_sm_init
 .text.spi_init
                0x0000000010009b38      0x138 CMakeFiles/train.dir/home/foobar/pico-sdk/src/rp2_common/hardware_spi/spi.c.obj
                0x0000000010009b38                spi_init
 .text.i2c_set_baudrate
                0x0000000010009c70       0xc4 CMakeFiles/train.dir/home/foobar/pico-sdk/src/rp2_common/hardware_i2c/i2c.c.obj
                0x0000000010009c70                i2c_set_baudrate
 .text.i2c_init
                0x0000000010009d34       0x54 CMakeFiles/train.dir/home/foobar/pico-sdk/src/rp2_common/hardware_i2c/i2c.c.obj
                0x0000000010009d34                i2c_init
 .text.i2c_write_blocking
                0x0000000010009d88       0xd0 CMakeFiles/train.dir/home/foobar/pico-sdk/src/rp2_common/hardware_i2c/i2c.c.obj
                0x0000000010009d88                i2c_write_blocking
 .text.i2c_read_blocking
                0x0000000010009e58       0xac CMakeFiles/train.dir/home/foobar/pico-sdk/src/rp2_common/hardware_i2c/i2c.c.obj
                0x0000000010009e58                i2c_read_blocking
 .text.lf_tag_compare
                0x0000000010009f04       0x38 core/libcore.a(tag.c.obj)
                0x0000000010009f04                lf_tag_compare
 .text.lf_time_logical
                0x0000000010009f3c        0x8 core/libcore.a(tag.c.obj)
                0x0000000010009f3c                lf_time_logical
 .text.lf_time_logical_elapsed
                0x0000000010009f44       0x14 core/libcore.a(tag.c.obj)
                0x0000000010009f44                lf_time_logical_elapsed
 .text.lf_time_physical
                0x0000000010009f58       0x60 core/libcore.a(tag.c.obj)
                0x0000000010009f58                lf_time_physical
 .text.lf_time_physical_elapsed
                0x0000000010009fb8       0x6c core/libcore.a(tag.c.obj)
                0x0000000010009fb8                lf_time_physical_elapsed
 .text.lf_time_start
                0x000000001000a024        0xc core/libcore.a(tag.c.obj)
                0x000000001000a024                lf_time_start
 .text.lf_comma_separated_time
                0x000000001000a030      0x274 core/libcore.a(tag.c.obj)
                0x000000001000a030                lf_comma_separated_time
 .text._lf_allocate
                0x000000001000a2a4       0x3c core/libcore.a(reactor_common.c.obj)
                0x000000001000a2a4                _lf_allocate
 .text._lf_new_reactor
                0x000000001000a2e0       0x40 core/libcore.a(reactor_common.c.obj)
                0x000000001000a2e0                _lf_new_reactor
 .text._lf_set_stop_tag
                0x000000001000a320       0x3c core/libcore.a(reactor_common.c.obj)
                0x000000001000a320                _lf_set_stop_tag
 .text._lf_start_time_step
                0x000000001000a35c       0x68 core/libcore.a(reactor_common.c.obj)
                0x000000001000a35c                _lf_start_time_step
 .text._lf_is_tag_after_stop_tag
                0x000000001000a3c4       0x30 core/libcore.a(reactor_common.c.obj)
                0x000000001000a3c4                _lf_is_tag_after_stop_tag
 .text._lf_initialize_timer
                0x000000001000a3f4       0xd4 core/libcore.a(reactor_common.c.obj)
                0x000000001000a3f4                _lf_initialize_timer
 .text._lf_initialize_timers
                0x000000001000a4c8       0x30 core/libcore.a(reactor_common.c.obj)
                0x000000001000a4c8                _lf_initialize_timers
 .text._lf_trigger_startup_reactions
                0x000000001000a4f8       0x58 core/libcore.a(reactor_common.c.obj)
                0x000000001000a4f8                _lf_trigger_startup_reactions
 .text._lf_trigger_shutdown_reactions
                0x000000001000a550       0x48 core/libcore.a(reactor_common.c.obj)
                0x000000001000a550                _lf_trigger_shutdown_reactions
 .text._lf_recycle_event
                0x000000001000a598       0x20 core/libcore.a(reactor_common.c.obj)
                0x000000001000a598                _lf_recycle_event
 .text._lf_create_dummy_events
                0x000000001000a5b8       0xbc core/libcore.a(reactor_common.c.obj)
                0x000000001000a5b8                _lf_create_dummy_events
 .text._lf_schedule_at_tag
                0x000000001000a674      0x2c4 core/libcore.a(reactor_common.c.obj)
                0x000000001000a674                _lf_schedule_at_tag
 .text._lf_schedule
                0x000000001000a938      0x2c4 core/libcore.a(reactor_common.c.obj)
                0x000000001000a938                _lf_schedule
 .text._lf_pop_events
                0x000000001000abfc      0x130 core/libcore.a(reactor_common.c.obj)
                0x000000001000abfc                _lf_pop_events
 .text._lf_advance_logical_time
                0x000000001000ad2c       0x38 core/libcore.a(reactor_common.c.obj)
                0x000000001000ad2c                _lf_advance_logical_time
 .text._lf_invoke_reaction
                0x000000001000ad64       0x14 core/libcore.a(reactor_common.c.obj)
                0x000000001000ad64                _lf_invoke_reaction
 .text.schedule_output_reactions
                0x000000001000ad78      0x150 core/libcore.a(reactor_common.c.obj)
                0x000000001000ad78                schedule_output_reactions
 .text.usage    0x000000001000aec8       0xb0 core/libcore.a(reactor_common.c.obj)
                0x000000001000aec8                usage
 .text.process_args
                0x000000001000af78      0x414 core/libcore.a(reactor_common.c.obj)
                0x000000001000af78                process_args
 .text.initialize_global
                0x000000001000b38c       0x24 core/libcore.a(reactor_common.c.obj)
                0x000000001000b38c                initialize_global
 .text.termination
                0x000000001000b3b0      0x198 core/libcore.a(reactor_common.c.obj)
                0x000000001000b3b0                termination
 .text._lf_free_token.part.0
                0x000000001000b548       0xcc core/libcore.a(lf_token.c.obj)
 .text._lf_new_token
                0x000000001000b614       0xb4 core/libcore.a(lf_token.c.obj)
                0x000000001000b614                _lf_new_token
 .text._lf_initialize_token_with_value
                0x000000001000b6c8       0x80 core/libcore.a(lf_token.c.obj)
                0x000000001000b6c8                _lf_initialize_token_with_value
 .text._lf_free_all_tokens
                0x000000001000b748       0xe0 core/libcore.a(lf_token.c.obj)
                0x000000001000b748                _lf_free_all_tokens
 .text._lf_replace_template_token
                0x000000001000b828       0x44 core/libcore.a(lf_token.c.obj)
                0x000000001000b828                _lf_replace_template_token
 .text._lf_done_using
                0x000000001000b86c       0x2c core/libcore.a(lf_token.c.obj)
                0x000000001000b86c                _lf_done_using
 .text._lf_free_token_copies
                0x000000001000b898       0x44 core/libcore.a(lf_token.c.obj)
                0x000000001000b898                _lf_free_token_copies
 .text.environment_init_tags
                0x000000001000b8dc       0x58 core/libcore.a(environment.c.obj)
                0x000000001000b8dc                environment_init_tags
 .text.environment_free
                0x000000001000b934       0x60 core/libcore.a(environment.c.obj)
                0x000000001000b934                environment_free
 .text.environment_init
                0x000000001000b994      0x1e4 core/libcore.a(environment.c.obj)
                0x000000001000b994                environment_init
 .text._lf_set_present
                0x000000001000bb78       0x4c core/libcore.a(reactor.c.obj)
                0x000000001000bb78                _lf_set_present
 .text._lf_trigger_reaction
                0x000000001000bbc4       0x38 core/libcore.a(reactor.c.obj)
                0x000000001000bbc4                _lf_trigger_reaction
 .text._lf_do_step
                0x000000001000bbfc       0xb8 core/libcore.a(reactor.c.obj)
                0x000000001000bbfc                _lf_do_step
 .text.next     0x000000001000bcb4      0x138 core/libcore.a(reactor.c.obj)
                0x000000001000bcb4                next
 .text.lf_reactor_c_main
                0x000000001000bdec       0xfc core/libcore.a(reactor.c.obj)
                0x000000001000bdec                lf_reactor_c_main
 .text.lf_critical_section_enter
                0x000000001000bee8        0x8 core/libcore.a(reactor.c.obj)
                0x000000001000bee8                lf_critical_section_enter
 .text.lf_critical_section_exit
                0x000000001000bef0        0x8 core/libcore.a(reactor.c.obj)
                0x000000001000bef0                lf_critical_section_exit
 .text.vector_at
                0x000000001000bef8       0x54 core/libcore.a(vector.c.obj)
                0x000000001000bef8                vector_at
 .text.vector_size
                0x000000001000bf4c        0x8 core/libcore.a(vector.c.obj)
                0x000000001000bf4c                vector_size
 .text.percolate_down
                0x000000001000bf54       0xd8 core/libcore.a(pqueue.c.obj)
 .text.bubble_up.isra.0
                0x000000001000c02c       0x84 core/libcore.a(pqueue.c.obj)
 .text.find_equal_same_priority
                0x000000001000c0b0       0xa8 core/libcore.a(pqueue.c.obj)
                0x000000001000c0b0                find_equal_same_priority
 .text.pqueue_init
                0x000000001000c158       0x54 core/libcore.a(pqueue.c.obj)
                0x000000001000c158                pqueue_init
 .text.pqueue_free
                0x000000001000c1ac       0x14 core/libcore.a(pqueue.c.obj)
                0x000000001000c1ac                pqueue_free
 .text.pqueue_size
                0x000000001000c1c0       0x10 core/libcore.a(pqueue.c.obj)
                0x000000001000c1c0                pqueue_size
 .text.pqueue_find_equal_same_priority
                0x000000001000c1d0        0xc core/libcore.a(pqueue.c.obj)
                0x000000001000c1d0                pqueue_find_equal_same_priority
 .text.pqueue_insert
                0x000000001000c1dc       0x44 core/libcore.a(pqueue.c.obj)
                0x000000001000c1dc                pqueue_insert
 .text.pqueue_remove
                0x000000001000c220       0x6c core/libcore.a(pqueue.c.obj)
                0x000000001000c220                pqueue_remove
 .text.pqueue_pop
                0x000000001000c28c       0x28 core/libcore.a(pqueue.c.obj)
                0x000000001000c28c                pqueue_pop
 .text.pqueue_peek
                0x000000001000c2b4       0x14 core/libcore.a(pqueue.c.obj)
                0x000000001000c2b4                pqueue_peek
 .text.in_reverse_order
                0x000000001000c2c8       0x18 core/libcore.a(pqueue.c.obj)
                0x000000001000c2c8                in_reverse_order
 .text.in_no_particular_order
                0x000000001000c2e0        0x4 core/libcore.a(pqueue.c.obj)
                0x000000001000c2e0                in_no_particular_order
 .text.event_matches
                0x000000001000c2e4        0xc core/libcore.a(pqueue.c.obj)
                0x000000001000c2e4                event_matches
 .text.reaction_matches
                0x000000001000c2f0        0x8 core/libcore.a(pqueue.c.obj)
                0x000000001000c2f0                reaction_matches
 .text.get_event_time
                0x000000001000c2f8        0x8 core/libcore.a(pqueue.c.obj)
                0x000000001000c2f8                get_event_time
 .text.get_reaction_index
                0x000000001000c300        0x8 core/libcore.a(pqueue.c.obj)
                0x000000001000c300                get_reaction_index
 .text.get_event_position
                0x000000001000c308        0x4 core/libcore.a(pqueue.c.obj)
                0x000000001000c308                get_event_position
 .text.get_reaction_position
                0x000000001000c30c        0x4 core/libcore.a(pqueue.c.obj)
                0x000000001000c30c                get_reaction_position
 .text.set_event_position
                0x000000001000c310        0x4 core/libcore.a(pqueue.c.obj)
                0x000000001000c310                set_event_position
 .text.set_reaction_position
                0x000000001000c314        0x4 core/libcore.a(pqueue.c.obj)
                0x000000001000c314                set_reaction_position
 .text.print_reaction
                0x000000001000c318        0x4 core/libcore.a(pqueue.c.obj)
                0x000000001000c318                print_reaction
 .text.print_event
                0x000000001000c31c        0x4 core/libcore.a(pqueue.c.obj)
                0x000000001000c31c                print_event
 .text._lf_message_print
                0x000000001000c320       0xc0 core/libcore.a(util.c.obj)
                0x000000001000c320                _lf_message_print
 .text.lf_print
                0x000000001000c3e0       0x88 core/libcore.a(util.c.obj)
                0x000000001000c3e0                lf_print
 .text.lf_print_error
                0x000000001000c468       0x88 core/libcore.a(util.c.obj)
                0x000000001000c468                lf_print_error
 .text.lf_print_warning
                0x000000001000c4f0       0x88 core/libcore.a(util.c.obj)
                0x000000001000c4f0                lf_print_warning
 .text.lf_print_error_and_exit
                0x000000001000c578       0x24 core/libcore.a(util.c.obj)
                0x000000001000c578                lf_print_error_and_exit
 .text.lf_assert
                0x000000001000c59c       0x2c core/libcore.a(util.c.obj)
                0x000000001000c59c                lf_assert
 .text.hashset_num_items
                0x000000001000c5c8        0x4 core/libcore.a(hashset.c.obj)
                0x000000001000c5c8                hashset_num_items
 .text.hashset_destroy
                0x000000001000c5cc       0x18 core/libcore.a(hashset.c.obj)
                0x000000001000c5cc                hashset_destroy
 .text.hashset_create
                0x000000001000c5e4       0x40 core/libcore.a(hashset.c.obj)
                0x000000001000c5e4                hashset_create
 .text.hashset_add
                0x000000001000c624      0x180 core/libcore.a(hashset.c.obj)
                0x000000001000c624                hashset_add
 .text.hashset_remove
                0x000000001000c7a4       0x50 core/libcore.a(hashset.c.obj)
                0x000000001000c7a4                hashset_remove
 .text.hashset_iterator
                0x000000001000c7f4       0x1c core/libcore.a(hashset_itr.c.obj)
                0x000000001000c7f4                hashset_iterator
 .text.hashset_iterator_next
                0x000000001000c810       0x34 core/libcore.a(hashset_itr.c.obj)
                0x000000001000c810                hashset_iterator_next
 .text.hashset_iterator_value
                0x000000001000c844        0xc core/libcore.a(hashset_itr.c.obj)
                0x000000001000c844                hashset_iterator_value
 .text._lf_add_suspended_event
                0x000000001000c850       0x3c core/libcore.a(modes.c.obj)
                0x000000001000c850                _lf_add_suspended_event
 .text._lf_mode_is_active
                0x000000001000c88c       0x10 core/libcore.a(modes.c.obj)
                0x000000001000c88c                _lf_mode_is_active
 .text._lf_handle_mode_startup_reset_reactions
                0x000000001000c89c       0xfc core/libcore.a(modes.c.obj)
                0x000000001000c89c                _lf_handle_mode_startup_reset_reactions
 .text._lf_handle_mode_shutdown_reactions
                0x000000001000c998       0x5c core/libcore.a(modes.c.obj)
                0x000000001000c998                _lf_handle_mode_shutdown_reactions
 .text._lf_process_mode_changes
                0x000000001000c9f4      0x39c core/libcore.a(modes.c.obj)
                0x000000001000c9f4                _lf_process_mode_changes
 .text._lf_terminate_modal_reactors
                0x000000001000cd90       0x50 core/libcore.a(modes.c.obj)
                0x000000001000cd90                _lf_terminate_modal_reactors
 .text._lf_initialize_modes
                0x000000001000cde0       0x44 core/libcore.a(modes.c.obj)
                0x000000001000cde0                _lf_initialize_modes
 .text._lf_handle_mode_changes
                0x000000001000ce24       0x24 core/libcore.a(modes.c.obj)
                0x000000001000ce24                _lf_handle_mode_changes
 .text._lf_handle_mode_triggered_reactions
                0x000000001000ce48       0x24 core/libcore.a(modes.c.obj)
                0x000000001000ce48                _lf_handle_mode_triggered_reactions
 .text._lf_initialize_clock
                0x000000001000ce6c       0x20 core/libcore.a(lf_rp2040_support.c.obj)
                0x000000001000ce6c                _lf_initialize_clock
 .text._lf_clock_now
                0x000000001000ce8c       0x24 core/libcore.a(lf_rp2040_support.c.obj)
                0x000000001000ce8c                _lf_clock_now
 .text._lf_interruptable_sleep_until_locked
                0x000000001000ceb0       0x48 core/libcore.a(lf_rp2040_support.c.obj)
                0x000000001000ceb0                _lf_interruptable_sleep_until_locked
 .text.lf_disable_interrupts_nested
                0x000000001000cef8       0x3c core/libcore.a(lf_rp2040_support.c.obj)
                0x000000001000cef8                lf_disable_interrupts_nested
 .text.lf_enable_interrupts_nested
                0x000000001000cf34       0x34 core/libcore.a(lf_rp2040_support.c.obj)
                0x000000001000cf34                lf_enable_interrupts_nested
 .text.color32_0
                0x000000001000cf68        0x8 robot/librobot.a(display.c.obj)
                0x000000001000cf68                color32_0
 .text.color32_1
                0x000000001000cf70        0x8 robot/librobot.a(display.c.obj)
                0x000000001000cf70                color32_1
 .text.color32_0_on_1
                0x000000001000cf78        0x8 robot/librobot.a(display.c.obj)
                0x000000001000cf78                color32_0_on_1
 .text.color32_1_on_0
                0x000000001000cf80        0x4 robot/librobot.a(display.c.obj)
                0x000000001000cf80                color32_1_on_0
 .text.color32_xor
                0x000000001000cf84        0x8 robot/librobot.a(display.c.obj)
                0x000000001000cf84                color32_xor
 .text.color32_nop
                0x000000001000cf8c        0x4 robot/librobot.a(display.c.obj)
                0x000000001000cf8c                color32_nop
 .text.color8_0
                0x000000001000cf90        0x8 robot/librobot.a(display.c.obj)
                0x000000001000cf90                color8_0
 .text.color8_1
                0x000000001000cf98        0x8 robot/librobot.a(display.c.obj)
                0x000000001000cf98                color8_1
 .text.color8_0_on_1
                0x000000001000cfa0        0x8 robot/librobot.a(display.c.obj)
                0x000000001000cfa0                color8_0_on_1
 .text.color8_1_on_0
                0x000000001000cfa8        0x4 robot/librobot.a(display.c.obj)
                0x000000001000cfa8                color8_1_on_0
 .text.color8_xor
                0x000000001000cfac        0x8 robot/librobot.a(display.c.obj)
                0x000000001000cfac                color8_xor
 .text.color8_nop
                0x000000001000cfb4        0x4 robot/librobot.a(display.c.obj)
                0x000000001000cfb4                color8_nop
 .text.display_set_font
                0x000000001000cfb8        0xc robot/librobot.a(display.c.obj)
                0x000000001000cfb8                display_set_font
 .text.display_init
                0x000000001000cfc4       0x18 robot/librobot.a(display.c.obj)
                0x000000001000cfc4                display_init
 .text.display_fill
                0x000000001000cfdc       0x2c robot/librobot.a(display.c.obj)
                0x000000001000cfdc                display_fill
 .text.display_show_partial
                0x000000001000d008       0xb0 robot/librobot.a(display.c.obj)
                0x000000001000d008                display_show_partial
 .text.display_text
                0x000000001000d0b8      0x44c robot/librobot.a(display.c.obj)
                0x000000001000d0b8                display_text
 .text.display_fill_rect
                0x000000001000d504      0x15c robot/librobot.a(display.c.obj)
                0x000000001000d504                display_fill_rect
 .text.display_show
                0x000000001000d660       0x28 robot/librobot.a(display.c.obj)
                0x000000001000d660                display_show
 .text._imu_reset
                0x000000001000d688       0xb4 robot/librobot.a(imu.c.obj)
                0x000000001000d688                _imu_reset
 .text._imu_set
                0x000000001000d73c       0x7c robot/librobot.a(imu.c.obj)
                0x000000001000d73c                _imu_set
 .text.imu_init
                0x000000001000d7b8       0x94 robot/librobot.a(imu.c.obj)
                0x000000001000d7b8                imu_init
 .text.imu_read_acc
                0x000000001000d84c       0x94 robot/librobot.a(imu.c.obj)
                0x000000001000d84c                imu_read_acc
 .text.ir_sensors_read
                0x000000001000d8e0       0xcc robot/librobot.a(ir_sensors.c.obj)
 .text.ir_sensors_start_read
                0x000000001000d9ac      0x1d0 robot/librobot.a(ir_sensors.c.obj)
 .text.line_sensors_calibrate
                0x000000001000db7c      0x1a4 robot/librobot.a(ir_sensors.c.obj)
                0x000000001000db7c                line_sensors_calibrate
 .text.line_sensors_read
                0x000000001000dd20       0x70 robot/librobot.a(ir_sensors.c.obj)
                0x000000001000dd20                line_sensors_read
 .text.line_sensors_read_calibrated
                0x000000001000dd90      0x198 robot/librobot.a(ir_sensors.c.obj)
                0x000000001000dd90                line_sensors_read_calibrated
 .text.motors_init
                0x000000001000df28       0x5c robot/librobot.a(motors.c.obj)
                0x000000001000df28                motors_init
 .text.motors_set_power
                0x000000001000df84       0x70 robot/librobot.a(motors.c.obj)
                0x000000001000df84                motors_set_power
 .text.sh1106_transfer_start
                0x000000001000dff4       0x40 robot/librobot.a(sh1106.c.obj)
                0x000000001000dff4                sh1106_transfer_start
 .text.sh1106_transfer_end
                0x000000001000e034       0x1c robot/librobot.a(sh1106.c.obj)
                0x000000001000e034                sh1106_transfer_end
 .text.sh1106_write_page
                0x000000001000e050       0x54 robot/librobot.a(sh1106.c.obj)
                0x000000001000e050                sh1106_write_page
 .text.sh1106_clear
                0x000000001000e0a4       0xa0 robot/librobot.a(sh1106.c.obj)
                0x000000001000e0a4                sh1106_clear
 .text.sh1106_init
                0x000000001000e144       0xd0 robot/librobot.a(sh1106.c.obj)
                0x000000001000e144                sh1106_init
 .text          0x000000001000e214       0x10 /usr/lib/gcc/arm-none-eabi/10.3.1/../../../arm-none-eabi/lib/thumb/v6-m/nofp/libc.a(lib_a-atexit.o)
                0x000000001000e214                atexit
 .text          0x000000001000e224       0x18 /usr/lib/gcc/arm-none-eabi/10.3.1/../../../arm-none-eabi/lib/thumb/v6-m/nofp/libc.a(lib_a-atoi.o)
                0x000000001000e224                atoi
                0x000000001000e230                _atoi_r
 .text          0x000000001000e23c       0x18 /usr/lib/gcc/arm-none-eabi/10.3.1/../../../arm-none-eabi/lib/thumb/v6-m/nofp/libc.a(lib_a-atoll.o)
                0x000000001000e23c                atoll
                0x000000001000e248                _atoll_r
 .text          0x000000001000e254       0x18 /usr/lib/gcc/arm-none-eabi/10.3.1/../../../arm-none-eabi/lib/thumb/v6-m/nofp/libc.a(lib_a-calloc.o)
                0x000000001000e254                calloc
 .text          0x000000001000e26c       0x5c /usr/lib/gcc/arm-none-eabi/10.3.1/../../../arm-none-eabi/lib/thumb/v6-m/nofp/libc.a(lib_a-callocr.o)
                0x000000001000e26c                _calloc_r
 .text          0x000000001000e2c8       0x28 /usr/lib/gcc/arm-none-eabi/10.3.1/../../../arm-none-eabi/lib/thumb/v6-m/nofp/libc.a(lib_a-malloc.o)
                0x000000001000e2c8                malloc
                0x000000001000e2dc                free
 .text          0x000000001000e2f0      0x574 /usr/lib/gcc/arm-none-eabi/10.3.1/../../../arm-none-eabi/lib/thumb/v6-m/nofp/libc.a(lib_a-mallocr.o)
                0x000000001000e2f0                _malloc_r
 .text          0x000000001000e864        0x8 /usr/lib/gcc/arm-none-eabi/10.3.1/../../../arm-none-eabi/lib/thumb/v6-m/nofp/libc.a(lib_a-mlock.o)
                0x000000001000e864                __malloc_lock
                0x000000001000e868                __malloc_unlock
 .text          0x000000001000e86c       0x18 /usr/lib/gcc/arm-none-eabi/10.3.1/../../../arm-none-eabi/lib/thumb/v6-m/nofp/libc.a(lib_a-realloc.o)
                0x000000001000e86c                realloc
 .text          0x000000001000e884      0x354 /usr/lib/gcc/arm-none-eabi/10.3.1/../../../arm-none-eabi/lib/thumb/v6-m/nofp/libc.a(lib_a-reallocr.o)
                0x000000001000e884                _realloc_r
 .text          0x000000001000ebd8       0x24 /usr/lib/gcc/arm-none-eabi/10.3.1/../../../arm-none-eabi/lib/thumb/v6-m/nofp/libc.a(lib_a-sbrkr.o)
                0x000000001000ebd8                _sbrk_r
 .text          0x000000001000ebfc       0x88 /usr/lib/gcc/arm-none-eabi/10.3.1/../../../arm-none-eabi/lib/thumb/v6-m/nofp/libc.a(lib_a-strcmp.o)
                0x000000001000ebfc                strcmp
 .text          0x000000001000ec84       0x5c /usr/lib/gcc/arm-none-eabi/10.3.1/../../../arm-none-eabi/lib/thumb/v6-m/nofp/libc.a(lib_a-strlen-stub.o)
                0x000000001000ec84                strlen
 .text          0x000000001000ece0       0x74 /usr/lib/gcc/arm-none-eabi/10.3.1/../../../arm-none-eabi/lib/thumb/v6-m/nofp/libc.a(lib_a-strncmp.o)
                0x000000001000ece0                strncmp
 .text          0x000000001000ed54      0x1b8 /usr/lib/gcc/arm-none-eabi/10.3.1/../../../arm-none-eabi/lib/thumb/v6-m/nofp/libc.a(lib_a-strtol.o)
                0x000000001000ee98                _strtol_r
                0x000000001000eeb4                strtol_l
                0x000000001000eee0                strtol
 .text          0x000000001000ef0c      0x1d0 /usr/lib/gcc/arm-none-eabi/10.3.1/../../../arm-none-eabi/lib/thumb/v6-m/nofp/libc.a(lib_a-strtoll.o)
                0x000000001000f0a4                _strtoll_r
                0x000000001000f0ac                strtoll_l
                0x000000001000f0c4                strtoll
 .text          0x000000001000f0dc     0x16e4 /usr/lib/gcc/arm-none-eabi/10.3.1/../../../arm-none-eabi/lib/thumb/v6-m/nofp/libc.a(lib_a-vfprintf.o)
                0x000000001000f0dc                _vfprintf_r
                0x0000000010010734                vfprintf
 .text          0x00000000100107c0       0xdc /usr/lib/gcc/arm-none-eabi/10.3.1/../../../arm-none-eabi/lib/thumb/v6-m/nofp/libc.a(lib_a-wsetup.o)
                0x00000000100107c0                __swsetup_r
 .text          0x000000001001089c       0x88 /usr/lib/gcc/arm-none-eabi/10.3.1/../../../arm-none-eabi/lib/thumb/v6-m/nofp/libc.a(lib_a-__atexit.o)
                0x000000001001089c                __register_exitproc
 .text          0x0000000010010924     0x1104 /usr/lib/gcc/arm-none-eabi/10.3.1/../../../arm-none-eabi/lib/thumb/v6-m/nofp/libc.a(lib_a-dtoa.o)
                0x0000000010010a6c                _dtoa_r
 .text          0x0000000010011a28        0xc /usr/lib/gcc/arm-none-eabi/10.3.1/../../../arm-none-eabi/lib/thumb/v6-m/nofp/libc.a(lib_a-errno.o)
                0x0000000010011a28                __errno
 .text          0x0000000010011a34      0x1c0 /usr/lib/gcc/arm-none-eabi/10.3.1/../../../arm-none-eabi/lib/thumb/v6-m/nofp/libc.a(lib_a-fflush.o)
                0x0000000010011a34                __sflush_r
                0x0000000010011b74                _fflush_r
                0x0000000010011ba0                fflush
 .text          0x0000000010011bf4      0x248 /usr/lib/gcc/arm-none-eabi/10.3.1/../../../arm-none-eabi/lib/thumb/v6-m/nofp/libc.a(lib_a-findfp.o)
                0x0000000010011bf8                _cleanup_r
                0x0000000010011cf4                __sfmoreglue
                0x0000000010011d24                __sfp
                0x0000000010011dd4                _cleanup
                0x0000000010011dec                __sinit
                0x0000000010011dfc                __sfp_lock_acquire
                0x0000000010011e00                __sfp_lock_release
                0x0000000010011e04                __sinit_lock_acquire
                0x0000000010011e08                __sinit_lock_release
                0x0000000010011e0c                __fp_lock_all
                0x0000000010011e24                __fp_unlock_all
 .text          0x0000000010011e3c      0x260 /usr/lib/gcc/arm-none-eabi/10.3.1/../../../arm-none-eabi/lib/thumb/v6-m/nofp/libc.a(lib_a-freer.o)
                0x0000000010011e3c                _malloc_trim_r
                0x0000000010011ed8                _free_r
 .text          0x000000001001209c       0x88 /usr/lib/gcc/arm-none-eabi/10.3.1/../../../arm-none-eabi/lib/thumb/v6-m/nofp/libc.a(lib_a-fwalk.o)
                0x000000001001209c                _fwalk
                0x00000000100120dc                _fwalk_reent
 .text          0x0000000010012124       0x14 /usr/lib/gcc/arm-none-eabi/10.3.1/../../../arm-none-eabi/lib/thumb/v6-m/nofp/libc.a(lib_a-localeconv.o)
                0x0000000010012124                __localeconv_l
                0x0000000010012128                _localeconv_r
                0x0000000010012130                localeconv
 .text          0x0000000010012138      0x144 /usr/lib/gcc/arm-none-eabi/10.3.1/../../../arm-none-eabi/lib/thumb/v6-m/nofp/libc.a(lib_a-makebuf.o)
                0x0000000010012138                __smakebuf_r
                0x000000001001221c                __swhatbuf_r
 .text          0x000000001001227c      0xafc /usr/lib/gcc/arm-none-eabi/10.3.1/../../../arm-none-eabi/lib/thumb/v6-m/nofp/libc.a(lib_a-mprec.o)
                0x000000001001227c                _Balloc
                0x00000000100122cc                _Bfree
                0x00000000100122e0                __multadd
                0x0000000010012388                __s2b
                0x0000000010012438                __hi0bits
                0x0000000010012470                __lo0bits
                0x00000000100124cc                __i2b
                0x000000001001252c                __multiply
                0x00000000100126d0                __pow5mult
                0x00000000100127a8                __lshift
                0x00000000100128a4                __mcmp
                0x00000000100128d8                __mdiff
                0x0000000010012a64                __ulp
                0x0000000010012aac                __b2d
                0x0000000010012b74                __d2b
                0x0000000010012c4c                __ratio