Archive member included to satisfy reference by file (symbol)

core/libcore.a(tag.c.obj)     CMakeFiles/train.dir/lib/schedule.c.obj (lf_time_logical)
core/libcore.a(reactor_common.c.obj)
                              CMakeFiles/train.dir/train.c.obj (_lf_allocate)
core/libcore.a(lf_token.c.obj)
                              CMakeFiles/train.dir/_train_main.c.obj (_lf_initialize_token_with_value)
core/libcore.a(environment.c.obj)
                              core/libcore.a(reactor_common.c.obj) (environment_free)
core/libcore.a(reactor.c.obj)
                              CMakeFiles/train.dir/_train_main.c.obj (_lf_set_present)
core/libcore.a(vector.c.obj)  core/libcore.a(reactor_common.c.obj) (vector_at)
core/libcore.a(pqueue.c.obj)  core/libcore.a(environment.c.obj) (pqueue_init)
core/libcore.a(util.c.obj)    core/libcore.a(reactor_common.c.obj) (lf_print)
core/libcore.a(hashset.c.obj)
                              core/libcore.a(lf_token.c.obj) (hashset_num_items)
core/libcore.a(hashset_itr.c.obj)
                              core/libcore.a(lf_token.c.obj) (hashset_iterator)
core/libcore.a(modes.c.obj)   core/libcore.a(reactor_common.c.obj) (_lf_add_suspended_event)
core/libcore.a(lf_rp2040_support.c.obj)
                              core/libcore.a(reactor.c.obj) (_lf_initialize_clock)
robot/librobot.a(display.c.obj)
                              CMakeFiles/train.dir/_display.c.obj (display_set_font)
robot/librobot.a(font_8x8.c.obj)
                              robot/librobot.a(display.c.obj) (font_8x8)
robot/librobot.a(font_8x16.c.obj)
                              CMakeFiles/train.dir/_display.c.obj (font_8x16)
robot/librobot.a(imu.c.obj)   CMakeFiles/train.dir/_accelerometer.c.obj (imu_init)
robot/librobot.a(ir_sensors.c.obj)
                              CMakeFiles/train.dir/_line.c.obj (line_sensors_calibrate)
robot/librobot.a(motors.c.obj)
                              CMakeFiles/train.dir/_motors.c.obj (motors_init)
robot/librobot.a(sh1106.c.obj)
                              robot/librobot.a(display.c.obj) (sh1106_transfer_start)
/usr/lib/gcc/arm-none-eabi/10.3.1/thumb/v6-m/nofp/libgcc.a(_dvmd_tls.o)
                              CMakeFiles/train.dir/home/foobar/pico-sdk/src/rp2_common/pico_divider/divider.S.obj (__aeabi_idiv0)
/usr/lib/gcc/arm-none-eabi/10.3.1/../../../arm-none-eabi/lib/thumb/v6-m/nofp/libc.a(lib_a-atexit.o)
                              /usr/lib/gcc/arm-none-eabi/10.3.1/../../../arm-none-eabi/lib/thumb/v6-m/nofp/crt0.o (atexit)
/usr/lib/gcc/arm-none-eabi/10.3.1/../../../arm-none-eabi/lib/thumb/v6-m/nofp/libc.a(lib_a-atoi.o)
                              core/libcore.a(reactor_common.c.obj) (atoi)
/usr/lib/gcc/arm-none-eabi/10.3.1/../../../arm-none-eabi/lib/thumb/v6-m/nofp/libc.a(lib_a-atoll.o)
                              core/libcore.a(reactor_common.c.obj) (atoll)
/usr/lib/gcc/arm-none-eabi/10.3.1/../../../arm-none-eabi/lib/thumb/v6-m/nofp/libc.a(lib_a-calloc.o)
                              CMakeFiles/train.dir/home/foobar/pico-sdk/src/rp2_common/pico_malloc/pico_malloc.c.obj (calloc)
/usr/lib/gcc/arm-none-eabi/10.3.1/../../../arm-none-eabi/lib/thumb/v6-m/nofp/libc.a(lib_a-callocr.o)
                              /usr/lib/gcc/arm-none-eabi/10.3.1/../../../arm-none-eabi/lib/thumb/v6-m/nofp/libc.a(lib_a-calloc.o) (_calloc_r)
/usr/lib/gcc/arm-none-eabi/10.3.1/../../../arm-none-eabi/lib/thumb/v6-m/nofp/libc.a(lib_a-fini.o)
                              /usr/lib/gcc/arm-none-eabi/10.3.1/../../../arm-none-eabi/lib/thumb/v6-m/nofp/crt0.o (__libc_fini_array)
/usr/lib/gcc/arm-none-eabi/10.3.1/../../../arm-none-eabi/lib/thumb/v6-m/nofp/libc.a(lib_a-impure.o)
                              core/libcore.a(util.c.obj) (_impure_ptr)
/usr/lib/gcc/arm-none-eabi/10.3.1/../../../arm-none-eabi/lib/thumb/v6-m/nofp/libc.a(lib_a-init.o)
                              /usr/lib/gcc/arm-none-eabi/10.3.1/../../../arm-none-eabi/lib/thumb/v6-m/nofp/crt0.o (__libc_init_array)
/usr/lib/gcc/arm-none-eabi/10.3.1/../../../arm-none-eabi/lib/thumb/v6-m/nofp/libc.a(lib_a-malloc.o)
                              CMakeFiles/train.dir/home/foobar/pico-sdk/src/rp2_common/pico_malloc/pico_malloc.c.obj (malloc)
/usr/lib/gcc/arm-none-eabi/10.3.1/../../../arm-none-eabi/lib/thumb/v6-m/nofp/libc.a(lib_a-mallocr.o)
                              /usr/lib/gcc/arm-none-eabi/10.3.1/../../../arm-none-eabi/lib/thumb/v6-m/nofp/libc.a(lib_a-callocr.o) (_malloc_r)
/usr/lib/gcc/arm-none-eabi/10.3.1/../../../arm-none-eabi/lib/thumb/v6-m/nofp/libc.a(lib_a-mlock.o)
                              /usr/lib/gcc/arm-none-eabi/10.3.1/../../../arm-none-eabi/lib/thumb/v6-m/nofp/libc.a(lib_a-mallocr.o) (__malloc_lock)
/usr/lib/gcc/arm-none-eabi/10.3.1/../../../arm-none-eabi/lib/thumb/v6-m/nofp/libc.a(lib_a-realloc.o)
                              CMakeFiles/train.dir/home/foobar/pico-sdk/src/rp2_common/pico_malloc/pico_malloc.c.obj (realloc)
[...]
Memory Configuration

Name             Origin             Length             Attributes
FLASH            0x0000000010000000 0x0000000000200000 xr
RAM              0x0000000020000000 0x0000000000040000 xrw
SCRATCH_X        0x0000000020040000 0x0000000000001000 xrw
SCRATCH_Y        0x0000000020041000 0x0000000000001000 xrw
*default*        0x0000000000000000 0xffffffffffffffff

Linker script and memory map

LOAD /usr/lib/gcc/arm-none-eabi/10.3.1/thumb/v6-m/nofp/crti.o
LOAD /usr/lib/gcc/arm-none-eabi/10.3.1/thumb/v6-m/nofp/crtbegin.o
LOAD /usr/lib/gcc/arm-none-eabi/10.3.1/../../../arm-none-eabi/lib/thumb/v6-m/nofp/crt0.o

.flash_begin    0x0000000010000000        0x0
                0x0000000010000000                __flash_binary_start = .

.boot2          0x0000000010000000      0x100
                0x0000000010000000                __boot2_start__ = .
 *(.boot2)
 .boot2         0x0000000010000000      0x100 /tmp/ccQCceev.o
                0x0000000010000100                __boot2_end__ = .
                0x0000000000000001                ASSERT (((__boot2_end__ - __boot2_start__) == 0x100), ERROR: Pico second stage bootloader must be 256 bytes in size)

.text           0x0000000010000100    0x13b90
                0x0000000010000100                __logical_binary_start = .
 *(.vectors)
 .vectors       0x0000000010000100       0xd4 CMakeFiles/train.dir/home/foobar/pico-sdk/src/rp2_common/pico_standard_link/crt0.S.obj
                0x0000000010000100                __vectors
                0x0000000010000100                __VECTOR_TABLE
                0x00000000100001c0                isr_invalid
                0x00000000100001c0                __default_isrs_start
                0x00000000100001c2                isr_nmi
                0x00000000100001c4                isr_hardfault
                0x00000000100001c6                isr_svcall
                0x00000000100001c8                isr_pendsv
                0x00000000100001ca                isr_systick
                0x00000000100001cc                isr_irq30
                0x00000000100001cc                __unhandled_user_irq
                0x00000000100001cc                isr_irq13
                0x00000000100001cc                isr_irq27
                0x00000000100001cc                isr_irq31
                0x00000000100001cc                isr_irq5
                0x00000000100001cc                isr_irq11
                0x00000000100001cc                isr_irq23
                0x00000000100001cc                isr_irq18
                0x00000000100001cc                isr_irq28
                0x00000000100001cc                isr_irq19
                0x00000000100001cc                isr_irq0
                0x00000000100001cc                isr_irq6
                0x00000000100001cc                isr_irq22
                0x00000000100001cc                isr_irq17
                0x00000000100001cc                isr_irq14
                0x00000000100001cc                isr_irq2
                0x00000000100001cc                isr_irq10
                0x00000000100001cc                isr_irq8
                0x00000000100001cc                isr_irq24
                0x00000000100001cc                isr_irq1
                0x00000000100001cc                isr_irq7
                0x00000000100001cc                isr_irq21
                0x00000000100001cc                isr_irq20
                0x00000000100001cc                isr_irq15
                0x00000000100001cc                isr_irq25
                0x00000000100001cc                isr_irq4
                0x00000000100001cc                isr_irq16
                0x00000000100001cc                isr_irq29
                0x00000000100001cc                isr_irq26
                0x00000000100001cc                __default_isrs_end
                0x00000000100001cc                isr_irq3
                0x00000000100001cc                isr_irq12
                0x00000000100001cc                isr_irq9
                0x00000000100001d2                unhandled_user_irq_num_in_r0
 *(.binary_info_header)
 .binary_info_header
                0x00000000100001d4       0x14 CMakeFiles/train.dir/home/foobar/pico-sdk/src/rp2_common/pico_standard_link/crt0.S.obj
                0x00000000100001e8                __binary_info_header_end = .
 *(.reset)
 .reset         0x00000000100001e8       0xa0 CMakeFiles/train.dir/home/foobar/pico-sdk/src/rp2_common/pico_standard_link/crt0.S.obj
                0x00000000100001e8                _entry_point
 .reset         0x0000000010000288       0x30 CMakeFiles/train.dir/home/foobar/pico-sdk/src/rp2_common/pico_standard_link/binary_info.c.obj
 *(.init)
 .init          0x00000000100002b8        0x4 /usr/lib/gcc/arm-none-eabi/10.3.1/thumb/v6-m/nofp/crti.o
                0x00000000100002b8                _init
 *(EXCLUDE_FILE(*libm.a: *libc.a:*lib_a-mem*.o *libgcc.a:) .text*)
 .text          0x00000000100002bc       0x98 /usr/lib/gcc/arm-none-eabi/10.3.1/thumb/v6-m/nofp/crtbegin.o
 .text._train_mainreaction_function_0
                0x0000000010000354       0x70 CMakeFiles/train.dir/_train_main.c.obj
                0x0000000010000354                _train_mainreaction_function_0
 .text._train_mainreaction_function_3
                0x00000000100003c4       0x30 CMakeFiles/train.dir/_train_main.c.obj
                0x00000000100003c4                _train_mainreaction_function_3
 .text._train_mainreaction_function_1
                0x00000000100003f4       0x40 CMakeFiles/train.dir/_train_main.c.obj
                0x00000000100003f4                _train_mainreaction_function_1
 .text._train_mainreaction_function_2
                0x0000000010000434       0x8c CMakeFiles/train.dir/_train_main.c.obj
                0x0000000010000434                _train_mainreaction_function_2
 .text._train_mainreaction_function_4
                0x00000000100004c0      0x1b8 CMakeFiles/train.dir/_train_main.c.obj
                0x00000000100004c0                _train_mainreaction_function_4
 .text.new__train_main
                0x0000000010000678      0x1a4 CMakeFiles/train.dir/_train_main.c.obj
                0x0000000010000678                new__train_main
 .text._linereaction_function_0
                0x000000001000081c        0xc CMakeFiles/train.dir/_line.c.obj
                0x000000001000081c                _linereaction_function_0
 .text._linereaction_function_1
                0x0000000010000828       0x98 CMakeFiles/train.dir/_line.c.obj
                0x0000000010000828                _linereaction_function_1
 .text.new__line
                0x00000000100008c0       0xa8 CMakeFiles/train.dir/_line.c.obj
                0x00000000100008c0                new__line
 .text._displayreaction_function_1
                0x0000000010000968       0xb4 CMakeFiles/train.dir/_display.c.obj
                0x0000000010000968                _displayreaction_function_1
 .text._displayreaction_function_0
                0x0000000010000a1c       0x2c CMakeFiles/train.dir/_display.c.obj
                0x0000000010000a1c                _displayreaction_function_0
 .text.new__display
                0x0000000010000a48      0x104 CMakeFiles/train.dir/_display.c.obj
                0x0000000010000a48                new__display
 .text._robotreaction_function_0
                0x0000000010000b4c       0x58 CMakeFiles/train.dir/_robot.c.obj
                0x0000000010000b4c                _robotreaction_function_0
 .text._robotreaction_function_1
                0x0000000010000ba4       0x30 CMakeFiles/train.dir/_robot.c.obj
                0x0000000010000ba4                _robotreaction_function_1
 .text._robotreaction_function_2
                0x0000000010000bd4       0x30 CMakeFiles/train.dir/_robot.c.obj
                0x0000000010000bd4                _robotreaction_function_2
 .text._robotreaction_function_3
                0x0000000010000c04       0x60 CMakeFiles/train.dir/_robot.c.obj
                0x0000000010000c04                _robotreaction_function_3
 .text._robotreaction_function_4
                0x0000000010000c64       0x54 CMakeFiles/train.dir/_robot.c.obj
                0x0000000010000c64                _robotreaction_function_4
 .text._robotreaction_function_5
                0x0000000010000cb8       0x10 CMakeFiles/train.dir/_robot.c.obj
                0x0000000010000cb8                _robotreaction_function_5
 .text._robotreaction_function_6
                0x0000000010000cc8       0x78 CMakeFiles/train.dir/_robot.c.obj
                0x0000000010000cc8                _robotreaction_function_6
 .text.new__robot
                0x0000000010000d40      0x300 CMakeFiles/train.dir/_robot.c.obj
                0x0000000010000d40                new__robot
 .text._motorswithfeedbackreaction_function_0
                0x0000000010001040        0x8 CMakeFiles/train.dir/_motorswithfeedback.c.obj
                0x0000000010001040                _motorswithfeedbackreaction_function_0
 .text._motorswithfeedbackreaction_function_1
                0x0000000010001048        0x8 CMakeFiles/train.dir/_motorswithfeedback.c.obj
                0x0000000010001048                _motorswithfeedbackreaction_function_1
 .text._motorswithfeedbackreaction_function_2
                0x0000000010001050      0x154 CMakeFiles/train.dir/_motorswithfeedback.c.obj
                0x0000000010001050                _motorswithfeedbackreaction_function_2
 .text.new__motorswithfeedback
                0x00000000100011a4      0x12c CMakeFiles/train.dir/_motorswithfeedback.c.obj
                0x00000000100011a4                new__motorswithfeedback
 .text._motorsreaction_function_1
                0x00000000100012d0       0x4c CMakeFiles/train.dir/_motors.c.obj
                0x00000000100012d0                _motorsreaction_function_1
 .text._motorsreaction_function_2
                0x000000001000131c       0x4c CMakeFiles/train.dir/_motors.c.obj
                0x000000001000131c                _motorsreaction_function_2
 .text._motorsreaction_function_0
                0x0000000010001368        0xc CMakeFiles/train.dir/_motors.c.obj
                0x0000000010001368                _motorsreaction_function_0
 .text.new__motors
                0x0000000010001374       0xe8 CMakeFiles/train.dir/_motors.c.obj
                0x0000000010001374                new__motors
 .text._picontrolreaction_function_0
                0x000000001000145c       0x5c CMakeFiles/train.dir/_picontrol.c.obj
                0x000000001000145c                _picontrolreaction_function_0
 .text.new__picontrol
                0x00000000100014b8       0x60 CMakeFiles/train.dir/_picontrol.c.obj
                0x00000000100014b8                new__picontrol
 .text._encodersreaction_function_1
                0x0000000010001518       0x8c CMakeFiles/train.dir/_encoders.c.obj
                0x0000000010001518                _encodersreaction_function_1
 .text._encodersreaction_function_0
                0x00000000100015a4      0x118 CMakeFiles/train.dir/_encoders.c.obj
                0x00000000100015a4                _encodersreaction_function_0
 .text.new__encoders
                0x00000000100016bc       0xa4 CMakeFiles/train.dir/_encoders.c.obj
                0x00000000100016bc                new__encoders
 .text._accelerometerreaction_function_1
                0x0000000010001760       0x78 CMakeFiles/train.dir/_accelerometer.c.obj
                0x0000000010001760                _accelerometerreaction_function_1
 .text._accelerometerreaction_function_0
                0x00000000100017d8       0x20 CMakeFiles/train.dir/_accelerometer.c.obj
                0x00000000100017d8                _accelerometerreaction_function_0
 .text.new__accelerometer
                0x00000000100017f8       0xa4 CMakeFiles/train.dir/_accelerometer.c.obj
                0x00000000100017f8                new__accelerometer
 .text.startup.main
                0x000000001000189c        0xc CMakeFiles/train.dir/train.c.obj
                0x000000001000189c                main
 .text._lf_set_default_command_line_options
                0x00000000100018a8        0x4 CMakeFiles/train.dir/train.c.obj
                0x00000000100018a8                _lf_set_default_command_line_options
 .text._lf_create_environments
                0x00000000100018ac       0x34 CMakeFiles/train.dir/train.c.obj
                0x00000000100018ac                _lf_create_environments
 .text._lf_get_environments
                0x00000000100018e0        0xc CMakeFiles/train.dir/train.c.obj
                0x00000000100018e0                _lf_get_environments
 .text._lf_initialize_trigger_objects
                0x00000000100018ec     0x1148 CMakeFiles/train.dir/train.c.obj
                0x00000000100018ec                _lf_initialize_trigger_objects
 .text.terminate_execution
                0x0000000010002a34        0x4 CMakeFiles/train.dir/train.c.obj
                0x0000000010002a34                terminate_execution
 .text.gpio_set_function
                0x0000000010002a38       0x30 CMakeFiles/train.dir/home/foobar/pico-sdk/src/rp2_common/hardware_gpio/gpio.c.obj
                0x0000000010002a38                gpio_set_function
 .text.gpio_set_pulls
                0x0000000010002a68       0x30 CMakeFiles/train.dir/home/foobar/pico-sdk/src/rp2_common/hardware_gpio/gpio.c.obj
                0x0000000010002a68                gpio_set_pulls
 .text.gpio_init
                0x0000000010002a98       0x3c CMakeFiles/train.dir/home/foobar/pico-sdk/src/rp2_common/hardware_gpio/gpio.c.obj
                0x0000000010002a98                gpio_init
 .text.running_on_fpga
                0x0000000010002ad4       0x10 CMakeFiles/train.dir/home/foobar/pico-sdk/src/rp2_common/pico_platform/platform.c.obj
                0x0000000010002ad4                running_on_fpga
 .text.hw_claim_lock
                0x0000000010002ae4       0x18 CMakeFiles/train.dir/home/foobar/pico-sdk/src/rp2_common/hardware_claim/claim.c.obj
                0x0000000010002ae4                hw_claim_lock
 .text.hw_claim_unlock
                0x0000000010002afc       0x14 CMakeFiles/train.dir/home/foobar/pico-sdk/src/rp2_common/hardware_claim/claim.c.obj
                0x0000000010002afc                hw_claim_unlock
 .text.hw_claim_or_assert
                0x0000000010002b10       0x44 CMakeFiles/train.dir/home/foobar/pico-sdk/src/rp2_common/hardware_claim/claim.c.obj
                0x0000000010002b10                hw_claim_or_assert
 .text.hw_claim_unused_from_range
                0x0000000010002b54       0x9c CMakeFiles/train.dir/home/foobar/pico-sdk/src/rp2_common/hardware_claim/claim.c.obj
                0x0000000010002b54                hw_claim_unused_from_range
 .text.spin_locks_reset
                0x0000000010002bf0       0x1c CMakeFiles/train.dir/home/foobar/pico-sdk/src/rp2_common/hardware_sync/sync.c.obj
                0x0000000010002bf0                spin_locks_reset
 .text.next_striped_spin_lock_num
                0x0000000010002c0c       0x18 CMakeFiles/train.dir/home/foobar/pico-sdk/src/rp2_common/hardware_sync/sync.c.obj
                0x0000000010002c0c                next_striped_spin_lock_num
 .text.spin_lock_claim_unused
                0x0000000010002c24       0x20 CMakeFiles/train.dir/home/foobar/pico-sdk/src/rp2_common/hardware_sync/sync.c.obj
                0x0000000010002c24                spin_lock_claim_unused
 .text.irq_set_enabled
                0x0000000010002c44       0x24 CMakeFiles/train.dir/home/foobar/pico-sdk/src/rp2_common/hardware_irq/irq.c.obj
                0x0000000010002c44                irq_set_enabled
 .text.irq_set_pending
                0x0000000010002c68       0x10 CMakeFiles/train.dir/home/foobar/pico-sdk/src/rp2_common/hardware_irq/irq.c.obj
                0x0000000010002c68                irq_set_pending
 .text.irq_has_shared_handler
                0x0000000010002c78       0x2c CMakeFiles/train.dir/home/foobar/pico-sdk/src/rp2_common/hardware_irq/irq.c.obj
                0x0000000010002c78                irq_has_shared_handler
 .text.irq_get_vtable_handler
                0x0000000010002ca4       0x10 CMakeFiles/train.dir/home/foobar/pico-sdk/src/rp2_common/hardware_irq/irq.c.obj
                0x0000000010002ca4                irq_get_vtable_handler
 .text.irq_set_exclusive_handler
                0x0000000010002cb4       0x54 CMakeFiles/train.dir/home/foobar/pico-sdk/src/rp2_common/hardware_irq/irq.c.obj
                0x0000000010002cb4                irq_set_exclusive_handler
 .text.irq_add_shared_handler
                0x0000000010002d08      0x1e8 CMakeFiles/train.dir/home/foobar/pico-sdk/src/rp2_common/hardware_irq/irq.c.obj
                0x0000000010002d08                irq_add_shared_handler
 .text.irq_remove_handler
                0x0000000010002ef0      0x1b0 CMakeFiles/train.dir/home/foobar/pico-sdk/src/rp2_common/hardware_irq/irq.c.obj
                0x0000000010002ef0                irq_remove_handler
 .text.irq_add_tail_to_free_list
                0x00000000100030a0       0xb4 CMakeFiles/train.dir/home/foobar/pico-sdk/src/rp2_common/hardware_irq/irq.c.obj
                0x00000000100030a0                irq_add_tail_to_free_list
 .text.irq_init_priorities
                0x0000000010003154       0x24 CMakeFiles/train.dir/home/foobar/pico-sdk/src/rp2_common/hardware_irq/irq.c.obj
                0x0000000010003154                irq_init_priorities
 .text.user_irq_claim_unused
                0x0000000010003178       0x28 CMakeFiles/train.dir/home/foobar/pico-sdk/src/rp2_common/hardware_irq/irq.c.obj
                0x0000000010003178                user_irq_claim_unused
 .text.sem_init
                0x00000000100031a0       0x20 CMakeFiles/train.dir/home/foobar/pico-sdk/src/common/pico_sync/sem.c.obj
                0x00000000100031a0                sem_init
 .text.lock_init
                0x00000000100031c0       0x10 CMakeFiles/train.dir/home/foobar/pico-sdk/src/common/pico_sync/lock_core.c.obj
                0x00000000100031c0                lock_init
 .text.mutex_init
                0x00000000100031d0       0x1c CMakeFiles/train.dir/home/foobar/pico-sdk/src/common/pico_sync/mutex.c.obj
                0x00000000100031d0                mutex_init
 .text.recursive_mutex_init
                0x00000000100031ec       0x1c CMakeFiles/train.dir/home/foobar/pico-sdk/src/common/pico_sync/mutex.c.obj
                0x00000000100031ec                recursive_mutex_init
 .text.critical_section_init
                0x0000000010003208       0x20 CMakeFiles/train.dir/home/foobar/pico-sdk/src/common/pico_sync/critical_section.c.obj
                0x0000000010003208                critical_section_init
 .text.critical_section_init_with_lock_num
                0x0000000010003228       0x14 CMakeFiles/train.dir/home/foobar/pico-sdk/src/common/pico_sync/critical_section.c.obj
                0x0000000010003228                critical_section_init_with_lock_num
 .text.timer_pool_entry_comparator
                0x000000001000323c       0x34 CMakeFiles/train.dir/home/foobar/pico-sdk/src/common/pico_time/time.c.obj
                0x000000001000323c                timer_pool_entry_comparator
 .text.sleep_until_callback
                0x0000000010003270       0x30 CMakeFiles/train.dir/home/foobar/pico-sdk/src/common/pico_time/time.c.obj
 .text.add_alarm_under_lock.isra.0
                0x00000000100032a0      0x100 CMakeFiles/train.dir/home/foobar/pico-sdk/src/common/pico_time/time.c.obj
 .text.alarm_pool_alarm_callback
                0x00000000100033a0      0x1bc CMakeFiles/train.dir/home/foobar/pico-sdk/src/common/pico_time/time.c.obj
 .text.alarm_pool_init_default
                0x000000001000355c       0x6c CMakeFiles/train.dir/home/foobar/pico-sdk/src/common/pico_time/time.c.obj
                0x000000001000355c                alarm_pool_init_default
 .text.alarm_pool_get_default
                0x00000000100035c8        0x8 CMakeFiles/train.dir/home/foobar/pico-sdk/src/common/pico_time/time.c.obj
                0x00000000100035c8                alarm_pool_get_default
 .text.alarm_pool_add_alarm_at
                0x00000000100035d0      0x178 CMakeFiles/train.dir/home/foobar/pico-sdk/src/common/pico_time/time.c.obj
                0x00000000100035d0                alarm_pool_add_alarm_at
 .text.alarm_pool_core_num
                0x0000000010003748        0x4 CMakeFiles/train.dir/home/foobar/pico-sdk/src/common/pico_time/time.c.obj
                0x0000000010003748                alarm_pool_core_num
 .text.sleep_until
                0x000000001000374c       0xc4 CMakeFiles/train.dir/home/foobar/pico-sdk/src/common/pico_time/time.c.obj
                0x000000001000374c                sleep_until
 .text.sleep_us
                0x0000000010003810       0x24 CMakeFiles/train.dir/home/foobar/pico-sdk/src/common/pico_time/time.c.obj
                0x0000000010003810                sleep_us
 .text.best_effort_wfe_or_timeout
                0x0000000010003834       0xd4 CMakeFiles/train.dir/home/foobar/pico-sdk/src/common/pico_time/time.c.obj
                0x0000000010003834                best_effort_wfe_or_timeout
 .text.hardware_alarm_irq_handler
                0x0000000010003908       0xbc CMakeFiles/train.dir/home/foobar/pico-sdk/src/rp2_common/hardware_timer/timer.c.obj
 .text.hardware_alarm_claim
                0x00000000100039c4       0x18 CMakeFiles/train.dir/home/foobar/pico-sdk/src/rp2_common/hardware_timer/timer.c.obj
                0x00000000100039c4                hardware_alarm_claim
 .text.time_us_64
                0x00000000100039dc       0x14 CMakeFiles/train.dir/home/foobar/pico-sdk/src/rp2_common/hardware_timer/timer.c.obj
                0x00000000100039dc                time_us_64
 .text.busy_wait_us
                0x00000000100039f0       0x54 CMakeFiles/train.dir/home/foobar/pico-sdk/src/rp2_common/hardware_timer/timer.c.obj
                0x00000000100039f0                busy_wait_us
 .text.busy_wait_until
                0x0000000010003a44       0x20 CMakeFiles/train.dir/home/foobar/pico-sdk/src/rp2_common/hardware_timer/timer.c.obj
                0x0000000010003a44                busy_wait_until
 .text.hardware_alarm_set_callback
                0x0000000010003a64       0x8c CMakeFiles/train.dir/home/foobar/pico-sdk/src/rp2_common/hardware_timer/timer.c.obj
                0x0000000010003a64                hardware_alarm_set_callback
 .text.hardware_alarm_set_target
                0x0000000010003af0       0xd4 CMakeFiles/train.dir/home/foobar/pico-sdk/src/rp2_common/hardware_timer/timer.c.obj
                0x0000000010003af0                hardware_alarm_set_target
 .text.hardware_alarm_cancel
                0x0000000010003bc4       0x3c CMakeFiles/train.dir/home/foobar/pico-sdk/src/rp2_common/hardware_timer/timer.c.obj
                0x0000000010003bc4                hardware_alarm_cancel
 .text.ph_merge_nodes
                0x0000000010003c00       0x68 CMakeFiles/train.dir/home/foobar/pico-sdk/src/common/pico_util/pheap.c.obj
 .text.ph_post_alloc_init
                0x0000000010003c68       0x3c CMakeFiles/train.dir/home/foobar/pico-sdk/src/common/pico_util/pheap.c.obj
                0x0000000010003c68                ph_post_alloc_init
 .text.ph_merge_two_pass
                0x0000000010003ca4       0x90 CMakeFiles/train.dir/home/foobar/pico-sdk/src/common/pico_util/pheap.c.obj
                0x0000000010003ca4                ph_merge_two_pass
 .text.ph_remove_any_head
                0x0000000010003d34      0x100 CMakeFiles/train.dir/home/foobar/pico-sdk/src/common/pico_util/pheap.c.obj
 .text.ph_remove_head
                0x0000000010003e34      0x104 CMakeFiles/train.dir/home/foobar/pico-sdk/src/common/pico_util/pheap.c.obj
                0x0000000010003e34                ph_remove_head
 .text.ph_remove_and_free_node
                0x0000000010003f38       0x7c CMakeFiles/train.dir/home/foobar/pico-sdk/src/common/pico_util/pheap.c.obj
                0x0000000010003f38                ph_remove_and_free_node
 .text.clocks_init
                0x0000000010003fb4      0x2d0 CMakeFiles/train.dir/home/foobar/pico-sdk/src/rp2_common/hardware_clocks/clocks.c.obj
                0x0000000010003fb4                clocks_init
 .text.clock_get_hz
                0x0000000010004284        0xc CMakeFiles/train.dir/home/foobar/pico-sdk/src/rp2_common/hardware_clocks/clocks.c.obj
                0x0000000010004284                clock_get_hz
 .text.pll_init
                0x0000000010004290       0xa0 CMakeFiles/train.dir/home/foobar/pico-sdk/src/rp2_common/hardware_pll/pll.c.obj
                0x0000000010004290                pll_init
 .text.watchdog_start_tick
                0x0000000010004330       0x10 CMakeFiles/train.dir/home/foobar/pico-sdk/src/rp2_common/hardware_watchdog/watchdog.c.obj
                0x0000000010004330                watchdog_start_tick
 .text.watchdog_reboot
                0x0000000010004340       0x98 CMakeFiles/train.dir/home/foobar/pico-sdk/src/rp2_common/hardware_watchdog/watchdog.c.obj
                0x0000000010004340                watchdog_reboot
 .text.xosc_init
                0x00000000100043d8       0x28 CMakeFiles/train.dir/home/foobar/pico-sdk/src/rp2_common/hardware_xosc/xosc.c.obj
                0x00000000100043d8                xosc_init
 .text.runtime_init
                0x0000000010004400       0xf0 CMakeFiles/train.dir/home/foobar/pico-sdk/src/rp2_common/pico_runtime/runtime.c.obj
                0x0000000010004400                runtime_init
 .text._exit    0x00000000100044f0        0x4 CMakeFiles/train.dir/home/foobar/pico-sdk/src/rp2_common/pico_runtime/runtime.c.obj
                0x00000000100044f0                _exit
 .text._sbrk    0x00000000100044f4       0x34 CMakeFiles/train.dir/home/foobar/pico-sdk/src/rp2_common/pico_runtime/runtime.c.obj
                0x00000000100044f4                _sbrk
 .text.exit     0x0000000010004528        0x8 CMakeFiles/train.dir/home/foobar/pico-sdk/src/rp2_common/pico_runtime/runtime.c.obj
                0x0000000010004528                exit
 .text.__assert_func
                0x0000000010004530       0x34 CMakeFiles/train.dir/home/foobar/pico-sdk/src/rp2_common/pico_runtime/runtime.c.obj
                0x0000000010004530                __assert_func
 .text.panic    0x0000000010004564       0x30 CMakeFiles/train.dir/home/foobar/pico-sdk/src/rp2_common/pico_runtime/runtime.c.obj
                0x0000000010004564                panic
 .text.hard_assertion_failure
                0x0000000010004594        0xc CMakeFiles/train.dir/home/foobar/pico-sdk/src/rp2_common/pico_runtime/runtime.c.obj
                0x0000000010004594                hard_assertion_failure
 .text._out_buffer
                0x00000000100045a0        0x8 CMakeFiles/train.dir/home/foobar/pico-sdk/src/rp2_common/pico_printf/printf.c.obj
 .text._out_null
                0x00000000100045a8        0x4 CMakeFiles/train.dir/home/foobar/pico-sdk/src/rp2_common/pico_printf/printf.c.obj
 .text._out_rev
                0x00000000100045ac       0x9c CMakeFiles/train.dir/home/foobar/pico-sdk/src/rp2_common/pico_printf/printf.c.obj
 .text._ntoa_format
                0x0000000010004648      0x1cc CMakeFiles/train.dir/home/foobar/pico-sdk/src/rp2_common/pico_printf/printf.c.obj
 .text._out_char
                0x0000000010004814       0x10 CMakeFiles/train.dir/home/foobar/pico-sdk/src/rp2_common/pico_printf/printf.c.obj
 .text._out_fct
                0x0000000010004824       0x10 CMakeFiles/train.dir/home/foobar/pico-sdk/src/rp2_common/pico_printf/printf.c.obj
 .text._etoa    0x0000000010004834      0x44c CMakeFiles/train.dir/home/foobar/pico-sdk/src/rp2_common/pico_printf/printf.c.obj
 .text._ftoa    0x0000000010004c80      0x398 CMakeFiles/train.dir/home/foobar/pico-sdk/src/rp2_common/pico_printf/printf.c.obj
 .text._vsnprintf
                0x0000000010005018      0xb04 CMakeFiles/train.dir/home/foobar/pico-sdk/src/rp2_common/pico_printf/printf.c.obj
 .text.__wrap_snprintf
                0x0000000010005b1c       0x28 CMakeFiles/train.dir/home/foobar/pico-sdk/src/rp2_common/pico_printf/printf.c.obj
                0x0000000010005b1c                __wrap_snprintf
 .text.vfctprintf
                0x0000000010005b44       0x20 CMakeFiles/train.dir/home/foobar/pico-sdk/src/rp2_common/pico_printf/printf.c.obj
                0x0000000010005b44                vfctprintf
 .text.weak_raw_printf
                0x0000000010005b64       0x40 CMakeFiles/train.dir/home/foobar/pico-sdk/src/rp2_common/pico_printf/printf.c.obj
                0x0000000010005b64                weak_raw_printf
 .text.weak_raw_vprintf
                0x0000000010005ba4       0x30 CMakeFiles/train.dir/home/foobar/pico-sdk/src/rp2_common/pico_printf/printf.c.obj
                0x0000000010005ba4                weak_raw_vprintf
 .text          0x0000000010005bd4       0x10 CMakeFiles/train.dir/home/foobar/pico-sdk/src/rp2_common/pico_bit_ops/bit_ops_aeabi.S.obj
 .text.ctzsi    0x0000000010005be4        0xc CMakeFiles/train.dir/home/foobar/pico-sdk/src/rp2_common/pico_bit_ops/bit_ops_aeabi.S.obj
                0x0000000010005be4                __wrap___ctzsi2
 .text.rom_func_lookup
                0x0000000010005bf0       0x10 CMakeFiles/train.dir/home/foobar/pico-sdk/src/rp2_common/pico_bootrom/bootrom.c.obj
                0x0000000010005bf0                rom_func_lookup
 .text.rom_data_lookup
                0x0000000010005c00       0x10 CMakeFiles/train.dir/home/foobar/pico-sdk/src/rp2_common/pico_bootrom/bootrom.c.obj
                0x0000000010005c00                rom_data_lookup
 .text.rom_funcs_lookup
                0x0000000010005c10       0x44 CMakeFiles/train.dir/home/foobar/pico-sdk/src/rp2_common/pico_bootrom/bootrom.c.obj
                0x0000000010005c10                rom_funcs_lookup
 .text.__wrap___aeabi_idiv
                0x0000000010005c54       0x50 CMakeFiles/train.dir/home/foobar/pico-sdk/src/rp2_common/pico_divider/divider.S.obj
                0x0000000010005c54                __wrap___aeabi_idivmod
                0x0000000010005c54                divmod_s32s32
                0x0000000010005c54                div_s32s32
                0x0000000010005c54                __wrap___aeabi_idiv
                0x0000000010005c5c                divmod_s32s32_unsafe
                0x0000000010005c88                divmod_s32s32_savestate
 .text.__wrap___aeabi_uidiv
                0x0000000010005ca4       0x4c CMakeFiles/train.dir/home/foobar/pico-sdk/src/rp2_common/pico_divider/divider.S.obj
                0x0000000010005ca4                __wrap___aeabi_uidiv
                0x0000000010005ca4                __wrap___aeabi_uidivmod
                0x0000000010005ca4                div_u32u32
                0x0000000010005ca4                divmod_u32u32
                0x0000000010005cac                divmod_u32u32_unsafe
                0x0000000010005cd4                divmod_u32u32_savestate
 .text.__wrap___aeabi_ldiv
                0x0000000010005cf0      0x424 CMakeFiles/train.dir/home/foobar/pico-sdk/src/rp2_common/pico_divider/divider.S.obj
                0x0000000010005cf0                div_s64s64
                0x0000000010005cf0                divmod_s64s64
                0x0000000010005cf0                __wrap___aeabi_ldivmod
                0x0000000010005d20                div_u64u64
                0x0000000010005d20                divmod_u64u64
                0x0000000010005d20                __wrap___aeabi_uldivmod
                0x0000000010005d30                divmod_u64u64_savestate
                0x0000000010005d50                divmod_s64s64_unsafe
                0x0000000010005dd8                divmod_u64u64_unsafe
 .text.__wrap___aeabi_darithmetic
                0x0000000010006114       0x60 CMakeFiles/train.dir/home/foobar/pico-sdk/src/rp2_common/pico_double/double_aeabi.S.obj
                0x0000000010006114                __wrap___aeabi_drsub
                0x000000001000611a                __wrap___aeabi_dsub
                0x0000000010006124                __wrap___aeabi_dadd
                0x000000001000612e                __wrap___aeabi_ddiv
                0x0000000010006162                __wrap___aeabi_dmul
 .text.__wrap___aeabi_cdcmple
                0x0000000010006174       0x6c CMakeFiles/train.dir/home/foobar/pico-sdk/src/rp2_common/pico_double/double_aeabi.S.obj
                0x0000000010006174                __wrap___aeabi_cdrcmple
                0x0000000010006184                __wrap___aeabi_cdcmple
                0x0000000010006184                __wrap___aeabi_cdcmpeq
 .text.__wrap___aeabi_dcmpeq
                0x00000000100061e0       0x10 CMakeFiles/train.dir/home/foobar/pico-sdk/src/rp2_common/pico_double/double_aeabi.S.obj
                0x00000000100061e0                __wrap___aeabi_dcmpeq
 .text.__wrap___aeabi_dcmplt
                0x00000000100061f0        0xc CMakeFiles/train.dir/home/foobar/pico-sdk/src/rp2_common/pico_double/double_aeabi.S.obj
                0x00000000100061f0                __wrap___aeabi_dcmplt
 .text.__wrap___aeabi_dcmple
                0x00000000100061fc       0x10 CMakeFiles/train.dir/home/foobar/pico-sdk/src/rp2_common/pico_double/double_aeabi.S.obj
                0x00000000100061fc                __wrap___aeabi_dcmple
 .text.__wrap___aeabi_dcmpge
                0x000000001000620c       0x10 CMakeFiles/train.dir/home/foobar/pico-sdk/src/rp2_common/pico_double/double_aeabi.S.obj
                0x000000001000620c                __wrap___aeabi_dcmpge
 .text.__wrap___aeabi_dcmpgt
                0x000000001000621c        0xa CMakeFiles/train.dir/home/foobar/pico-sdk/src/rp2_common/pico_double/double_aeabi.S.obj
                0x000000001000621c                __wrap___aeabi_dcmpgt
 .text.__wrap___aeabi_dcmpun
                0x0000000010006226       0x1c CMakeFiles/train.dir/home/foobar/pico-sdk/src/rp2_common/pico_double/double_aeabi.S.obj
                0x0000000010006226                __wrap___aeabi_dcmpun
 *fill*         0x0000000010006242        0x2 
 .text.__wrap___aeabi_i2d
                0x0000000010006244       0x38 CMakeFiles/train.dir/home/foobar/pico-sdk/src/rp2_common/pico_double/double_aeabi.S.obj
                0x0000000010006244                __wrap___aeabi_ui2d
                0x000000001000624c                __wrap___aeabi_i2d
 .text.__wrap___aeabi_d2iz
                0x000000001000627c       0x48 CMakeFiles/train.dir/home/foobar/pico-sdk/src/rp2_common/pico_double/double_aeabi.S.obj
                0x000000001000627c                __wrap___aeabi_d2iz
                0x000000001000627c                double2int_z
 .text.__wrap___aeabi_d2uiz
                0x00000000100062c4       0x10 CMakeFiles/train.dir/home/foobar/pico-sdk/src/rp2_common/pico_double/double_aeabi.S.obj
                0x00000000100062c4                double2uint
                0x00000000100062c4                __wrap___aeabi_d2uiz
 .text.__wrap___aeabi_d2f
                0x00000000100062d4       0x10 CMakeFiles/train.dir/home/foobar/pico-sdk/src/rp2_common/pico_double/double_aeabi.S.obj
                0x00000000100062d4                __wrap___aeabi_d2f
 .text.missing_double_func_shim
                0x00000000100062e4        0xc CMakeFiles/train.dir/home/foobar/pico-sdk/src/rp2_common/pico_double/double_init_rom.c.obj
 .text.__aeabi_double_init
                0x00000000100062f0       0x98 CMakeFiles/train.dir/home/foobar/pico-sdk/src/rp2_common/pico_double/double_init_rom.c.obj
                0x00000000100062f0                __aeabi_double_init
 .text.double_table_shim_on_use_helper
                0x0000000010006388       0x2c CMakeFiles/train.dir/home/foobar/pico-sdk/src/rp2_common/pico_double/double_v1_rom_shim.S.obj
                0x0000000010006388                double_table_shim_on_use_helper
 .text.__aeabi_lmul
                0x00000000100063b4       0x32 CMakeFiles/train.dir/home/foobar/pico-sdk/src/rp2_common/pico_int64_ops/pico_int64_ops_aeabi.S.obj
                0x00000000100063b4                __wrap___aeabi_lmul
 *fill*         0x00000000100063e6        0x2 
 .text.__wrap___aeabi_farithmetic
                0x00000000100063e8       0x48 CMakeFiles/train.dir/home/foobar/pico-sdk/src/rp2_common/pico_float/float_aeabi.S.obj
                0x00000000100063e8                __wrap___aeabi_frsub
                0x00000000100063ee                __wrap___aeabi_fsub
                0x00000000100063f4                __wrap___aeabi_fadd
                0x00000000100063fa                __wrap___aeabi_fdiv
                0x0000000010006422                __wrap___aeabi_fmul
 .text.__wrap___aeabi_cfcmple
                0x0000000010006430       0x50 CMakeFiles/train.dir/home/foobar/pico-sdk/src/rp2_common/pico_float/float_aeabi.S.obj
                0x0000000010006430                __wrap___aeabi_cfrcmple
                0x000000001000643c                __wrap___aeabi_cfcmpeq
                0x000000001000643c                __wrap___aeabi_cfcmple
 .text.__wrap___aeabi_fcmpeq
                0x0000000010006480       0x10 CMakeFiles/train.dir/home/foobar/pico-sdk/src/rp2_common/pico_float/float_aeabi.S.obj
                0x0000000010006480                __wrap___aeabi_fcmpeq
 .text.__wrap___aeabi_fcmpge
                0x0000000010006490       0x10 CMakeFiles/train.dir/home/foobar/pico-sdk/src/rp2_common/pico_float/float_aeabi.S.obj
                0x0000000010006490                __wrap___aeabi_fcmpge
 .text.__wrap___aeabi_fcmpgt
                0x00000000100064a0        0xa CMakeFiles/train.dir/home/foobar/pico-sdk/src/rp2_common/pico_float/float_aeabi.S.obj
                0x00000000100064a0                __wrap___aeabi_fcmpgt
 .text.__wrap___aeabi_ui2f
                0x00000000100064aa        0xa CMakeFiles/train.dir/home/foobar/pico-sdk/src/rp2_common/pico_float/float_aeabi.S.obj
                0x00000000100064aa                __wrap___aeabi_ui2f
 .text.__wrap___aeabi_i2f
                0x00000000100064b4       0x44 CMakeFiles/train.dir/home/foobar/pico-sdk/src/rp2_common/pico_float/float_aeabi.S.obj
                0x00000000100064b4                __wrap___aeabi_i2f
 .text.__wrap___aeabi_f2uiz
                0x00000000100064f8        0xc CMakeFiles/train.dir/home/foobar/pico-sdk/src/rp2_common/pico_float/float_aeabi.S.obj
                0x00000000100064f8                __wrap___aeabi_f2uiz
 .text.__wrap___aeabi_l2f
                0x0000000010006504       0x18 CMakeFiles/train.dir/home/foobar/pico-sdk/src/rp2_common/pico_float/float_aeabi.S.obj
                0x0000000010006508                __wrap___aeabi_l2f
 .text.__wrap___aeabi_f2d
                0x000000001000651c        0xc CMakeFiles/train.dir/home/foobar/pico-sdk/src/rp2_common/pico_float/float_aeabi.S.obj
                0x000000001000651c                __wrap___aeabi_f2d
 .text.missing_float_func_shim
                0x0000000010006528        0xc CMakeFiles/train.dir/home/foobar/pico-sdk/src/rp2_common/pico_float/float_init_rom.c.obj
 .text.__aeabi_float_init
                0x0000000010006534       0x5c CMakeFiles/train.dir/home/foobar/pico-sdk/src/rp2_common/pico_float/float_init_rom.c.obj
                0x0000000010006534                __aeabi_float_init
 .text.__wrap_malloc
                0x0000000010006590       0x3c CMakeFiles/train.dir/home/foobar/pico-sdk/src/rp2_common/pico_malloc/pico_malloc.c.obj
                0x0000000010006590                __wrap_malloc
 .text.__wrap_calloc
                0x00000000100065cc       0x40 CMakeFiles/train.dir/home/foobar/pico-sdk/src/rp2_common/pico_malloc/pico_malloc.c.obj
                0x00000000100065cc                __wrap_calloc
 .text.__wrap_realloc
                0x000000001000660c       0x40 CMakeFiles/train.dir/home/foobar/pico-sdk/src/rp2_common/pico_malloc/pico_malloc.c.obj
                0x000000001000660c                __wrap_realloc
 .text.__wrap_free
                0x000000001000664c       0x20 CMakeFiles/train.dir/home/foobar/pico-sdk/src/rp2_common/pico_malloc/pico_malloc.c.obj
                0x000000001000664c                __wrap_free
 .text          0x000000001000666c       0x10 CMakeFiles/train.dir/home/foobar/pico-sdk/src/rp2_common/pico_mem_ops/mem_ops_aeabi.S.obj
                0x000000001000666c                __aeabi_mem_init
 .text.memset   0x000000001000667c        0xc CMakeFiles/train.dir/home/foobar/pico-sdk/src/rp2_common/pico_mem_ops/mem_ops_aeabi.S.obj
                0x000000001000667c                __wrap_memset
 .text.memcpy   0x0000000010006688        0xc CMakeFiles/train.dir/home/foobar/pico-sdk/src/rp2_common/pico_mem_ops/mem_ops_aeabi.S.obj
                0x0000000010006688                __wrap___aeabi_memcpy
                0x0000000010006688                __wrap_memcpy
 .text.stdio_out_chars_no_crlf
                0x0000000010006694       0x10 CMakeFiles/train.dir/home/foobar/pico-sdk/src/rp2_common/pico_stdio/stdio.c.obj
 .text.stdio_out_chars_crlf
                0x00000000100066a4       0xb4 CMakeFiles/train.dir/home/foobar/pico-sdk/src/rp2_common/pico_stdio/stdio.c.obj
 .text.stdio_buffered_printer
                0x0000000010006758       0x64 CMakeFiles/train.dir/home/foobar/pico-sdk/src/rp2_common/pico_stdio/stdio.c.obj
 .text.stdio_put_string.isra.0
                0x00000000100067bc       0xfc CMakeFiles/train.dir/home/foobar/pico-sdk/src/rp2_common/pico_stdio/stdio.c.obj
 .text.__wrap_putchar
                0x00000000100068b8       0x98 CMakeFiles/train.dir/home/foobar/pico-sdk/src/rp2_common/pico_stdio/stdio.c.obj
                0x00000000100068b8                __wrap_putchar
 .text.__wrap_puts
                0x0000000010006950       0x3c CMakeFiles/train.dir/home/foobar/pico-sdk/src/rp2_common/pico_stdio/stdio.c.obj
                0x0000000010006950                __wrap_puts
 .text._read    0x000000001000698c       0x94 CMakeFiles/train.dir/home/foobar/pico-sdk/src/rp2_common/pico_stdio/stdio.c.obj
                0x000000001000698c                _read
 .text._write   0x0000000010006a20       0xac CMakeFiles/train.dir/home/foobar/pico-sdk/src/rp2_common/pico_stdio/stdio.c.obj
                0x0000000010006a20                _write
 .text._close   0x0000000010006acc        0x8 CMakeFiles/train.dir/home/foobar/pico-sdk/src/rp2_common/pico_stdio/stdio.c.obj
                0x0000000010006acc                _close
 .text._lseek   0x0000000010006ad4        0x8 CMakeFiles/train.dir/home/foobar/pico-sdk/src/rp2_common/pico_stdio/stdio.c.obj
                0x0000000010006ad4                _lseek
 .text._fstat   0x0000000010006adc        0x8 CMakeFiles/train.dir/home/foobar/pico-sdk/src/rp2_common/pico_stdio/stdio.c.obj
                0x0000000010006adc                _fstat
 .text._isatty  0x0000000010006ae4        0xc CMakeFiles/train.dir/home/foobar/pico-sdk/src/rp2_common/pico_stdio/stdio.c.obj
                0x0000000010006ae4                _isatty
 .text.stdio_set_driver_enabled
                0x0000000010006af0       0x30 CMakeFiles/train.dir/home/foobar/pico-sdk/src/rp2_common/pico_stdio/stdio.c.obj
                0x0000000010006af0                stdio_set_driver_enabled
 .text.__wrap_vprintf
                0x0000000010006b20       0xd8 CMakeFiles/train.dir/home/foobar/pico-sdk/src/rp2_common/pico_stdio/stdio.c.obj
                0x0000000010006b20                __wrap_vprintf
 .text.__wrap_printf
                0x0000000010006bf8       0x18 CMakeFiles/train.dir/home/foobar/pico-sdk/src/rp2_common/pico_stdio/stdio.c.obj
                0x0000000010006bf8                __wrap_printf
 .text.stdio_init_all
                0x0000000010006c10       0x10 CMakeFiles/train.dir/home/foobar/pico-sdk/src/rp2_common/pico_stdio/stdio.c.obj
                0x0000000010006c10                stdio_init_all
 .text.stdio_uart_init
                0x0000000010006c20        0x4 CMakeFiles/train.dir/home/foobar/pico-sdk/src/rp2_common/pico_stdio_uart/stdio_uart.c.obj
                0x0000000010006c20                stdio_uart_init
 .text.resetd_init
                0x0000000010006c24        0x4 CMakeFiles/train.dir/home/foobar/pico-sdk/src/rp2_common/pico_stdio_usb/reset_interface.c.obj
 .text.resetd_reset
                0x0000000010006c28        0xc CMakeFiles/train.dir/home/foobar/pico-sdk/src/rp2_common/pico_stdio_usb/reset_interface.c.obj
 .text.resetd_open
                0x0000000010006c34       0x28 CMakeFiles/train.dir/home/foobar/pico-sdk/src/rp2_common/pico_stdio_usb/reset_interface.c.obj
 .text.resetd_xfer_cb
                0x0000000010006c5c        0x4 CMakeFiles/train.dir/home/foobar/pico-sdk/src/rp2_common/pico_stdio_usb/reset_interface.c.obj
 .text.resetd_control_xfer_cb
                0x0000000010006c60       0x64 CMakeFiles/train.dir/home/foobar/pico-sdk/src/rp2_common/pico_stdio_usb/reset_interface.c.obj
 .text.usbd_app_driver_get_cb
                0x0000000010006cc4        0xc CMakeFiles/train.dir/home/foobar/pico-sdk/src/rp2_common/pico_stdio_usb/reset_interface.c.obj
                0x0000000010006cc4                usbd_app_driver_get_cb
 .text.tud_cdc_line_coding_cb
                0x0000000010006cd0       0x34 CMakeFiles/train.dir/home/foobar/pico-sdk/src/rp2_common/pico_stdio_usb/reset_interface.c.obj
                0x0000000010006cd0                tud_cdc_line_coding_cb
 .text.stdio_usb_set_chars_available_callback
                0x0000000010006d04       0x14 CMakeFiles/train.dir/home/foobar/pico-sdk/src/rp2_common/pico_stdio_usb/stdio_usb.c.obj
                0x0000000010006d04                stdio_usb_set_chars_available_callback
 .text.usb_irq  0x0000000010006d18       0x10 CMakeFiles/train.dir/home/foobar/pico-sdk/src/rp2_common/pico_stdio_usb/stdio_usb.c.obj
 .text.timer_task
                0x0000000010006d28       0x54 CMakeFiles/train.dir/home/foobar/pico-sdk/src/rp2_common/pico_stdio_usb/stdio_usb.c.obj
 .text.stdio_usb_in_chars
                0x0000000010006d7c       0x90 CMakeFiles/train.dir/home/foobar/pico-sdk/src/rp2_common/pico_stdio_usb/stdio_usb.c.obj
                0x0000000010006d7c                stdio_usb_in_chars
 .text.stdio_usb_out_chars
                0x0000000010006e0c      0x100 CMakeFiles/train.dir/home/foobar/pico-sdk/src/rp2_common/pico_stdio_usb/stdio_usb.c.obj
 .text.low_priority_worker_irq
                0x0000000010006f0c       0xa8 CMakeFiles/train.dir/home/foobar/pico-sdk/src/rp2_common/pico_stdio_usb/stdio_usb.c.obj
 .text.tud_cdc_rx_cb
                0x0000000010006fb4       0x20 CMakeFiles/train.dir/home/foobar/pico-sdk/src/rp2_common/pico_stdio_usb/stdio_usb.c.obj
                0x0000000010006fb4                tud_cdc_rx_cb
 .text.stdio_usb_init
                0x0000000010006fd4       0xdc CMakeFiles/train.dir/home/foobar/pico-sdk/src/rp2_common/pico_stdio_usb/stdio_usb.c.obj
                0x0000000010006fd4                stdio_usb_init
 .text.tud_descriptor_device_cb
                0x00000000100070b0        0x8 CMakeFiles/train.dir/home/foobar/pico-sdk/src/rp2_common/pico_stdio_usb/stdio_usb_descriptors.c.obj
                0x00000000100070b0                tud_descriptor_device_cb
 .text.tud_descriptor_configuration_cb
                0x00000000100070b8        0x8 CMakeFiles/train.dir/home/foobar/pico-sdk/src/rp2_common/pico_stdio_usb/stdio_usb_descriptors.c.obj
                0x00000000100070b8                tud_descriptor_configuration_cb
 .text.tud_descriptor_string_cb
                0x00000000100070c0       0x74 CMakeFiles/train.dir/home/foobar/pico-sdk/src/rp2_common/pico_stdio_usb/stdio_usb_descriptors.c.obj
                0x00000000100070c0                tud_descriptor_string_cb
 .text.startup._retrieve_unique_id_on_boot
                0x0000000010007134       0x10 CMakeFiles/train.dir/home/foobar/pico-sdk/src/rp2_common/pico_unique_id/unique_id.c.obj
 .text.pico_get_unique_board_id_string
                0x0000000010007144      0x1a8 CMakeFiles/train.dir/home/foobar/pico-sdk/src/rp2_common/pico_unique_id/unique_id.c.obj
                0x0000000010007144                pico_get_unique_board_id_string
 .text.flash_get_unique_id
                0x00000000100072ec       0x40 CMakeFiles/train.dir/home/foobar/pico-sdk/src/rp2_common/hardware_flash/flash.c.obj
                0x00000000100072ec                flash_get_unique_id
 .text.dcd_int_enable
                0x000000001000732c        0xc CMakeFiles/train.dir/home/foobar/pico-sdk/lib/tinyusb/src/portable/raspberrypi/rp2040/dcd_rp2040.c.obj
                0x000000001000732c                dcd_int_enable
 .text.dcd_set_address
                0x0000000010007338       0x14 CMakeFiles/train.dir/home/foobar/pico-sdk/lib/tinyusb/src/portable/raspberrypi/rp2040/dcd_rp2040.c.obj
                0x0000000010007338                dcd_set_address
 .text.dcd_connect
                0x000000001000734c       0x10 CMakeFiles/train.dir/home/foobar/pico-sdk/lib/tinyusb/src/portable/raspberrypi/rp2040/dcd_rp2040.c.obj
                0x000000001000734c                dcd_connect
 .text.dcd_init
                0x000000001000735c       0x98 CMakeFiles/train.dir/home/foobar/pico-sdk/lib/tinyusb/src/portable/raspberrypi/rp2040/dcd_rp2040.c.obj
                0x000000001000735c                dcd_init
 .text.dcd_edpt0_status_complete
                0x00000000100073f4       0x1c CMakeFiles/train.dir/home/foobar/pico-sdk/lib/tinyusb/src/portable/raspberrypi/rp2040/dcd_rp2040.c.obj
                0x00000000100073f4                dcd_edpt0_status_complete
 .text.dcd_edpt_open
                0x0000000010007410      0x108 CMakeFiles/train.dir/home/foobar/pico-sdk/lib/tinyusb/src/portable/raspberrypi/rp2040/dcd_rp2040.c.obj
                0x0000000010007410                dcd_edpt_open
 .text.dcd_edpt_close_all
                0x0000000010007518        0x8 CMakeFiles/train.dir/home/foobar/pico-sdk/lib/tinyusb/src/portable/raspberrypi/rp2040/dcd_rp2040.c.obj
                0x0000000010007518                dcd_edpt_close_all
 .text.dcd_edpt_xfer
                0x0000000010007520       0x24 CMakeFiles/train.dir/home/foobar/pico-sdk/lib/tinyusb/src/portable/raspberrypi/rp2040/dcd_rp2040.c.obj
                0x0000000010007520                dcd_edpt_xfer
 .text.dcd_edpt_stall
                0x0000000010007544       0x38 CMakeFiles/train.dir/home/foobar/pico-sdk/lib/tinyusb/src/portable/raspberrypi/rp2040/dcd_rp2040.c.obj
                0x0000000010007544                dcd_edpt_stall
 .text.dcd_edpt_clear_stall
                0x000000001000757c       0x30 CMakeFiles/train.dir/home/foobar/pico-sdk/lib/tinyusb/src/portable/raspberrypi/rp2040/dcd_rp2040.c.obj
                0x000000001000757c                dcd_edpt_clear_stall
 .text.rp2040_usb_init
                0x00000000100075ac       0x4c CMakeFiles/train.dir/home/foobar/pico-sdk/lib/tinyusb/src/portable/raspberrypi/rp2040/rp2040_usb.c.obj
                0x00000000100075ac                rp2040_usb_init
 .text.hw_endpoint_xfer_start
                0x00000000100075f8       0x50 CMakeFiles/train.dir/home/foobar/pico-sdk/lib/tinyusb/src/portable/raspberrypi/rp2040/rp2040_usb.c.obj
                0x00000000100075f8                hw_endpoint_xfer_start
 .text.tud_mounted
                0x0000000010007648       0x10 CMakeFiles/train.dir/home/foobar/pico-sdk/lib/tinyusb/src/device/usbd.c.obj
                0x0000000010007648                tud_mounted
 .text.tud_suspended
                0x0000000010007658       0x10 CMakeFiles/train.dir/home/foobar/pico-sdk/lib/tinyusb/src/device/usbd.c.obj
                0x0000000010007658                tud_suspended
 .text.tud_inited
                0x0000000010007668       0x14 CMakeFiles/train.dir/home/foobar/pico-sdk/lib/tinyusb/src/device/usbd.c.obj
                0x0000000010007668                tud_inited
 .text.tud_init
                0x000000001000767c       0xe4 CMakeFiles/train.dir/home/foobar/pico-sdk/lib/tinyusb/src/device/usbd.c.obj
                0x000000001000767c                tud_init
 .text.tud_task_ext
                0x0000000010007760      0x854 CMakeFiles/train.dir/home/foobar/pico-sdk/lib/tinyusb/src/device/usbd.c.obj
                0x0000000010007760                tud_task_ext
 .text.usbd_open_edpt_pair
                0x0000000010007fb4       0x9c CMakeFiles/train.dir/home/foobar/pico-sdk/lib/tinyusb/src/device/usbd.c.obj
                0x0000000010007fb4                usbd_open_edpt_pair
 .text.usbd_defer_func
                0x0000000010008050       0x48 CMakeFiles/train.dir/home/foobar/pico-sdk/lib/tinyusb/src/device/usbd.c.obj
                0x0000000010008050                usbd_defer_func
 .text.usbd_edpt_open
                0x0000000010008098       0x34 CMakeFiles/train.dir/home/foobar/pico-sdk/lib/tinyusb/src/device/usbd.c.obj
                0x0000000010008098                usbd_edpt_open
 .text.usbd_edpt_claim
                0x00000000100080cc       0x28 CMakeFiles/train.dir/home/foobar/pico-sdk/lib/tinyusb/src/device/usbd.c.obj
                0x00000000100080cc                usbd_edpt_claim
 .text.usbd_edpt_release
                0x00000000100080f4       0x28 CMakeFiles/train.dir/home/foobar/pico-sdk/lib/tinyusb/src/device/usbd.c.obj
                0x00000000100080f4                usbd_edpt_release
 .text.usbd_edpt_xfer
                0x000000001000811c       0x4c CMakeFiles/train.dir/home/foobar/pico-sdk/lib/tinyusb/src/device/usbd.c.obj
                0x000000001000811c                usbd_edpt_xfer
 .text.tud_control_status
                0x0000000010008168       0x30 CMakeFiles/train.dir/home/foobar/pico-sdk/lib/tinyusb/src/device/usbd_control.c.obj
                0x0000000010008168                tud_control_status
 .text.tud_control_xfer
                0x0000000010008198       0xbc CMakeFiles/train.dir/home/foobar/pico-sdk/lib/tinyusb/src/device/usbd_control.c.obj
                0x0000000010008198                tud_control_xfer
 .text.usbd_control_reset
                0x0000000010008254       0x14 CMakeFiles/train.dir/home/foobar/pico-sdk/lib/tinyusb/src/device/usbd_control.c.obj
                0x0000000010008254                usbd_control_reset
 .text.usbd_control_set_complete_callback
                0x0000000010008268        0xc CMakeFiles/train.dir/home/foobar/pico-sdk/lib/tinyusb/src/device/usbd_control.c.obj
                0x0000000010008268                usbd_control_set_complete_callback
 .text.usbd_control_set_request
                0x0000000010008274       0x1c CMakeFiles/train.dir/home/foobar/pico-sdk/lib/tinyusb/src/device/usbd_control.c.obj
                0x0000000010008274                usbd_control_set_request
 .text.usbd_control_xfer_cb
                0x0000000010008290       0xfc CMakeFiles/train.dir/home/foobar/pico-sdk/lib/tinyusb/src/device/usbd_control.c.obj
                0x0000000010008290                usbd_control_xfer_cb
 .text.tud_cdc_n_connected
                0x000000001000838c       0x30 CMakeFiles/train.dir/home/foobar/pico-sdk/lib/tinyusb/src/class/cdc/cdc_device.c.obj
                0x000000001000838c                tud_cdc_n_connected
 .text.tud_cdc_n_available
                0x00000000100083bc       0x18 CMakeFiles/train.dir/home/foobar/pico-sdk/lib/tinyusb/src/class/cdc/cdc_device.c.obj
                0x00000000100083bc                tud_cdc_n_available
 .text.tud_cdc_n_read
                0x00000000100083d4       0x70 CMakeFiles/train.dir/home/foobar/pico-sdk/lib/tinyusb/src/class/cdc/cdc_device.c.obj
                0x00000000100083d4                tud_cdc_n_read
 .text.tud_cdc_n_write_flush
                0x0000000010008444       0x78 CMakeFiles/train.dir/home/foobar/pico-sdk/lib/tinyusb/src/class/cdc/cdc_device.c.obj
                0x0000000010008444                tud_cdc_n_write_flush
 .text.tud_cdc_n_write
                0x00000000100084bc       0x34 CMakeFiles/train.dir/home/foobar/pico-sdk/lib/tinyusb/src/class/cdc/cdc_device.c.obj
                0x00000000100084bc                tud_cdc_n_write
 .text.tud_cdc_n_write_available
                0x00000000100084f0       0x18 CMakeFiles/train.dir/home/foobar/pico-sdk/lib/tinyusb/src/class/cdc/cdc_device.c.obj
                0x00000000100084f0                tud_cdc_n_write_available
 .text.cdcd_init
                0x0000000010008508       0x7c CMakeFiles/train.dir/home/foobar/pico-sdk/lib/tinyusb/src/class/cdc/cdc_device.c.obj
                0x0000000010008508                cdcd_init
 .text.cdcd_reset
                0x0000000010008584       0x2c CMakeFiles/train.dir/home/foobar/pico-sdk/lib/tinyusb/src/class/cdc/cdc_device.c.obj
                0x0000000010008584                cdcd_reset
 .text.cdcd_open
                0x00000000100085b0       0xe8 CMakeFiles/train.dir/home/foobar/pico-sdk/lib/tinyusb/src/class/cdc/cdc_device.c.obj
                0x00000000100085b0                cdcd_open
 .text.cdcd_control_xfer_cb
                0x0000000010008698       0xe4 CMakeFiles/train.dir/home/foobar/pico-sdk/lib/tinyusb/src/class/cdc/cdc_device.c.obj
                0x0000000010008698                cdcd_control_xfer_cb
 .text.cdcd_xfer_cb
                0x000000001000877c      0x148 CMakeFiles/train.dir/home/foobar/pico-sdk/lib/tinyusb/src/class/cdc/cdc_device.c.obj
                0x000000001000877c                cdcd_xfer_cb
 .text.tusb_init
                0x00000000100088c4        0xc CMakeFiles/train.dir/home/foobar/pico-sdk/lib/tinyusb/src/tusb.c.obj
                0x00000000100088c4                tusb_init
 .text.tusb_inited
                0x00000000100088d0        0x8 CMakeFiles/train.dir/home/foobar/pico-sdk/lib/tinyusb/src/tusb.c.obj
                0x00000000100088d0                tusb_inited
 .text.tu_edpt_claim
                0x00000000100088d8       0x50 CMakeFiles/train.dir/home/foobar/pico-sdk/lib/tinyusb/src/tusb.c.obj
                0x00000000100088d8                tu_edpt_claim
 .text.tu_edpt_release
                0x0000000010008928       0x38 CMakeFiles/train.dir/home/foobar/pico-sdk/lib/tinyusb/src/tusb.c.obj
                0x0000000010008928                tu_edpt_release
 .text.tu_edpt_validate
                0x0000000010008960       0x78 CMakeFiles/train.dir/home/foobar/pico-sdk/lib/tinyusb/src/tusb.c.obj
                0x0000000010008960                tu_edpt_validate
 .text.tu_edpt_bind_driver
                0x00000000100089d8       0x34 CMakeFiles/train.dir/home/foobar/pico-sdk/lib/tinyusb/src/tusb.c.obj
                0x00000000100089d8                tu_edpt_bind_driver
 .text.tu_fifo_config
                0x0000000010008a0c       0x70 CMakeFiles/train.dir/home/foobar/pico-sdk/lib/tinyusb/src/common/tusb_fifo.c.obj
                0x0000000010008a0c                tu_fifo_config
 .text.tu_fifo_count
                0x0000000010008a7c       0x2c CMakeFiles/train.dir/home/foobar/pico-sdk/lib/tinyusb/src/common/tusb_fifo.c.obj
                0x0000000010008a7c                tu_fifo_count
 .text.tu_fifo_empty
                0x0000000010008aa8       0x10 CMakeFiles/train.dir/home/foobar/pico-sdk/lib/tinyusb/src/common/tusb_fifo.c.obj
                0x0000000010008aa8                tu_fifo_empty
 .text.tu_fifo_remaining
                0x0000000010008ab8       0x2c CMakeFiles/train.dir/home/foobar/pico-sdk/lib/tinyusb/src/common/tusb_fifo.c.obj
                0x0000000010008ab8                tu_fifo_remaining
 .text.tu_fifo_read
                0x0000000010008ae4       0xa0 CMakeFiles/train.dir/home/foobar/pico-sdk/lib/tinyusb/src/common/tusb_fifo.c.obj
                0x0000000010008ae4                tu_fifo_read
 .text.tu_fifo_read_n
                0x0000000010008b84       0xec CMakeFiles/train.dir/home/foobar/pico-sdk/lib/tinyusb/src/common/tusb_fifo.c.obj
                0x0000000010008b84                tu_fifo_read_n
 .text.tu_fifo_write
                0x0000000010008c70       0x88 CMakeFiles/train.dir/home/foobar/pico-sdk/lib/tinyusb/src/common/tusb_fifo.c.obj
                0x0000000010008c70                tu_fifo_write
 .text.tu_fifo_write_n
                0x0000000010008cf8      0x168 CMakeFiles/train.dir/home/foobar/pico-sdk/lib/tinyusb/src/common/tusb_fifo.c.obj
                0x0000000010008cf8                tu_fifo_write_n
 .text.tu_fifo_clear
                0x0000000010008e60       0x40 CMakeFiles/train.dir/home/foobar/pico-sdk/lib/tinyusb/src/common/tusb_fifo.c.obj
                0x0000000010008e60                tu_fifo_clear
 .text.tu_fifo_set_overwritable
                0x0000000010008ea0       0x48 CMakeFiles/train.dir/home/foobar/pico-sdk/lib/tinyusb/src/common/tusb_fifo.c.obj
                0x0000000010008ea0                tu_fifo_set_overwritable
 .text.pio_claim_unused_sm
                0x0000000010008ee8       0x3c CMakeFiles/train.dir/home/foobar/pico-sdk/src/rp2_common/hardware_pio/pio.c.obj
                0x0000000010008ee8                pio_claim_unused_sm
 .text.pio_add_program
                0x0000000010008f24       0xc8 CMakeFiles/train.dir/home/foobar/pico-sdk/src/rp2_common/hardware_pio/pio.c.obj
                0x0000000010008f24                pio_add_program
 .text.pio_sm_set_pins_with_mask
                0x0000000010008fec       0xa4 CMakeFiles/train.dir/home/foobar/pico-sdk/src/rp2_common/hardware_pio/pio.c.obj
                0x0000000010008fec                pio_sm_set_pins_with_mask
 .text.pio_sm_set_pindirs_with_mask
                0x0000000010009090       0xa4 CMakeFiles/train.dir/home/foobar/pico-sdk/src/rp2_common/hardware_pio/pio.c.obj
                0x0000000010009090                pio_sm_set_pindirs_with_mask
 .text.pio_sm_set_consecutive_pindirs
                0x0000000010009134       0xb0 CMakeFiles/train.dir/home/foobar/pico-sdk/src/rp2_common/hardware_pio/pio.c.obj
                0x0000000010009134                pio_sm_set_consecutive_pindirs
 .text.pio_sm_init
                0x00000000100091e4       0x8c CMakeFiles/train.dir/home/foobar/pico-sdk/src/rp2_common/hardware_pio/pio.c.obj
                0x00000000100091e4                pio_sm_init
 .text.spi_init
                0x0000000010009270      0x138 CMakeFiles/train.dir/home/foobar/pico-sdk/src/rp2_common/hardware_spi/spi.c.obj
                0x0000000010009270                spi_init
 .text.i2c_set_baudrate
                0x00000000100093a8       0xc4 CMakeFiles/train.dir/home/foobar/pico-sdk/src/rp2_common/hardware_i2c/i2c.c.obj
                0x00000000100093a8                i2c_set_baudrate
 .text.i2c_init
                0x000000001000946c       0x54 CMakeFiles/train.dir/home/foobar/pico-sdk/src/rp2_common/hardware_i2c/i2c.c.obj
                0x000000001000946c                i2c_init
 .text.i2c_write_blocking
                0x00000000100094c0       0xd0 CMakeFiles/train.dir/home/foobar/pico-sdk/src/rp2_common/hardware_i2c/i2c.c.obj
                0x00000000100094c0                i2c_write_blocking
 .text.i2c_read_blocking
                0x0000000010009590       0xac CMakeFiles/train.dir/home/foobar/pico-sdk/src/rp2_common/hardware_i2c/i2c.c.obj
                0x0000000010009590                i2c_read_blocking
 .text.lf_tag_compare
                0x000000001000963c       0x38 core/libcore.a(tag.c.obj)
                0x000000001000963c                lf_tag_compare
 .text.lf_time_logical
                0x0000000010009674        0x8 core/libcore.a(tag.c.obj)
                0x0000000010009674                lf_time_logical
 .text.lf_time_logical_elapsed
                0x000000001000967c       0x14 core/libcore.a(tag.c.obj)
                0x000000001000967c                lf_time_logical_elapsed
 .text.lf_time_physical
                0x0000000010009690       0x60 core/libcore.a(tag.c.obj)
                0x0000000010009690                lf_time_physical
 .text.lf_time_physical_elapsed
                0x00000000100096f0       0x6c core/libcore.a(tag.c.obj)
                0x00000000100096f0                lf_time_physical_elapsed
 .text.lf_time_start
                0x000000001000975c        0xc core/libcore.a(tag.c.obj)
                0x000000001000975c                lf_time_start
 .text.lf_comma_separated_time
                0x0000000010009768      0x274 core/libcore.a(tag.c.obj)
                0x0000000010009768                lf_comma_separated_time
 .text._lf_allocate
                0x00000000100099dc       0x3c core/libcore.a(reactor_common.c.obj)
                0x00000000100099dc                _lf_allocate
 .text._lf_new_reactor
                0x0000000010009a18       0x40 core/libcore.a(reactor_common.c.obj)
                0x0000000010009a18                _lf_new_reactor
 .text._lf_set_stop_tag
                0x0000000010009a58       0x3c core/libcore.a(reactor_common.c.obj)
                0x0000000010009a58                _lf_set_stop_tag
 .text._lf_start_time_step
                0x0000000010009a94       0x68 core/libcore.a(reactor_common.c.obj)
                0x0000000010009a94                _lf_start_time_step
 .text._lf_is_tag_after_stop_tag
                0x0000000010009afc       0x30 core/libcore.a(reactor_common.c.obj)
                0x0000000010009afc                _lf_is_tag_after_stop_tag
 .text._lf_initialize_timer
                0x0000000010009b2c       0xd4 core/libcore.a(reactor_common.c.obj)
                0x0000000010009b2c                _lf_initialize_timer
 .text._lf_initialize_timers
                0x0000000010009c00       0x30 core/libcore.a(reactor_common.c.obj)
                0x0000000010009c00                _lf_initialize_timers
 .text._lf_trigger_startup_reactions
                0x0000000010009c30       0x58 core/libcore.a(reactor_common.c.obj)
                0x0000000010009c30                _lf_trigger_startup_reactions
 .text._lf_trigger_shutdown_reactions
                0x0000000010009c88       0x48 core/libcore.a(reactor_common.c.obj)
                0x0000000010009c88                _lf_trigger_shutdown_reactions
 .text._lf_recycle_event
                0x0000000010009cd0       0x20 core/libcore.a(reactor_common.c.obj)
                0x0000000010009cd0                _lf_recycle_event
 .text._lf_create_dummy_events
                0x0000000010009cf0       0xbc core/libcore.a(reactor_common.c.obj)
                0x0000000010009cf0                _lf_create_dummy_events
 .text._lf_schedule_at_tag
                0x0000000010009dac      0x2c4 core/libcore.a(reactor_common.c.obj)
                0x0000000010009dac                _lf_schedule_at_tag
 .text._lf_schedule
                0x000000001000a070      0x2c4 core/libcore.a(reactor_common.c.obj)
                0x000000001000a070                _lf_schedule
 .text._lf_pop_events
                0x000000001000a334      0x130 core/libcore.a(reactor_common.c.obj)
                0x000000001000a334                _lf_pop_events
 .text._lf_advance_logical_time
                0x000000001000a464       0x38 core/libcore.a(reactor_common.c.obj)
                0x000000001000a464                _lf_advance_logical_time
 .text._lf_invoke_reaction
                0x000000001000a49c       0x14 core/libcore.a(reactor_common.c.obj)
                0x000000001000a49c                _lf_invoke_reaction
 .text.schedule_output_reactions
                0x000000001000a4b0      0x150 core/libcore.a(reactor_common.c.obj)
                0x000000001000a4b0                schedule_output_reactions
 .text.usage    0x000000001000a600       0xb0 core/libcore.a(reactor_common.c.obj)
                0x000000001000a600                usage
 .text.process_args
                0x000000001000a6b0      0x414 core/libcore.a(reactor_common.c.obj)
                0x000000001000a6b0                process_args
 .text.initialize_global
                0x000000001000aac4       0x24 core/libcore.a(reactor_common.c.obj)
                0x000000001000aac4                initialize_global
 .text.termination
                0x000000001000aae8      0x198 core/libcore.a(reactor_common.c.obj)
                0x000000001000aae8                termination
 .text._lf_free_token.part.0
                0x000000001000ac80       0xcc core/libcore.a(lf_token.c.obj)
 .text._lf_new_token
                0x000000001000ad4c       0xb4 core/libcore.a(lf_token.c.obj)
                0x000000001000ad4c                _lf_new_token
 .text._lf_initialize_token_with_value
                0x000000001000ae00       0x80 core/libcore.a(lf_token.c.obj)
                0x000000001000ae00                _lf_initialize_token_with_value
 .text._lf_free_all_tokens
                0x000000001000ae80       0xe0 core/libcore.a(lf_token.c.obj)
                0x000000001000ae80                _lf_free_all_tokens
 .text._lf_replace_template_token
                0x000000001000af60       0x44 core/libcore.a(lf_token.c.obj)
                0x000000001000af60                _lf_replace_template_token
 .text._lf_done_using
                0x000000001000afa4       0x2c core/libcore.a(lf_token.c.obj)
                0x000000001000afa4                _lf_done_using
 .text._lf_free_token_copies
                0x000000001000afd0       0x44 core/libcore.a(lf_token.c.obj)
                0x000000001000afd0                _lf_free_token_copies
 .text.environment_init_tags
                0x000000001000b014       0x58 core/libcore.a(environment.c.obj)
                0x000000001000b014                environment_init_tags
 .text.environment_free
                0x000000001000b06c       0x60 core/libcore.a(environment.c.obj)
                0x000000001000b06c                environment_free
 .text.environment_init
                0x000000001000b0cc      0x1e4 core/libcore.a(environment.c.obj)
                0x000000001000b0cc                environment_init
 .text._lf_set_present
                0x000000001000b2b0       0x4c core/libcore.a(reactor.c.obj)
                0x000000001000b2b0                _lf_set_present
 .text._lf_trigger_reaction
                0x000000001000b2fc       0x38 core/libcore.a(reactor.c.obj)
                0x000000001000b2fc                _lf_trigger_reaction
 .text._lf_do_step
                0x000000001000b334       0xb8 core/libcore.a(reactor.c.obj)
                0x000000001000b334                _lf_do_step
 .text.next     0x000000001000b3ec      0x138 core/libcore.a(reactor.c.obj)
                0x000000001000b3ec                next
 .text.lf_reactor_c_main
                0x000000001000b524       0xfc core/libcore.a(reactor.c.obj)
                0x000000001000b524                lf_reactor_c_main
 .text.lf_critical_section_enter
                0x000000001000b620        0x8 core/libcore.a(reactor.c.obj)
                0x000000001000b620                lf_critical_section_enter
 .text.lf_critical_section_exit
                0x000000001000b628        0x8 core/libcore.a(reactor.c.obj)
                0x000000001000b628                lf_critical_section_exit
 .text.vector_at
                0x000000001000b630       0x54 core/libcore.a(vector.c.obj)
                0x000000001000b630                vector_at
 .text.vector_size
                0x000000001000b684        0x8 core/libcore.a(vector.c.obj)
                0x000000001000b684                vector_size
 .text.percolate_down
                0x000000001000b68c       0xd8 core/libcore.a(pqueue.c.obj)
 .text.bubble_up.isra.0
                0x000000001000b764       0x84 core/libcore.a(pqueue.c.obj)
 .text.find_equal_same_priority
                0x000000001000b7e8       0xa8 core/libcore.a(pqueue.c.obj)
                0x000000001000b7e8                find_equal_same_priority
 .text.pqueue_init
                0x000000001000b890       0x54 core/libcore.a(pqueue.c.obj)
                0x000000001000b890                pqueue_init
 .text.pqueue_free
                0x000000001000b8e4       0x14 core/libcore.a(pqueue.c.obj)
                0x000000001000b8e4                pqueue_free
 .text.pqueue_size
                0x000000001000b8f8       0x10 core/libcore.a(pqueue.c.obj)
                0x000000001000b8f8                pqueue_size
 .text.pqueue_find_equal_same_priority
                0x000000001000b908        0xc core/libcore.a(pqueue.c.obj)
                0x000000001000b908                pqueue_find_equal_same_priority
 .text.pqueue_insert
                0x000000001000b914       0x44 core/libcore.a(pqueue.c.obj)
                0x000000001000b914                pqueue_insert
 .text.pqueue_remove
                0x000000001000b958       0x6c core/libcore.a(pqueue.c.obj)
                0x000000001000b958                pqueue_remove
 .text.pqueue_pop
                0x000000001000b9c4       0x28 core/libcore.a(pqueue.c.obj)
                0x000000001000b9c4                pqueue_pop
 .text.pqueue_peek
                0x000000001000b9ec       0x14 core/libcore.a(pqueue.c.obj)
                0x000000001000b9ec                pqueue_peek
 .text.in_reverse_order
                0x000000001000ba00       0x18 core/libcore.a(pqueue.c.obj)
                0x000000001000ba00                in_reverse_order
 .text.in_no_particular_order
                0x000000001000ba18        0x4 core/libcore.a(pqueue.c.obj)
                0x000000001000ba18                in_no_particular_order
 .text.event_matches
                0x000000001000ba1c        0xc core/libcore.a(pqueue.c.obj)
                0x000000001000ba1c                event_matches
 .text.reaction_matches
                0x000000001000ba28        0x8 core/libcore.a(pqueue.c.obj)
                0x000000001000ba28                reaction_matches
 .text.get_event_time
                0x000000001000ba30        0x8 core/libcore.a(pqueue.c.obj)
                0x000000001000ba30                get_event_time
 .text.get_reaction_index
                0x000000001000ba38        0x8 core/libcore.a(pqueue.c.obj)
                0x000000001000ba38                get_reaction_index
 .text.get_event_position
                0x000000001000ba40        0x4 core/libcore.a(pqueue.c.obj)
                0x000000001000ba40                get_event_position
 .text.get_reaction_position
                0x000000001000ba44        0x4 core/libcore.a(pqueue.c.obj)
                0x000000001000ba44                get_reaction_position
 .text.set_event_position
                0x000000001000ba48        0x4 core/libcore.a(pqueue.c.obj)
                0x000000001000ba48                set_event_position
 .text.set_reaction_position
                0x000000001000ba4c        0x4 core/libcore.a(pqueue.c.obj)
                0x000000001000ba4c                set_reaction_position
 .text.print_reaction
                0x000000001000ba50        0x4 core/libcore.a(pqueue.c.obj)
                0x000000001000ba50                print_reaction
 .text.print_event
                0x000000001000ba54        0x4 core/libcore.a(pqueue.c.obj)
                0x000000001000ba54                print_event
 .text._lf_message_print
                0x000000001000ba58       0xc0 core/libcore.a(util.c.obj)
                0x000000001000ba58                _lf_message_print
 .text.lf_print
                0x000000001000bb18       0x88 core/libcore.a(util.c.obj)
                0x000000001000bb18                lf_print
 .text.lf_print_error
                0x000000001000bba0       0x88 core/libcore.a(util.c.obj)
                0x000000001000bba0                lf_print_error
 .text.lf_print_warning
                0x000000001000bc28       0x88 core/libcore.a(util.c.obj)
                0x000000001000bc28                lf_print_warning
 .text.lf_print_error_and_exit
                0x000000001000bcb0       0x24 core/libcore.a(util.c.obj)
                0x000000001000bcb0                lf_print_error_and_exit
 .text.lf_assert
                0x000000001000bcd4       0x2c core/libcore.a(util.c.obj)
                0x000000001000bcd4                lf_assert
 .text.hashset_num_items
                0x000000001000bd00        0x4 core/libcore.a(hashset.c.obj)
                0x000000001000bd00                hashset_num_items
 .text.hashset_destroy
                0x000000001000bd04       0x18 core/libcore.a(hashset.c.obj)
                0x000000001000bd04                hashset_destroy
 .text.hashset_create
                0x000000001000bd1c       0x40 core/libcore.a(hashset.c.obj)
                0x000000001000bd1c                hashset_create
 .text.hashset_add
                0x000000001000bd5c      0x180 core/libcore.a(hashset.c.obj)
                0x000000001000bd5c                hashset_add
 .text.hashset_remove
                0x000000001000bedc       0x50 core/libcore.a(hashset.c.obj)
                0x000000001000bedc                hashset_remove
 .text.hashset_iterator
                0x000000001000bf2c       0x1c core/libcore.a(hashset_itr.c.obj)
                0x000000001000bf2c                hashset_iterator
 .text.hashset_iterator_next
                0x000000001000bf48       0x34 core/libcore.a(hashset_itr.c.obj)
                0x000000001000bf48                hashset_iterator_next
 .text.hashset_iterator_value
                0x000000001000bf7c        0xc core/libcore.a(hashset_itr.c.obj)
                0x000000001000bf7c                hashset_iterator_value
 .text._lf_add_suspended_event
                0x000000001000bf88       0x3c core/libcore.a(modes.c.obj)
                0x000000001000bf88                _lf_add_suspended_event
 .text._lf_mode_is_active
                0x000000001000bfc4       0x10 core/libcore.a(modes.c.obj)
                0x000000001000bfc4                _lf_mode_is_active
 .text._lf_handle_mode_startup_reset_reactions
                0x000000001000bfd4       0xfc core/libcore.a(modes.c.obj)
                0x000000001000bfd4                _lf_handle_mode_startup_reset_reactions
 .text._lf_handle_mode_shutdown_reactions
                0x000000001000c0d0       0x5c core/libcore.a(modes.c.obj)
                0x000000001000c0d0                _lf_handle_mode_shutdown_reactions
 .text._lf_process_mode_changes
                0x000000001000c12c      0x39c core/libcore.a(modes.c.obj)
                0x000000001000c12c                _lf_process_mode_changes
 .text._lf_terminate_modal_reactors
                0x000000001000c4c8       0x50 core/libcore.a(modes.c.obj)
                0x000000001000c4c8                _lf_terminate_modal_reactors
 .text._lf_initialize_modes
                0x000000001000c518       0x44 core/libcore.a(modes.c.obj)
                0x000000001000c518                _lf_initialize_modes
 .text._lf_handle_mode_changes
                0x000000001000c55c       0x24 core/libcore.a(modes.c.obj)
                0x000000001000c55c                _lf_handle_mode_changes
 .text._lf_handle_mode_triggered_reactions
                0x000000001000c580       0x24 core/libcore.a(modes.c.obj)
                0x000000001000c580                _lf_handle_mode_triggered_reactions
 .text._lf_initialize_clock
                0x000000001000c5a4       0x20 core/libcore.a(lf_rp2040_support.c.obj)
                0x000000001000c5a4                _lf_initialize_clock
 .text._lf_clock_now
                0x000000001000c5c4       0x24 core/libcore.a(lf_rp2040_support.c.obj)
                0x000000001000c5c4                _lf_clock_now
 .text._lf_interruptable_sleep_until_locked
                0x000000001000c5e8       0x48 core/libcore.a(lf_rp2040_support.c.obj)
                0x000000001000c5e8                _lf_interruptable_sleep_until_locked
 .text.lf_disable_interrupts_nested
                0x000000001000c630       0x3c core/libcore.a(lf_rp2040_support.c.obj)
                0x000000001000c630                lf_disable_interrupts_nested
 .text.lf_enable_interrupts_nested
                0x000000001000c66c       0x34 core/libcore.a(lf_rp2040_support.c.obj)
                0x000000001000c66c                lf_enable_interrupts_nested
 .text.color32_0
                0x000000001000c6a0        0x8 robot/librobot.a(display.c.obj)
                0x000000001000c6a0                color32_0
 .text.color32_1
                0x000000001000c6a8        0x8 robot/librobot.a(display.c.obj)
                0x000000001000c6a8                color32_1
 .text.color32_0_on_1
                0x000000001000c6b0        0x8 robot/librobot.a(display.c.obj)
                0x000000001000c6b0                color32_0_on_1
 .text.color32_1_on_0
                0x000000001000c6b8        0x4 robot/librobot.a(display.c.obj)
                0x000000001000c6b8                color32_1_on_0
 .text.color32_xor
                0x000000001000c6bc        0x8 robot/librobot.a(display.c.obj)
                0x000000001000c6bc                color32_xor
 .text.color32_nop
                0x000000001000c6c4        0x4 robot/librobot.a(display.c.obj)
                0x000000001000c6c4                color32_nop
 .text.color8_0
                0x000000001000c6c8        0x8 robot/librobot.a(display.c.obj)
                0x000000001000c6c8                color8_0
 .text.color8_1
                0x000000001000c6d0        0x8 robot/librobot.a(display.c.obj)
                0x000000001000c6d0                color8_1
 .text.color8_0_on_1
                0x000000001000c6d8        0x8 robot/librobot.a(display.c.obj)
                0x000000001000c6d8                color8_0_on_1
 .text.color8_1_on_0
                0x000000001000c6e0        0x4 robot/librobot.a(display.c.obj)
                0x000000001000c6e0                color8_1_on_0
 .text.color8_xor
                0x000000001000c6e4        0x8 robot/librobot.a(display.c.obj)
                0x000000001000c6e4                color8_xor
 .text.color8_nop
                0x000000001000c6ec        0x4 robot/librobot.a(display.c.obj)
                0x000000001000c6ec                color8_nop
 .text.display_set_font
                0x000000001000c6f0        0xc robot/librobot.a(display.c.obj)
                0x000000001000c6f0                display_set_font
 .text.display_init
                0x000000001000c6fc       0x18 robot/librobot.a(display.c.obj)
                0x000000001000c6fc                display_init
 .text.display_fill
                0x000000001000c714       0x2c robot/librobot.a(display.c.obj)
                0x000000001000c714                display_fill
 .text.display_show_partial
                0x000000001000c740       0xb0 robot/librobot.a(display.c.obj)
                0x000000001000c740                display_show_partial
 .text.display_text
                0x000000001000c7f0      0x44c robot/librobot.a(display.c.obj)
                0x000000001000c7f0                display_text
 .text.display_fill_rect
                0x000000001000cc3c      0x15c robot/librobot.a(display.c.obj)
                0x000000001000cc3c                display_fill_rect
 .text.display_show
                0x000000001000cd98       0x28 robot/librobot.a(display.c.obj)
                0x000000001000cd98                display_show
 .text._imu_reset
                0x000000001000cdc0       0xb4 robot/librobot.a(imu.c.obj)
                0x000000001000cdc0                _imu_reset
 .text._imu_set
                0x000000001000ce74       0x7c robot/librobot.a(imu.c.obj)
                0x000000001000ce74                _imu_set
 .text.imu_init
                0x000000001000cef0       0x94 robot/librobot.a(imu.c.obj)
                0x000000001000cef0                imu_init
 .text.imu_read_acc
                0x000000001000cf84       0x94 robot/librobot.a(imu.c.obj)
                0x000000001000cf84                imu_read_acc
 .text.ir_sensors_read
                0x000000001000d018       0xcc robot/librobot.a(ir_sensors.c.obj)
 .text.ir_sensors_start_read
                0x000000001000d0e4      0x1d0 robot/librobot.a(ir_sensors.c.obj)
 .text.line_sensors_calibrate
                0x000000001000d2b4      0x1a4 robot/librobot.a(ir_sensors.c.obj)
                0x000000001000d2b4                line_sensors_calibrate
 .text.line_sensors_read
                0x000000001000d458       0x70 robot/librobot.a(ir_sensors.c.obj)
                0x000000001000d458                line_sensors_read
 .text.line_sensors_read_calibrated
                0x000000001000d4c8      0x198 robot/librobot.a(ir_sensors.c.obj)
                0x000000001000d4c8                line_sensors_read_calibrated
 .text.motors_init
                0x000000001000d660       0x5c robot/librobot.a(motors.c.obj)
                0x000000001000d660                motors_init
 .text.motors_set_power
                0x000000001000d6bc       0x70 robot/librobot.a(motors.c.obj)
                0x000000001000d6bc                motors_set_power
 .text.sh1106_transfer_start
                0x000000001000d72c       0x40 robot/librobot.a(sh1106.c.obj)
                0x000000001000d72c                sh1106_transfer_start
 .text.sh1106_transfer_end
                0x000000001000d76c       0x1c robot/librobot.a(sh1106.c.obj)
                0x000000001000d76c                sh1106_transfer_end
 .text.sh1106_write_page
                0x000000001000d788       0x54 robot/librobot.a(sh1106.c.obj)
                0x000000001000d788                sh1106_write_page
 .text.sh1106_clear
                0x000000001000d7dc       0xa0 robot/librobot.a(sh1106.c.obj)
                0x000000001000d7dc                sh1106_clear
 .text.sh1106_init
                0x000000001000d87c       0xd0 robot/librobot.a(sh1106.c.obj)
                0x000000001000d87c                sh1106_init
 .text          0x000000001000d94c       0x10 /usr/lib/gcc/arm-none-eabi/10.3.1/../../../arm-none-eabi/lib/thumb/v6-m/nofp/libc.a(lib_a-atexit.o)
                0x000000001000d94c                atexit
 .text          0x000000001000d95c       0x18 /usr/lib/gcc/arm-none-eabi/10.3.1/../../../arm-none-eabi/lib/thumb/v6-m/nofp/libc.a(lib_a-atoi.o)
                0x000000001000d95c                atoi
                0x000000001000d968                _atoi_r
 .text          0x000000001000d974       0x18 /usr/lib/gcc/arm-none-eabi/10.3.1/../../../arm-none-eabi/lib/thumb/v6-m/nofp/libc.a(lib_a-atoll.o)
                0x000000001000d974                atoll
                0x000000001000d980                _atoll_r
 .text          0x000000001000d98c       0x18 /usr/lib/gcc/arm-none-eabi/10.3.1/../../../arm-none-eabi/lib/thumb/v6-m/nofp/libc.a(lib_a-calloc.o)
                0x000000001000d98c                calloc
 .text          0x000000001000d9a4       0x5c /usr/lib/gcc/arm-none-eabi/10.3.1/../../../arm-none-eabi/lib/thumb/v6-m/nofp/libc.a(lib_a-callocr.o)
                0x000000001000d9a4                _calloc_r
 .text          0x000000001000da00       0x28 /usr/lib/gcc/arm-none-eabi/10.3.1/../../../arm-none-eabi/lib/thumb/v6-m/nofp/libc.a(lib_a-malloc.o)
                0x000000001000da00                malloc
                0x000000001000da14                free
 .text          0x000000001000da28      0x574 /usr/lib/gcc/arm-none-eabi/10.3.1/../../../arm-none-eabi/lib/thumb/v6-m/nofp/libc.a(lib_a-mallocr.o)
                0x000000001000da28                _malloc_r
 .text          0x000000001000df9c        0x8 /usr/lib/gcc/arm-none-eabi/10.3.1/../../../arm-none-eabi/lib/thumb/v6-m/nofp/libc.a(lib_a-mlock.o)
                0x000000001000df9c                __malloc_lock
                0x000000001000dfa0                __malloc_unlock
 .text          0x000000001000dfa4       0x18 /usr/lib/gcc/arm-none-eabi/10.3.1/../../../arm-none-eabi/lib/thumb/v6-m/nofp/libc.a(lib_a-realloc.o)
                0x000000001000dfa4                realloc
 .text          0x000000001000dfbc      0x354 /usr/lib/gcc/arm-none-eabi/10.3.1/../../../arm-none-eabi/lib/thumb/v6-m/nofp/libc.a(lib_a-reallocr.o)
                0x000000001000dfbc                _realloc_r
 .text          0x000000001000e310       0x24 /usr/lib/gcc/arm-none-eabi/10.3.1/../../../arm-none-eabi/lib/thumb/v6-m/nofp/libc.a(lib_a-sbrkr.o)
                0x000000001000e310                _sbrk_r
 .text          0x000000001000e334       0x88 /usr/lib/gcc/arm-none-eabi/10.3.1/../../../arm-none-eabi/lib/thumb/v6-m/nofp/libc.a(lib_a-strcmp.o)
                0x000000001000e334                strcmp
 .text          0x000000001000e3bc       0x5c /usr/lib/gcc/arm-none-eabi/10.3.1/../../../arm-none-eabi/lib/thumb/v6-m/nofp/libc.a(lib_a-strlen-stub.o)
                0x000000001000e3bc                strlen
 .text          0x000000001000e418       0x74 /usr/lib/gcc/arm-none-eabi/10.3.1/../../../arm-none-eabi/lib/thumb/v6-m/nofp/libc.a(lib_a-strncmp.o)
                0x000000001000e418                strncmp
 .text          0x000000001000e48c      0x1b8 /usr/lib/gcc/arm-none-eabi/10.3.1/../../../arm-none-eabi/lib/thumb/v6-m/nofp/libc.a(lib_a-strtol.o)
                0x000000001000e5d0                _strtol_r
                0x000000001000e5ec                strtol_l
                0x000000001000e618                strtol
 .text          0x000000001000e644      0x1d0 /usr/lib/gcc/arm-none-eabi/10.3.1/../../../arm-none-eabi/lib/thumb/v6-m/nofp/libc.a(lib_a-strtoll.o)
                0x000000001000e7dc                _strtoll_r
                0x000000001000e7e4                strtoll_l
                0x000000001000e7fc                strtoll
 .text          0x000000001000e814     0x16e4 /usr/lib/gcc/arm-none-eabi/10.3.1/../../../arm-none-eabi/lib/thumb/v6-m/nofp/libc.a(lib_a-vfprintf.o)
                0x000000001000e814                _vfprintf_r
                0x000000001000fe6c                vfprintf
 .text          0x000000001000fef8       0xdc /usr/lib/gcc/arm-none-eabi/10.3.1/../../../arm-none-eabi/lib/thumb/v6-m/nofp/libc.a(lib_a-wsetup.o)
                0x000000001000fef8                __swsetup_r
 .text          0x000000001000ffd4       0x88 /usr/lib/gcc/arm-none-eabi/10.3.1/../../../arm-none-eabi/lib/thumb/v6-m/nofp/libc.a(lib_a-__atexit.o)
                0x000000001000ffd4                __register_exitproc
 .text          0x000000001001005c     0x1104 /usr/lib/gcc/arm-none-eabi/10.3.1/../../../arm-none-eabi/lib/thumb/v6-m/nofp/libc.a(lib_a-dtoa.o)
                0x00000000100101a4                _dtoa_r
 .text          0x0000000010011160        0xc /usr/lib/gcc/arm-none-eabi/10.3.1/../../../arm-none-eabi/lib/thumb/v6-m/nofp/libc.a(lib_a-errno.o)
                0x0000000010011160                __errno
 .text          0x000000001001116c      0x1c0 /usr/lib/gcc/arm-none-eabi/10.3.1/../../../arm-none-eabi/lib/thumb/v6-m/nofp/libc.a(lib_a-fflush.o)
                0x000000001001116c                __sflush_r
                0x00000000100112ac                _fflush_r
                0x00000000100112d8                fflush
 .text          0x000000001001132c      0x248 /usr/lib/gcc/arm-none-eabi/10.3.1/../../../arm-none-eabi/lib/thumb/v6-m/nofp/libc.a(lib_a-findfp.o)
                0x0000000010011330                _cleanup_r
                0x000000001001142c                __sfmoreglue
                0x000000001001145c                __sfp
                0x000000001001150c                _cleanup
                0x0000000010011524                __sinit
                0x0000000010011534                __sfp_lock_acquire
                0x0000000010011538                __sfp_lock_release
                0x000000001001153c                __sinit_lock_acquire
                0x0000000010011540                __sinit_lock_release
                0x0000000010011544                __fp_lock_all
                0x000000001001155c                __fp_unlock_all
 .text          0x0000000010011574      0x260 /usr/lib/gcc/arm-none-eabi/10.3.1/../../../arm-none-eabi/lib/thumb/v6-m/nofp/libc.a(lib_a-freer.o)
                0x0000000010011574                _malloc_trim_r
                0x0000000010011610                _free_r
 .text          0x00000000100117d4       0x88 /usr/lib/gcc/arm-none-eabi/10.3.1/../../../arm-none-eabi/lib/thumb/v6-m/nofp/libc.a(lib_a-fwalk.o)
                0x00000000100117d4                _fwalk
                0x0000000010011814                _fwalk_reent
 .text          0x000000001001185c       0x14 /usr/lib/gcc/arm-none-eabi/10.3.1/../../../arm-none-eabi/lib/thumb/v6-m/nofp/libc.a(lib_a-localeconv.o)
                0x000000001001185c                __localeconv_l
                0x0000000010011860                _localeconv_r
                0x0000000010011868                localeconv
 .text          0x0000000010011870      0x144 /usr/lib/gcc/arm-none-eabi/10.3.1/../../../arm-none-eabi/lib/thumb/v6-m/nofp/libc.a(lib_a-makebuf.o)
                0x0000000010011870                __smakebuf_r
                0x0000000010011954                __swhatbuf_r
 .text          0x00000000100119b4      0xafc /usr/lib/gcc/arm-none-eabi/10.3.1/../../../arm-none-eabi/lib/thumb/v6-m/nofp/libc.a(lib_a-mprec.o)
                0x00000000100119b4                _Balloc
                0x0000000010011a04                _Bfree
                0x0000000010011a18                __multadd
                0x0000000010011ac0                __s2b
                0x0000000010011b70                __hi0bits
                0x0000000010011ba8                __lo0bits
                0x0000000010011c04                __i2b
                0x0000000010011c64                __multiply
                0x0000000010011e08                __pow5mult
                0x0000000010011ee0                __lshift
                0x0000000010011fdc                __mcmp
                0x0000000010012010                __mdiff
                0x000000001001219c                __ulp
                0x00000000100121e4                __b2d
                0x00000000100122ac                __d2b
                0x0000000010012384                __ratio
                0x00000000100123ec                _mprec_log10
                0x0000000010012420                __copybits
                0x0000000010012460                __any_on
 .text          0x00000000100124b0       0xa4 /usr/lib/gcc/arm-none-eabi/10.3.1/../../../arm-none-eabi/lib/thumb/v6-m/nofp/libc.a(lib_a-stdio.o)
                0x00000000100124b0                __sread
                0x00000000100124d8                __seofread
                0x00000000100124dc                __swrite
                0x000000001001251c                __sseek
                0x0000000010012548                __sclose
 .text          0x0000000010012554      0xdd8 /usr/lib/gcc/arm-none-eabi/10.3.1/../../../arm-none-eabi/lib/thumb/v6-m/nofp/libc.a(lib_a-vfiprintf.o)
                0x00000000100125dc                __sprint_r
                0x00000000100125f0                _vfiprintf_r
                0x00000000100132a0                vfiprintf