Archive member included to satisfy reference by file (symbol)

core/libcore.a(tag.c.obj)     CMakeFiles/bluetooth_module_rename.dir/lib/schedule.c.obj (lf_time_logical)
core/libcore.a(reactor_common.c.obj)
                              CMakeFiles/bluetooth_module_rename.dir/bluetooth_module_rename.c.obj (_lf_allocate)
core/libcore.a(lf_token.c.obj)
                              CMakeFiles/bluetooth_module_rename.dir/_bluetooth_module_rename_main.c.obj (_lf_initialize_token_with_value)
core/libcore.a(environment.c.obj)
                              core/libcore.a(reactor_common.c.obj) (environment_free)
core/libcore.a(reactor.c.obj)
                              CMakeFiles/bluetooth_module_rename.dir/_bluetooth_module_rename_main.c.obj (_lf_set_present)
core/libcore.a(vector.c.obj)  core/libcore.a(reactor_common.c.obj) (vector_at)
core/libcore.a(pqueue.c.obj)  core/libcore.a(environment.c.obj) (pqueue_init)
core/libcore.a(util.c.obj)    core/libcore.a(reactor_common.c.obj) (lf_print)
core/libcore.a(hashset.c.obj)
                              core/libcore.a(lf_token.c.obj) (hashset_num_items)
core/libcore.a(hashset_itr.c.obj)
                              core/libcore.a(lf_token.c.obj) (hashset_iterator)
core/libcore.a(lf_rp2040_support.c.obj)
                              core/libcore.a(reactor.c.obj) (_lf_initialize_clock)
robot/librobot.a(display.c.obj)
                              CMakeFiles/bluetooth_module_rename.dir/_display.c.obj (display_set_font)
robot/librobot.a(font_8x8.c.obj)
                              robot/librobot.a(display.c.obj) (font_8x8)
robot/librobot.a(font_8x16.c.obj)
                              CMakeFiles/bluetooth_module_rename.dir/_display.c.obj (font_8x16)
robot/librobot.a(sh1106.c.obj)
                              robot/librobot.a(display.c.obj) (sh1106_transfer_start)
/usr/lib/gcc/arm-none-eabi/10.3.1/thumb/v6-m/nofp/libgcc.a(_dvmd_tls.o)
                              CMakeFiles/bluetooth_module_rename.dir/home/foobar/pico-sdk/src/rp2_common/pico_divider/divider.S.obj (__aeabi_idiv0)
/usr/lib/gcc/arm-none-eabi/10.3.1/../../../arm-none-eabi/lib/thumb/v6-m/nofp/libc.a(lib_a-atexit.o)
                              /usr/lib/gcc/arm-none-eabi/10.3.1/../../../arm-none-eabi/lib/thumb/v6-m/nofp/crt0.o (atexit)
/usr/lib/gcc/arm-none-eabi/10.3.1/../../../arm-none-eabi/lib/thumb/v6-m/nofp/libc.a(lib_a-atoi.o)
                              core/libcore.a(reactor_common.c.obj) (atoi)
/usr/lib/gcc/arm-none-eabi/10.3.1/../../../arm-none-eabi/lib/thumb/v6-m/nofp/libc.a(lib_a-atoll.o)
                              core/libcore.a(reactor_common.c.obj) (atoll)
/usr/lib/gcc/arm-none-eabi/10.3.1/../../../arm-none-eabi/lib/thumb/v6-m/nofp/libc.a(lib_a-calloc.o)
                              CMakeFiles/bluetooth_module_rename.dir/home/foobar/pico-sdk/src/rp2_common/pico_malloc/pico_malloc.c.obj (calloc)
/usr/lib/gcc/arm-none-eabi/10.3.1/../../../arm-none-eabi/lib/thumb/v6-m/nofp/libc.a(lib_a-callocr.o)
                              /usr/lib/gcc/arm-none-eabi/10.3.1/../../../arm-none-eabi/lib/thumb/v6-m/nofp/libc.a(lib_a-calloc.o) (_calloc_r)
/usr/lib/gcc/arm-none-eabi/10.3.1/../../../arm-none-eabi/lib/thumb/v6-m/nofp/libc.a(lib_a-fini.o)
                              /usr/lib/gcc/arm-none-eabi/10.3.1/../../../arm-none-eabi/lib/thumb/v6-m/nofp/crt0.o (__libc_fini_array)
/usr/lib/gcc/arm-none-eabi/10.3.1/../../../arm-none-eabi/lib/thumb/v6-m/nofp/libc.a(lib_a-impure.o)
                              core/libcore.a(util.c.obj) (_impure_ptr)
/usr/lib/gcc/arm-none-eabi/10.3.1/../../../arm-none-eabi/lib/thumb/v6-m/nofp/libc.a(lib_a-init.o)
                              /usr/lib/gcc/arm-none-eabi/10.3.1/../../../arm-none-eabi/lib/thumb/v6-m/nofp/crt0.o (__libc_init_array)
/usr/lib/gcc/arm-none-eabi/10.3.1/../../../arm-none-eabi/lib/thumb/v6-m/nofp/libc.a(lib_a-malloc.o)
                              CMakeFiles/bluetooth_module_rename.dir/home/foobar/pico-sdk/src/rp2_common/pico_malloc/pico_malloc.c.obj (malloc)
/usr/lib/gcc/arm-none-eabi/10.3.1/../../../arm-none-eabi/lib/thumb/v6-m/nofp/libc.a(lib_a-mallocr.o)
                              /usr/lib/gcc/arm-none-eabi/10.3.1/../../../arm-none-eabi/lib/thumb/v6-m/nofp/libc.a(lib_a-callocr.o) (_malloc_r)
/usr/lib/gcc/arm-none-eabi/10.3.1/../../../arm-none-eabi/lib/thumb/v6-m/nofp/libc.a(lib_a-mlock.o)
                              /usr/lib/gcc/arm-none-eabi/10.3.1/../../../arm-none-eabi/lib/thumb/v6-m/nofp/libc.a(lib_a-mallocr.o) (__malloc_lock)
/usr/lib/gcc/arm-none-eabi/10.3.1/../../../arm-none-eabi/lib/thumb/v6-m/nofp/libc.a(lib_a-realloc.o)
                              CMakeFiles/bluetooth_module_rename.dir/home/foobar/pico-sdk/src/rp2_common/pico_malloc/pico_malloc.c.obj (realloc)
/usr/lib/gcc/arm-none-eabi/10.3.1/../../../arm-none-eabi/lib/thumb/v6-m/nofp/libc.a(lib_a-reallocr.o)
                              /usr/lib/gcc/arm-none-eabi/10.3.1/../../../arm-none-eabi/lib/thumb/v6-m/nofp/libc.a(lib_a-realloc.o) (_realloc_r)
[...]
Memory Configuration

Name             Origin             Length             Attributes
FLASH            0x0000000010000000 0x0000000000200000 xr
RAM              0x0000000020000000 0x0000000000040000 xrw
SCRATCH_X        0x0000000020040000 0x0000000000001000 xrw
SCRATCH_Y        0x0000000020041000 0x0000000000001000 xrw
*default*        0x0000000000000000 0xffffffffffffffff

Linker script and memory map

LOAD /usr/lib/gcc/arm-none-eabi/10.3.1/thumb/v6-m/nofp/crti.o
LOAD /usr/lib/gcc/arm-none-eabi/10.3.1/thumb/v6-m/nofp/crtbegin.o
LOAD /usr/lib/gcc/arm-none-eabi/10.3.1/../../../arm-none-eabi/lib/thumb/v6-m/nofp/crt0.o

.flash_begin    0x0000000010000000        0x0
                0x0000000010000000                __flash_binary_start = .

.boot2          0x0000000010000000      0x100
                0x0000000010000000                __boot2_start__ = .
 *(.boot2)
 .boot2         0x0000000010000000      0x100 /tmp/ccK4scHw.o
                0x0000000010000100                __boot2_end__ = .
                0x0000000000000001                ASSERT (((__boot2_end__ - __boot2_start__) == 0x100), ERROR: Pico second stage bootloader must be 256 bytes in size)

.text           0x0000000010000100    0x10570
                0x0000000010000100                __logical_binary_start = .
 *(.vectors)
 .vectors       0x0000000010000100       0xd4 CMakeFiles/bluetooth_module_rename.dir/home/foobar/pico-sdk/src/rp2_common/pico_standard_link/crt0.S.obj
                0x0000000010000100                __vectors
                0x0000000010000100                __VECTOR_TABLE
                0x00000000100001c0                isr_invalid
                0x00000000100001c0                __default_isrs_start
                0x00000000100001c2                isr_nmi
                0x00000000100001c4                isr_hardfault
                0x00000000100001c6                isr_svcall
                0x00000000100001c8                isr_pendsv
                0x00000000100001ca                isr_systick
                0x00000000100001cc                isr_irq30
                0x00000000100001cc                __unhandled_user_irq
                0x00000000100001cc                isr_irq13
                0x00000000100001cc                isr_irq27
                0x00000000100001cc                isr_irq31
                0x00000000100001cc                isr_irq5
                0x00000000100001cc                isr_irq11
                0x00000000100001cc                isr_irq23
                0x00000000100001cc                isr_irq18
                0x00000000100001cc                isr_irq28
                0x00000000100001cc                isr_irq19
                0x00000000100001cc                isr_irq0
                0x00000000100001cc                isr_irq6
                0x00000000100001cc                isr_irq22
                0x00000000100001cc                isr_irq17
                0x00000000100001cc                isr_irq14
                0x00000000100001cc                isr_irq2
                0x00000000100001cc                isr_irq10
                0x00000000100001cc                isr_irq8
                0x00000000100001cc                isr_irq24
                0x00000000100001cc                isr_irq1
                0x00000000100001cc                isr_irq7
                0x00000000100001cc                isr_irq21
                0x00000000100001cc                isr_irq20
                0x00000000100001cc                isr_irq15
                0x00000000100001cc                isr_irq25
                0x00000000100001cc                isr_irq4
                0x00000000100001cc                isr_irq16
                0x00000000100001cc                isr_irq29
                0x00000000100001cc                isr_irq26
                0x00000000100001cc                __default_isrs_end
                0x00000000100001cc                isr_irq3
                0x00000000100001cc                isr_irq12
                0x00000000100001cc                isr_irq9
                0x00000000100001d2                unhandled_user_irq_num_in_r0
 *(.binary_info_header)
 .binary_info_header
                0x00000000100001d4       0x14 CMakeFiles/bluetooth_module_rename.dir/home/foobar/pico-sdk/src/rp2_common/pico_standard_link/crt0.S.obj
                0x00000000100001e8                __binary_info_header_end = .
 *(.reset)
 .reset         0x00000000100001e8       0xa0 CMakeFiles/bluetooth_module_rename.dir/home/foobar/pico-sdk/src/rp2_common/pico_standard_link/crt0.S.obj
                0x00000000100001e8                _entry_point
 .reset         0x0000000010000288       0x30 CMakeFiles/bluetooth_module_rename.dir/home/foobar/pico-sdk/src/rp2_common/pico_standard_link/binary_info.c.obj
 *(.init)
 .init          0x00000000100002b8        0x4 /usr/lib/gcc/arm-none-eabi/10.3.1/thumb/v6-m/nofp/crti.o
                0x00000000100002b8                _init
 *(EXCLUDE_FILE(*libm.a: *libc.a:*lib_a-mem*.o *libgcc.a:) .text*)
 .text          0x00000000100002bc       0x98 /usr/lib/gcc/arm-none-eabi/10.3.1/thumb/v6-m/nofp/crtbegin.o
 .text._bluetooth_module_rename_mainreaction_function_0
                0x0000000010000354       0x10 CMakeFiles/bluetooth_module_rename.dir/_bluetooth_module_rename_main.c.obj
                0x0000000010000354                _bluetooth_module_rename_mainreaction_function_0
 .text._bluetooth_module_rename_mainreaction_function_1
                0x0000000010000364       0x28 CMakeFiles/bluetooth_module_rename.dir/_bluetooth_module_rename_main.c.obj
                0x0000000010000364                _bluetooth_module_rename_mainreaction_function_1
 .text._bluetooth_module_rename_mainreaction_function_2
                0x000000001000038c       0x68 CMakeFiles/bluetooth_module_rename.dir/_bluetooth_module_rename_main.c.obj
                0x000000001000038c                _bluetooth_module_rename_mainreaction_function_2
 .text._bluetooth_module_rename_mainreaction_function_3
                0x00000000100003f4       0x40 CMakeFiles/bluetooth_module_rename.dir/_bluetooth_module_rename_main.c.obj
                0x00000000100003f4                _bluetooth_module_rename_mainreaction_function_3
 .text.new__bluetooth_module_rename_main
                0x0000000010000434      0x128 CMakeFiles/bluetooth_module_rename.dir/_bluetooth_module_rename_main.c.obj
                0x0000000010000434                new__bluetooth_module_rename_main
 .text._robotblereaction_function_2
                0x000000001000055c       0x38 CMakeFiles/bluetooth_module_rename.dir/_robotble.c.obj
                0x000000001000055c                _robotblereaction_function_2
 .text._robotblereaction_function_0
                0x0000000010000594       0x28 CMakeFiles/bluetooth_module_rename.dir/_robotble.c.obj
                0x0000000010000594                _robotblereaction_function_0
 .text._robotblereaction_function_1
                0x00000000100005bc       0x4c CMakeFiles/bluetooth_module_rename.dir/_robotble.c.obj
                0x00000000100005bc                _robotblereaction_function_1
 .text._robotblereaction_function_3
                0x0000000010000608       0x5c CMakeFiles/bluetooth_module_rename.dir/_robotble.c.obj
                0x0000000010000608                _robotblereaction_function_3
 .text.new__robotble
                0x0000000010000664      0x130 CMakeFiles/bluetooth_module_rename.dir/_robotble.c.obj
                0x0000000010000664                new__robotble
 .text._displayreaction_function_1
                0x0000000010000794       0xb4 CMakeFiles/bluetooth_module_rename.dir/_display.c.obj
                0x0000000010000794                _displayreaction_function_1
 .text._displayreaction_function_0
                0x0000000010000848       0x2c CMakeFiles/bluetooth_module_rename.dir/_display.c.obj
                0x0000000010000848                _displayreaction_function_0
 .text.new__display
                0x0000000010000874      0x100 CMakeFiles/bluetooth_module_rename.dir/_display.c.obj
                0x0000000010000874                new__display
 .text.startup.main
                0x0000000010000974        0xc CMakeFiles/bluetooth_module_rename.dir/bluetooth_module_rename.c.obj
                0x0000000010000974                main
 .text._lf_set_default_command_line_options
                0x0000000010000980        0x4 CMakeFiles/bluetooth_module_rename.dir/bluetooth_module_rename.c.obj
                0x0000000010000980                _lf_set_default_command_line_options
 .text._lf_create_environments
                0x0000000010000984       0x34 CMakeFiles/bluetooth_module_rename.dir/bluetooth_module_rename.c.obj
                0x0000000010000984                _lf_create_environments
 .text._lf_get_environments
                0x00000000100009b8        0xc CMakeFiles/bluetooth_module_rename.dir/bluetooth_module_rename.c.obj
                0x00000000100009b8                _lf_get_environments
 .text._lf_initialize_trigger_objects
                0x00000000100009c4      0x470 CMakeFiles/bluetooth_module_rename.dir/bluetooth_module_rename.c.obj
                0x00000000100009c4                _lf_initialize_trigger_objects
 .text.terminate_execution
                0x0000000010000e34        0x4 CMakeFiles/bluetooth_module_rename.dir/bluetooth_module_rename.c.obj
                0x0000000010000e34                terminate_execution
 .text.gpio_set_function
                0x0000000010000e38       0x30 CMakeFiles/bluetooth_module_rename.dir/home/foobar/pico-sdk/src/rp2_common/hardware_gpio/gpio.c.obj
                0x0000000010000e38                gpio_set_function
 .text.gpio_init
                0x0000000010000e68       0x3c CMakeFiles/bluetooth_module_rename.dir/home/foobar/pico-sdk/src/rp2_common/hardware_gpio/gpio.c.obj
                0x0000000010000e68                gpio_init
 .text.running_on_fpga
                0x0000000010000ea4       0x10 CMakeFiles/bluetooth_module_rename.dir/home/foobar/pico-sdk/src/rp2_common/pico_platform/platform.c.obj
                0x0000000010000ea4                running_on_fpga
 .text.hw_claim_or_assert
                0x0000000010000eb4       0x44 CMakeFiles/bluetooth_module_rename.dir/home/foobar/pico-sdk/src/rp2_common/hardware_claim/claim.c.obj
                0x0000000010000eb4                hw_claim_or_assert
 .text.hw_claim_unused_from_range
                0x0000000010000ef8       0x9c CMakeFiles/bluetooth_module_rename.dir/home/foobar/pico-sdk/src/rp2_common/hardware_claim/claim.c.obj
                0x0000000010000ef8                hw_claim_unused_from_range
 .text.spin_locks_reset
                0x0000000010000f94       0x1c CMakeFiles/bluetooth_module_rename.dir/home/foobar/pico-sdk/src/rp2_common/hardware_sync/sync.c.obj
                0x0000000010000f94                spin_locks_reset
 .text.next_striped_spin_lock_num
                0x0000000010000fb0       0x18 CMakeFiles/bluetooth_module_rename.dir/home/foobar/pico-sdk/src/rp2_common/hardware_sync/sync.c.obj
                0x0000000010000fb0                next_striped_spin_lock_num
 .text.spin_lock_claim_unused
                0x0000000010000fc8       0x20 CMakeFiles/bluetooth_module_rename.dir/home/foobar/pico-sdk/src/rp2_common/hardware_sync/sync.c.obj
                0x0000000010000fc8                spin_lock_claim_unused
 .text.irq_set_enabled
                0x0000000010000fe8       0x24 CMakeFiles/bluetooth_module_rename.dir/home/foobar/pico-sdk/src/rp2_common/hardware_irq/irq.c.obj
                0x0000000010000fe8                irq_set_enabled
 .text.irq_set_pending
                0x000000001000100c       0x10 CMakeFiles/bluetooth_module_rename.dir/home/foobar/pico-sdk/src/rp2_common/hardware_irq/irq.c.obj
                0x000000001000100c                irq_set_pending
 .text.irq_has_shared_handler
                0x000000001000101c       0x2c CMakeFiles/bluetooth_module_rename.dir/home/foobar/pico-sdk/src/rp2_common/hardware_irq/irq.c.obj
                0x000000001000101c                irq_has_shared_handler
 .text.irq_get_vtable_handler
                0x0000000010001048       0x10 CMakeFiles/bluetooth_module_rename.dir/home/foobar/pico-sdk/src/rp2_common/hardware_irq/irq.c.obj
                0x0000000010001048                irq_get_vtable_handler
 .text.irq_set_exclusive_handler
                0x0000000010001058       0x54 CMakeFiles/bluetooth_module_rename.dir/home/foobar/pico-sdk/src/rp2_common/hardware_irq/irq.c.obj
                0x0000000010001058                irq_set_exclusive_handler
 .text.irq_add_shared_handler
                0x00000000100010ac      0x1e8 CMakeFiles/bluetooth_module_rename.dir/home/foobar/pico-sdk/src/rp2_common/hardware_irq/irq.c.obj
                0x00000000100010ac                irq_add_shared_handler
 .text.irq_remove_handler
                0x0000000010001294      0x1b0 CMakeFiles/bluetooth_module_rename.dir/home/foobar/pico-sdk/src/rp2_common/hardware_irq/irq.c.obj
                0x0000000010001294                irq_remove_handler
 .text.irq_add_tail_to_free_list
                0x0000000010001444       0xb4 CMakeFiles/bluetooth_module_rename.dir/home/foobar/pico-sdk/src/rp2_common/hardware_irq/irq.c.obj
                0x0000000010001444                irq_add_tail_to_free_list
 .text.irq_init_priorities
                0x00000000100014f8       0x24 CMakeFiles/bluetooth_module_rename.dir/home/foobar/pico-sdk/src/rp2_common/hardware_irq/irq.c.obj
                0x00000000100014f8                irq_init_priorities
 .text.user_irq_claim_unused
                0x000000001000151c       0x28 CMakeFiles/bluetooth_module_rename.dir/home/foobar/pico-sdk/src/rp2_common/hardware_irq/irq.c.obj
                0x000000001000151c                user_irq_claim_unused
 .text.sem_init
                0x0000000010001544       0x20 CMakeFiles/bluetooth_module_rename.dir/home/foobar/pico-sdk/src/common/pico_sync/sem.c.obj
                0x0000000010001544                sem_init
 .text.lock_init
                0x0000000010001564       0x10 CMakeFiles/bluetooth_module_rename.dir/home/foobar/pico-sdk/src/common/pico_sync/lock_core.c.obj
                0x0000000010001564                lock_init
 .text.mutex_init
                0x0000000010001574       0x1c CMakeFiles/bluetooth_module_rename.dir/home/foobar/pico-sdk/src/common/pico_sync/mutex.c.obj
                0x0000000010001574                mutex_init
 .text.recursive_mutex_init
                0x0000000010001590       0x1c CMakeFiles/bluetooth_module_rename.dir/home/foobar/pico-sdk/src/common/pico_sync/mutex.c.obj
                0x0000000010001590                recursive_mutex_init
 .text.critical_section_init
                0x00000000100015ac       0x20 CMakeFiles/bluetooth_module_rename.dir/home/foobar/pico-sdk/src/common/pico_sync/critical_section.c.obj
                0x00000000100015ac                critical_section_init
 .text.critical_section_init_with_lock_num
                0x00000000100015cc       0x14 CMakeFiles/bluetooth_module_rename.dir/home/foobar/pico-sdk/src/common/pico_sync/critical_section.c.obj
                0x00000000100015cc                critical_section_init_with_lock_num
 .text.timer_pool_entry_comparator
                0x00000000100015e0       0x34 CMakeFiles/bluetooth_module_rename.dir/home/foobar/pico-sdk/src/common/pico_time/time.c.obj
                0x00000000100015e0                timer_pool_entry_comparator
 .text.sleep_until_callback
                0x0000000010001614       0x30 CMakeFiles/bluetooth_module_rename.dir/home/foobar/pico-sdk/src/common/pico_time/time.c.obj
 .text.add_alarm_under_lock.isra.0
                0x0000000010001644      0x100 CMakeFiles/bluetooth_module_rename.dir/home/foobar/pico-sdk/src/common/pico_time/time.c.obj
 .text.alarm_pool_alarm_callback
                0x0000000010001744      0x1bc CMakeFiles/bluetooth_module_rename.dir/home/foobar/pico-sdk/src/common/pico_time/time.c.obj
 .text.alarm_pool_init_default
                0x0000000010001900       0x6c CMakeFiles/bluetooth_module_rename.dir/home/foobar/pico-sdk/src/common/pico_time/time.c.obj
                0x0000000010001900                alarm_pool_init_default
 .text.alarm_pool_get_default
                0x000000001000196c        0x8 CMakeFiles/bluetooth_module_rename.dir/home/foobar/pico-sdk/src/common/pico_time/time.c.obj
                0x000000001000196c                alarm_pool_get_default
 .text.alarm_pool_add_alarm_at
                0x0000000010001974      0x178 CMakeFiles/bluetooth_module_rename.dir/home/foobar/pico-sdk/src/common/pico_time/time.c.obj
                0x0000000010001974                alarm_pool_add_alarm_at
 .text.alarm_pool_core_num
                0x0000000010001aec        0x4 CMakeFiles/bluetooth_module_rename.dir/home/foobar/pico-sdk/src/common/pico_time/time.c.obj
                0x0000000010001aec                alarm_pool_core_num
 .text.sleep_until
                0x0000000010001af0       0xc4 CMakeFiles/bluetooth_module_rename.dir/home/foobar/pico-sdk/src/common/pico_time/time.c.obj
                0x0000000010001af0                sleep_until
 .text.sleep_us
                0x0000000010001bb4       0x24 CMakeFiles/bluetooth_module_rename.dir/home/foobar/pico-sdk/src/common/pico_time/time.c.obj
                0x0000000010001bb4                sleep_us
 .text.best_effort_wfe_or_timeout
                0x0000000010001bd8       0xd4 CMakeFiles/bluetooth_module_rename.dir/home/foobar/pico-sdk/src/common/pico_time/time.c.obj
                0x0000000010001bd8                best_effort_wfe_or_timeout
 .text.hardware_alarm_irq_handler
                0x0000000010001cac       0xbc CMakeFiles/bluetooth_module_rename.dir/home/foobar/pico-sdk/src/rp2_common/hardware_timer/timer.c.obj
 .text.hardware_alarm_claim
                0x0000000010001d68       0x18 CMakeFiles/bluetooth_module_rename.dir/home/foobar/pico-sdk/src/rp2_common/hardware_timer/timer.c.obj
                0x0000000010001d68                hardware_alarm_claim
 .text.time_us_64
                0x0000000010001d80       0x14 CMakeFiles/bluetooth_module_rename.dir/home/foobar/pico-sdk/src/rp2_common/hardware_timer/timer.c.obj
                0x0000000010001d80                time_us_64
 .text.busy_wait_us
                0x0000000010001d94       0x54 CMakeFiles/bluetooth_module_rename.dir/home/foobar/pico-sdk/src/rp2_common/hardware_timer/timer.c.obj
                0x0000000010001d94                busy_wait_us
 .text.busy_wait_until
                0x0000000010001de8       0x20 CMakeFiles/bluetooth_module_rename.dir/home/foobar/pico-sdk/src/rp2_common/hardware_timer/timer.c.obj
                0x0000000010001de8                busy_wait_until
 .text.hardware_alarm_set_callback
                0x0000000010001e08       0x8c CMakeFiles/bluetooth_module_rename.dir/home/foobar/pico-sdk/src/rp2_common/hardware_timer/timer.c.obj
                0x0000000010001e08                hardware_alarm_set_callback
 .text.hardware_alarm_set_target
                0x0000000010001e94       0xd4 CMakeFiles/bluetooth_module_rename.dir/home/foobar/pico-sdk/src/rp2_common/hardware_timer/timer.c.obj
                0x0000000010001e94                hardware_alarm_set_target
 .text.hardware_alarm_cancel
                0x0000000010001f68       0x3c CMakeFiles/bluetooth_module_rename.dir/home/foobar/pico-sdk/src/rp2_common/hardware_timer/timer.c.obj
                0x0000000010001f68                hardware_alarm_cancel
 .text.ph_merge_nodes
                0x0000000010001fa4       0x68 CMakeFiles/bluetooth_module_rename.dir/home/foobar/pico-sdk/src/common/pico_util/pheap.c.obj
 .text.ph_post_alloc_init
                0x000000001000200c       0x3c CMakeFiles/bluetooth_module_rename.dir/home/foobar/pico-sdk/src/common/pico_util/pheap.c.obj
                0x000000001000200c                ph_post_alloc_init
 .text.ph_merge_two_pass
                0x0000000010002048       0x90 CMakeFiles/bluetooth_module_rename.dir/home/foobar/pico-sdk/src/common/pico_util/pheap.c.obj
                0x0000000010002048                ph_merge_two_pass
 .text.ph_remove_any_head
                0x00000000100020d8      0x100 CMakeFiles/bluetooth_module_rename.dir/home/foobar/pico-sdk/src/common/pico_util/pheap.c.obj
 .text.ph_remove_head
                0x00000000100021d8      0x104 CMakeFiles/bluetooth_module_rename.dir/home/foobar/pico-sdk/src/common/pico_util/pheap.c.obj
                0x00000000100021d8                ph_remove_head
 .text.ph_remove_and_free_node
                0x00000000100022dc       0x7c CMakeFiles/bluetooth_module_rename.dir/home/foobar/pico-sdk/src/common/pico_util/pheap.c.obj
                0x00000000100022dc                ph_remove_and_free_node
 .text.uart_init
                0x0000000010002358      0x188 CMakeFiles/bluetooth_module_rename.dir/home/foobar/pico-sdk/src/rp2_common/hardware_uart/uart.c.obj
                0x0000000010002358                uart_init
 .text.clocks_init
                0x00000000100024e0      0x2d0 CMakeFiles/bluetooth_module_rename.dir/home/foobar/pico-sdk/src/rp2_common/hardware_clocks/clocks.c.obj
                0x00000000100024e0                clocks_init
 .text.clock_get_hz
                0x00000000100027b0        0xc CMakeFiles/bluetooth_module_rename.dir/home/foobar/pico-sdk/src/rp2_common/hardware_clocks/clocks.c.obj
                0x00000000100027b0                clock_get_hz
 .text.pll_init
                0x00000000100027bc       0xa0 CMakeFiles/bluetooth_module_rename.dir/home/foobar/pico-sdk/src/rp2_common/hardware_pll/pll.c.obj
                0x00000000100027bc                pll_init
 .text.watchdog_start_tick
                0x000000001000285c       0x10 CMakeFiles/bluetooth_module_rename.dir/home/foobar/pico-sdk/src/rp2_common/hardware_watchdog/watchdog.c.obj
                0x000000001000285c                watchdog_start_tick
 .text.watchdog_reboot
                0x000000001000286c       0x98 CMakeFiles/bluetooth_module_rename.dir/home/foobar/pico-sdk/src/rp2_common/hardware_watchdog/watchdog.c.obj
                0x000000001000286c                watchdog_reboot
 .text.xosc_init
                0x0000000010002904       0x28 CMakeFiles/bluetooth_module_rename.dir/home/foobar/pico-sdk/src/rp2_common/hardware_xosc/xosc.c.obj
                0x0000000010002904                xosc_init
 .text.runtime_init
                0x000000001000292c       0xf0 CMakeFiles/bluetooth_module_rename.dir/home/foobar/pico-sdk/src/rp2_common/pico_runtime/runtime.c.obj
                0x000000001000292c                runtime_init
 .text._exit    0x0000000010002a1c        0x4 CMakeFiles/bluetooth_module_rename.dir/home/foobar/pico-sdk/src/rp2_common/pico_runtime/runtime.c.obj
                0x0000000010002a1c                _exit
 .text._sbrk    0x0000000010002a20       0x34 CMakeFiles/bluetooth_module_rename.dir/home/foobar/pico-sdk/src/rp2_common/pico_runtime/runtime.c.obj
                0x0000000010002a20                _sbrk
 .text.exit     0x0000000010002a54        0x8 CMakeFiles/bluetooth_module_rename.dir/home/foobar/pico-sdk/src/rp2_common/pico_runtime/runtime.c.obj
                0x0000000010002a54                exit
 .text.__assert_func
                0x0000000010002a5c       0x34 CMakeFiles/bluetooth_module_rename.dir/home/foobar/pico-sdk/src/rp2_common/pico_runtime/runtime.c.obj
                0x0000000010002a5c                __assert_func
 .text.panic    0x0000000010002a90       0x30 CMakeFiles/bluetooth_module_rename.dir/home/foobar/pico-sdk/src/rp2_common/pico_runtime/runtime.c.obj
                0x0000000010002a90                panic
 .text.hard_assertion_failure
                0x0000000010002ac0        0xc CMakeFiles/bluetooth_module_rename.dir/home/foobar/pico-sdk/src/rp2_common/pico_runtime/runtime.c.obj
                0x0000000010002ac0                hard_assertion_failure
 .text._out_buffer
                0x0000000010002acc        0x8 CMakeFiles/bluetooth_module_rename.dir/home/foobar/pico-sdk/src/rp2_common/pico_printf/printf.c.obj
 .text._out_null
                0x0000000010002ad4        0x4 CMakeFiles/bluetooth_module_rename.dir/home/foobar/pico-sdk/src/rp2_common/pico_printf/printf.c.obj
 .text._out_rev
                0x0000000010002ad8       0x9c CMakeFiles/bluetooth_module_rename.dir/home/foobar/pico-sdk/src/rp2_common/pico_printf/printf.c.obj
 .text._ntoa_format
                0x0000000010002b74      0x1cc CMakeFiles/bluetooth_module_rename.dir/home/foobar/pico-sdk/src/rp2_common/pico_printf/printf.c.obj
 .text._out_char
                0x0000000010002d40       0x10 CMakeFiles/bluetooth_module_rename.dir/home/foobar/pico-sdk/src/rp2_common/pico_printf/printf.c.obj
 .text._out_fct
                0x0000000010002d50       0x10 CMakeFiles/bluetooth_module_rename.dir/home/foobar/pico-sdk/src/rp2_common/pico_printf/printf.c.obj
 .text._etoa    0x0000000010002d60      0x44c CMakeFiles/bluetooth_module_rename.dir/home/foobar/pico-sdk/src/rp2_common/pico_printf/printf.c.obj
 .text._ftoa    0x00000000100031ac      0x398 CMakeFiles/bluetooth_module_rename.dir/home/foobar/pico-sdk/src/rp2_common/pico_printf/printf.c.obj
 .text._vsnprintf
                0x0000000010003544      0xb04 CMakeFiles/bluetooth_module_rename.dir/home/foobar/pico-sdk/src/rp2_common/pico_printf/printf.c.obj
 .text.__wrap_snprintf
                0x0000000010004048       0x28 CMakeFiles/bluetooth_module_rename.dir/home/foobar/pico-sdk/src/rp2_common/pico_printf/printf.c.obj
                0x0000000010004048                __wrap_snprintf
 .text.vfctprintf
                0x0000000010004070       0x20 CMakeFiles/bluetooth_module_rename.dir/home/foobar/pico-sdk/src/rp2_common/pico_printf/printf.c.obj
                0x0000000010004070                vfctprintf
 .text.weak_raw_printf
                0x0000000010004090       0x40 CMakeFiles/bluetooth_module_rename.dir/home/foobar/pico-sdk/src/rp2_common/pico_printf/printf.c.obj
                0x0000000010004090                weak_raw_printf
 .text.weak_raw_vprintf
                0x00000000100040d0       0x30 CMakeFiles/bluetooth_module_rename.dir/home/foobar/pico-sdk/src/rp2_common/pico_printf/printf.c.obj
                0x00000000100040d0                weak_raw_vprintf
 .text          0x0000000010004100       0x10 CMakeFiles/bluetooth_module_rename.dir/home/foobar/pico-sdk/src/rp2_common/pico_bit_ops/bit_ops_aeabi.S.obj
 .text.rom_func_lookup
                0x0000000010004110       0x10 CMakeFiles/bluetooth_module_rename.dir/home/foobar/pico-sdk/src/rp2_common/pico_bootrom/bootrom.c.obj
                0x0000000010004110                rom_func_lookup
 .text.rom_data_lookup
                0x0000000010004120       0x10 CMakeFiles/bluetooth_module_rename.dir/home/foobar/pico-sdk/src/rp2_common/pico_bootrom/bootrom.c.obj
                0x0000000010004120                rom_data_lookup
 .text.rom_funcs_lookup
                0x0000000010004130       0x44 CMakeFiles/bluetooth_module_rename.dir/home/foobar/pico-sdk/src/rp2_common/pico_bootrom/bootrom.c.obj
                0x0000000010004130                rom_funcs_lookup
 .text.__wrap___aeabi_idiv
                0x0000000010004174       0x50 CMakeFiles/bluetooth_module_rename.dir/home/foobar/pico-sdk/src/rp2_common/pico_divider/divider.S.obj
                0x0000000010004174                __wrap___aeabi_idivmod
                0x0000000010004174                divmod_s32s32
                0x0000000010004174                div_s32s32
                0x0000000010004174                __wrap___aeabi_idiv
                0x000000001000417c                divmod_s32s32_unsafe
                0x00000000100041a8                divmod_s32s32_savestate
 .text.__wrap___aeabi_uidiv
                0x00000000100041c4       0x4c CMakeFiles/bluetooth_module_rename.dir/home/foobar/pico-sdk/src/rp2_common/pico_divider/divider.S.obj
                0x00000000100041c4                __wrap___aeabi_uidiv
                0x00000000100041c4                __wrap___aeabi_uidivmod
                0x00000000100041c4                div_u32u32
                0x00000000100041c4                divmod_u32u32
                0x00000000100041cc                divmod_u32u32_unsafe
                0x00000000100041f4                divmod_u32u32_savestate
 .text.__wrap___aeabi_ldiv
                0x0000000010004210      0x424 CMakeFiles/bluetooth_module_rename.dir/home/foobar/pico-sdk/src/rp2_common/pico_divider/divider.S.obj
                0x0000000010004210                div_s64s64
                0x0000000010004210                divmod_s64s64
                0x0000000010004210                __wrap___aeabi_ldivmod
                0x0000000010004240                div_u64u64
                0x0000000010004240                divmod_u64u64
                0x0000000010004240                __wrap___aeabi_uldivmod
                0x0000000010004250                divmod_u64u64_savestate
                0x0000000010004270                divmod_s64s64_unsafe
                0x00000000100042f8                divmod_u64u64_unsafe
 .text.__wrap___aeabi_darithmetic
                0x0000000010004634       0x60 CMakeFiles/bluetooth_module_rename.dir/home/foobar/pico-sdk/src/rp2_common/pico_double/double_aeabi.S.obj
                0x0000000010004634                __wrap___aeabi_drsub
                0x000000001000463a                __wrap___aeabi_dsub
                0x0000000010004644                __wrap___aeabi_dadd
                0x000000001000464e                __wrap___aeabi_ddiv
                0x0000000010004682                __wrap___aeabi_dmul
 .text.__wrap___aeabi_cdcmple
                0x0000000010004694       0x6c CMakeFiles/bluetooth_module_rename.dir/home/foobar/pico-sdk/src/rp2_common/pico_double/double_aeabi.S.obj
                0x0000000010004694                __wrap___aeabi_cdrcmple
                0x00000000100046a4                __wrap___aeabi_cdcmple
                0x00000000100046a4                __wrap___aeabi_cdcmpeq
 .text.__wrap___aeabi_dcmpeq
                0x0000000010004700       0x10 CMakeFiles/bluetooth_module_rename.dir/home/foobar/pico-sdk/src/rp2_common/pico_double/double_aeabi.S.obj
                0x0000000010004700                __wrap___aeabi_dcmpeq
 .text.__wrap___aeabi_dcmplt
                0x0000000010004710        0xc CMakeFiles/bluetooth_module_rename.dir/home/foobar/pico-sdk/src/rp2_common/pico_double/double_aeabi.S.obj
                0x0000000010004710                __wrap___aeabi_dcmplt
 .text.__wrap___aeabi_dcmple
                0x000000001000471c       0x10 CMakeFiles/bluetooth_module_rename.dir/home/foobar/pico-sdk/src/rp2_common/pico_double/double_aeabi.S.obj
                0x000000001000471c                __wrap___aeabi_dcmple
 .text.__wrap___aeabi_dcmpge
                0x000000001000472c       0x10 CMakeFiles/bluetooth_module_rename.dir/home/foobar/pico-sdk/src/rp2_common/pico_double/double_aeabi.S.obj
                0x000000001000472c                __wrap___aeabi_dcmpge
 .text.__wrap___aeabi_dcmpgt
                0x000000001000473c        0xa CMakeFiles/bluetooth_module_rename.dir/home/foobar/pico-sdk/src/rp2_common/pico_double/double_aeabi.S.obj
                0x000000001000473c                __wrap___aeabi_dcmpgt
 .text.__wrap___aeabi_dcmpun
                0x0000000010004746       0x1c CMakeFiles/bluetooth_module_rename.dir/home/foobar/pico-sdk/src/rp2_common/pico_double/double_aeabi.S.obj
                0x0000000010004746                __wrap___aeabi_dcmpun
 *fill*         0x0000000010004762        0x2 
 .text.__wrap___aeabi_i2d
                0x0000000010004764       0x38 CMakeFiles/bluetooth_module_rename.dir/home/foobar/pico-sdk/src/rp2_common/pico_double/double_aeabi.S.obj
                0x0000000010004764                __wrap___aeabi_ui2d
                0x000000001000476c                __wrap___aeabi_i2d
 .text.__wrap___aeabi_d2iz
                0x000000001000479c       0x48 CMakeFiles/bluetooth_module_rename.dir/home/foobar/pico-sdk/src/rp2_common/pico_double/double_aeabi.S.obj
                0x000000001000479c                __wrap___aeabi_d2iz
                0x000000001000479c                double2int_z
 .text.__wrap___aeabi_d2uiz
                0x00000000100047e4       0x10 CMakeFiles/bluetooth_module_rename.dir/home/foobar/pico-sdk/src/rp2_common/pico_double/double_aeabi.S.obj
                0x00000000100047e4                double2uint
                0x00000000100047e4                __wrap___aeabi_d2uiz
 .text.missing_double_func_shim
                0x00000000100047f4        0xc CMakeFiles/bluetooth_module_rename.dir/home/foobar/pico-sdk/src/rp2_common/pico_double/double_init_rom.c.obj
 .text.__aeabi_double_init
                0x0000000010004800       0x98 CMakeFiles/bluetooth_module_rename.dir/home/foobar/pico-sdk/src/rp2_common/pico_double/double_init_rom.c.obj
                0x0000000010004800                __aeabi_double_init
 .text.double_table_shim_on_use_helper
                0x0000000010004898       0x2c CMakeFiles/bluetooth_module_rename.dir/home/foobar/pico-sdk/src/rp2_common/pico_double/double_v1_rom_shim.S.obj
                0x0000000010004898                double_table_shim_on_use_helper
 .text.__aeabi_lmul
                0x00000000100048c4       0x32 CMakeFiles/bluetooth_module_rename.dir/home/foobar/pico-sdk/src/rp2_common/pico_int64_ops/pico_int64_ops_aeabi.S.obj
                0x00000000100048c4                __wrap___aeabi_lmul
 *fill*         0x00000000100048f6        0x2 
 .text.__wrap___aeabi_farithmetic
                0x00000000100048f8       0x48 CMakeFiles/bluetooth_module_rename.dir/home/foobar/pico-sdk/src/rp2_common/pico_float/float_aeabi.S.obj
                0x00000000100048f8                __wrap___aeabi_frsub
                0x00000000100048fe                __wrap___aeabi_fsub
                0x0000000010004904                __wrap___aeabi_fadd
                0x000000001000490a                __wrap___aeabi_fdiv
                0x0000000010004932                __wrap___aeabi_fmul
 .text.__wrap___aeabi_cfcmple
                0x0000000010004940       0x50 CMakeFiles/bluetooth_module_rename.dir/home/foobar/pico-sdk/src/rp2_common/pico_float/float_aeabi.S.obj
                0x0000000010004940                __wrap___aeabi_cfrcmple
                0x000000001000494c                __wrap___aeabi_cfcmpeq
                0x000000001000494c                __wrap___aeabi_cfcmple
 .text.__wrap___aeabi_fcmpge
                0x0000000010004990       0x10 CMakeFiles/bluetooth_module_rename.dir/home/foobar/pico-sdk/src/rp2_common/pico_float/float_aeabi.S.obj
                0x0000000010004990                __wrap___aeabi_fcmpge
 .text.__wrap___aeabi_ui2f
                0x00000000100049a0        0xa CMakeFiles/bluetooth_module_rename.dir/home/foobar/pico-sdk/src/rp2_common/pico_float/float_aeabi.S.obj
                0x00000000100049a0                __wrap___aeabi_ui2f
 *fill*         0x00000000100049aa        0x2 
 .text.__wrap___aeabi_i2f
                0x00000000100049ac       0x44 CMakeFiles/bluetooth_module_rename.dir/home/foobar/pico-sdk/src/rp2_common/pico_float/float_aeabi.S.obj
                0x00000000100049ac                __wrap___aeabi_i2f
 .text.missing_float_func_shim
                0x00000000100049f0        0xc CMakeFiles/bluetooth_module_rename.dir/home/foobar/pico-sdk/src/rp2_common/pico_float/float_init_rom.c.obj
 .text.__aeabi_float_init
                0x00000000100049fc       0x5c CMakeFiles/bluetooth_module_rename.dir/home/foobar/pico-sdk/src/rp2_common/pico_float/float_init_rom.c.obj
                0x00000000100049fc                __aeabi_float_init
 .text.__wrap_malloc
                0x0000000010004a58       0x3c CMakeFiles/bluetooth_module_rename.dir/home/foobar/pico-sdk/src/rp2_common/pico_malloc/pico_malloc.c.obj
                0x0000000010004a58                __wrap_malloc
 .text.__wrap_calloc
                0x0000000010004a94       0x40 CMakeFiles/bluetooth_module_rename.dir/home/foobar/pico-sdk/src/rp2_common/pico_malloc/pico_malloc.c.obj
                0x0000000010004a94                __wrap_calloc
 .text.__wrap_realloc
                0x0000000010004ad4       0x40 CMakeFiles/bluetooth_module_rename.dir/home/foobar/pico-sdk/src/rp2_common/pico_malloc/pico_malloc.c.obj
                0x0000000010004ad4                __wrap_realloc
 .text.__wrap_free
                0x0000000010004b14       0x20 CMakeFiles/bluetooth_module_rename.dir/home/foobar/pico-sdk/src/rp2_common/pico_malloc/pico_malloc.c.obj
                0x0000000010004b14                __wrap_free
 .text          0x0000000010004b34       0x10 CMakeFiles/bluetooth_module_rename.dir/home/foobar/pico-sdk/src/rp2_common/pico_mem_ops/mem_ops_aeabi.S.obj
                0x0000000010004b34                __aeabi_mem_init
 .text.memset   0x0000000010004b44        0xc CMakeFiles/bluetooth_module_rename.dir/home/foobar/pico-sdk/src/rp2_common/pico_mem_ops/mem_ops_aeabi.S.obj
                0x0000000010004b44                __wrap_memset
 .text.memcpy   0x0000000010004b50        0xc CMakeFiles/bluetooth_module_rename.dir/home/foobar/pico-sdk/src/rp2_common/pico_mem_ops/mem_ops_aeabi.S.obj
                0x0000000010004b50                __wrap___aeabi_memcpy
                0x0000000010004b50                __wrap_memcpy
 .text.stdio_out_chars_no_crlf
                0x0000000010004b5c       0x10 CMakeFiles/bluetooth_module_rename.dir/home/foobar/pico-sdk/src/rp2_common/pico_stdio/stdio.c.obj
 .text.stdio_out_chars_crlf
                0x0000000010004b6c       0xb4 CMakeFiles/bluetooth_module_rename.dir/home/foobar/pico-sdk/src/rp2_common/pico_stdio/stdio.c.obj
 .text.stdio_buffered_printer
                0x0000000010004c20       0x64 CMakeFiles/bluetooth_module_rename.dir/home/foobar/pico-sdk/src/rp2_common/pico_stdio/stdio.c.obj
 .text.stdio_put_string.isra.0
                0x0000000010004c84       0xfc CMakeFiles/bluetooth_module_rename.dir/home/foobar/pico-sdk/src/rp2_common/pico_stdio/stdio.c.obj
 .text.__wrap_putchar
                0x0000000010004d80       0x98 CMakeFiles/bluetooth_module_rename.dir/home/foobar/pico-sdk/src/rp2_common/pico_stdio/stdio.c.obj
                0x0000000010004d80                __wrap_putchar
 .text.__wrap_puts
                0x0000000010004e18       0x3c CMakeFiles/bluetooth_module_rename.dir/home/foobar/pico-sdk/src/rp2_common/pico_stdio/stdio.c.obj
                0x0000000010004e18                __wrap_puts
 .text._read    0x0000000010004e54       0x94 CMakeFiles/bluetooth_module_rename.dir/home/foobar/pico-sdk/src/rp2_common/pico_stdio/stdio.c.obj
                0x0000000010004e54                _read
 .text._write   0x0000000010004ee8       0xac CMakeFiles/bluetooth_module_rename.dir/home/foobar/pico-sdk/src/rp2_common/pico_stdio/stdio.c.obj
                0x0000000010004ee8                _write
 .text._close   0x0000000010004f94        0x8 CMakeFiles/bluetooth_module_rename.dir/home/foobar/pico-sdk/src/rp2_common/pico_stdio/stdio.c.obj
                0x0000000010004f94                _close
 .text._lseek   0x0000000010004f9c        0x8 CMakeFiles/bluetooth_module_rename.dir/home/foobar/pico-sdk/src/rp2_common/pico_stdio/stdio.c.obj
                0x0000000010004f9c                _lseek
 .text._fstat   0x0000000010004fa4        0x8 CMakeFiles/bluetooth_module_rename.dir/home/foobar/pico-sdk/src/rp2_common/pico_stdio/stdio.c.obj
                0x0000000010004fa4                _fstat
 .text._isatty  0x0000000010004fac        0xc CMakeFiles/bluetooth_module_rename.dir/home/foobar/pico-sdk/src/rp2_common/pico_stdio/stdio.c.obj
                0x0000000010004fac                _isatty
 .text.stdio_set_driver_enabled
                0x0000000010004fb8       0x30 CMakeFiles/bluetooth_module_rename.dir/home/foobar/pico-sdk/src/rp2_common/pico_stdio/stdio.c.obj
                0x0000000010004fb8                stdio_set_driver_enabled
 .text.__wrap_vprintf
                0x0000000010004fe8       0xd8 CMakeFiles/bluetooth_module_rename.dir/home/foobar/pico-sdk/src/rp2_common/pico_stdio/stdio.c.obj
                0x0000000010004fe8                __wrap_vprintf
 .text.__wrap_printf
                0x00000000100050c0       0x18 CMakeFiles/bluetooth_module_rename.dir/home/foobar/pico-sdk/src/rp2_common/pico_stdio/stdio.c.obj
                0x00000000100050c0                __wrap_printf
 .text.stdio_init_all
                0x00000000100050d8       0x10 CMakeFiles/bluetooth_module_rename.dir/home/foobar/pico-sdk/src/rp2_common/pico_stdio/stdio.c.obj
                0x00000000100050d8                stdio_init_all
 .text.stdio_uart_init
                0x00000000100050e8        0x4 CMakeFiles/bluetooth_module_rename.dir/home/foobar/pico-sdk/src/rp2_common/pico_stdio_uart/stdio_uart.c.obj
                0x00000000100050e8                stdio_uart_init
 .text.resetd_init
                0x00000000100050ec        0x4 CMakeFiles/bluetooth_module_rename.dir/home/foobar/pico-sdk/src/rp2_common/pico_stdio_usb/reset_interface.c.obj
 .text.resetd_reset
                0x00000000100050f0        0xc CMakeFiles/bluetooth_module_rename.dir/home/foobar/pico-sdk/src/rp2_common/pico_stdio_usb/reset_interface.c.obj
 .text.resetd_open
                0x00000000100050fc       0x28 CMakeFiles/bluetooth_module_rename.dir/home/foobar/pico-sdk/src/rp2_common/pico_stdio_usb/reset_interface.c.obj
 .text.resetd_xfer_cb
                0x0000000010005124        0x4 CMakeFiles/bluetooth_module_rename.dir/home/foobar/pico-sdk/src/rp2_common/pico_stdio_usb/reset_interface.c.obj
 .text.resetd_control_xfer_cb
                0x0000000010005128       0x64 CMakeFiles/bluetooth_module_rename.dir/home/foobar/pico-sdk/src/rp2_common/pico_stdio_usb/reset_interface.c.obj
 .text.usbd_app_driver_get_cb
                0x000000001000518c        0xc CMakeFiles/bluetooth_module_rename.dir/home/foobar/pico-sdk/src/rp2_common/pico_stdio_usb/reset_interface.c.obj
                0x000000001000518c                usbd_app_driver_get_cb
 .text.tud_cdc_line_coding_cb
                0x0000000010005198       0x34 CMakeFiles/bluetooth_module_rename.dir/home/foobar/pico-sdk/src/rp2_common/pico_stdio_usb/reset_interface.c.obj
                0x0000000010005198                tud_cdc_line_coding_cb
 .text.stdio_usb_set_chars_available_callback
                0x00000000100051cc       0x14 CMakeFiles/bluetooth_module_rename.dir/home/foobar/pico-sdk/src/rp2_common/pico_stdio_usb/stdio_usb.c.obj
                0x00000000100051cc                stdio_usb_set_chars_available_callback
 .text.usb_irq  0x00000000100051e0       0x10 CMakeFiles/bluetooth_module_rename.dir/home/foobar/pico-sdk/src/rp2_common/pico_stdio_usb/stdio_usb.c.obj
 .text.timer_task
                0x00000000100051f0       0x54 CMakeFiles/bluetooth_module_rename.dir/home/foobar/pico-sdk/src/rp2_common/pico_stdio_usb/stdio_usb.c.obj
 .text.stdio_usb_in_chars
                0x0000000010005244       0x90 CMakeFiles/bluetooth_module_rename.dir/home/foobar/pico-sdk/src/rp2_common/pico_stdio_usb/stdio_usb.c.obj
                0x0000000010005244                stdio_usb_in_chars
 .text.stdio_usb_out_chars
                0x00000000100052d4      0x100 CMakeFiles/bluetooth_module_rename.dir/home/foobar/pico-sdk/src/rp2_common/pico_stdio_usb/stdio_usb.c.obj
 .text.low_priority_worker_irq
                0x00000000100053d4       0xa8 CMakeFiles/bluetooth_module_rename.dir/home/foobar/pico-sdk/src/rp2_common/pico_stdio_usb/stdio_usb.c.obj
 .text.tud_cdc_rx_cb
                0x000000001000547c       0x20 CMakeFiles/bluetooth_module_rename.dir/home/foobar/pico-sdk/src/rp2_common/pico_stdio_usb/stdio_usb.c.obj
                0x000000001000547c                tud_cdc_rx_cb
 .text.stdio_usb_init
                0x000000001000549c       0xdc CMakeFiles/bluetooth_module_rename.dir/home/foobar/pico-sdk/src/rp2_common/pico_stdio_usb/stdio_usb.c.obj
                0x000000001000549c                stdio_usb_init
 .text.tud_descriptor_device_cb
                0x0000000010005578        0x8 CMakeFiles/bluetooth_module_rename.dir/home/foobar/pico-sdk/src/rp2_common/pico_stdio_usb/stdio_usb_descriptors.c.obj
                0x0000000010005578                tud_descriptor_device_cb
 .text.tud_descriptor_configuration_cb
                0x0000000010005580        0x8 CMakeFiles/bluetooth_module_rename.dir/home/foobar/pico-sdk/src/rp2_common/pico_stdio_usb/stdio_usb_descriptors.c.obj
                0x0000000010005580                tud_descriptor_configuration_cb
 .text.tud_descriptor_string_cb
                0x0000000010005588       0x74 CMakeFiles/bluetooth_module_rename.dir/home/foobar/pico-sdk/src/rp2_common/pico_stdio_usb/stdio_usb_descriptors.c.obj
                0x0000000010005588                tud_descriptor_string_cb
 .text.startup._retrieve_unique_id_on_boot
                0x00000000100055fc       0x10 CMakeFiles/bluetooth_module_rename.dir/home/foobar/pico-sdk/src/rp2_common/pico_unique_id/unique_id.c.obj
 .text.pico_get_unique_board_id_string
                0x000000001000560c      0x1a8 CMakeFiles/bluetooth_module_rename.dir/home/foobar/pico-sdk/src/rp2_common/pico_unique_id/unique_id.c.obj
                0x000000001000560c                pico_get_unique_board_id_string
 .text.flash_get_unique_id
                0x00000000100057b4       0x40 CMakeFiles/bluetooth_module_rename.dir/home/foobar/pico-sdk/src/rp2_common/hardware_flash/flash.c.obj
                0x00000000100057b4                flash_get_unique_id
 .text.dcd_int_enable
                0x00000000100057f4        0xc CMakeFiles/bluetooth_module_rename.dir/home/foobar/pico-sdk/lib/tinyusb/src/portable/raspberrypi/rp2040/dcd_rp2040.c.obj
                0x00000000100057f4                dcd_int_enable
 .text.dcd_set_address
                0x0000000010005800       0x14 CMakeFiles/bluetooth_module_rename.dir/home/foobar/pico-sdk/lib/tinyusb/src/portable/raspberrypi/rp2040/dcd_rp2040.c.obj
                0x0000000010005800                dcd_set_address
 .text.dcd_connect
                0x0000000010005814       0x10 CMakeFiles/bluetooth_module_rename.dir/home/foobar/pico-sdk/lib/tinyusb/src/portable/raspberrypi/rp2040/dcd_rp2040.c.obj
                0x0000000010005814                dcd_connect
 .text.dcd_init
                0x0000000010005824       0x98 CMakeFiles/bluetooth_module_rename.dir/home/foobar/pico-sdk/lib/tinyusb/src/portable/raspberrypi/rp2040/dcd_rp2040.c.obj
                0x0000000010005824                dcd_init
 .text.dcd_edpt0_status_complete
                0x00000000100058bc       0x1c CMakeFiles/bluetooth_module_rename.dir/home/foobar/pico-sdk/lib/tinyusb/src/portable/raspberrypi/rp2040/dcd_rp2040.c.obj
                0x00000000100058bc                dcd_edpt0_status_complete
 .text.dcd_edpt_open
                0x00000000100058d8      0x108 CMakeFiles/bluetooth_module_rename.dir/home/foobar/pico-sdk/lib/tinyusb/src/portable/raspberrypi/rp2040/dcd_rp2040.c.obj
                0x00000000100058d8                dcd_edpt_open
 .text.dcd_edpt_close_all
                0x00000000100059e0        0x8 CMakeFiles/bluetooth_module_rename.dir/home/foobar/pico-sdk/lib/tinyusb/src/portable/raspberrypi/rp2040/dcd_rp2040.c.obj
                0x00000000100059e0                dcd_edpt_close_all
 .text.dcd_edpt_xfer
                0x00000000100059e8       0x24 CMakeFiles/bluetooth_module_rename.dir/home/foobar/pico-sdk/lib/tinyusb/src/portable/raspberrypi/rp2040/dcd_rp2040.c.obj
                0x00000000100059e8                dcd_edpt_xfer
 .text.dcd_edpt_stall
                0x0000000010005a0c       0x38 CMakeFiles/bluetooth_module_rename.dir/home/foobar/pico-sdk/lib/tinyusb/src/portable/raspberrypi/rp2040/dcd_rp2040.c.obj
                0x0000000010005a0c                dcd_edpt_stall
 .text.dcd_edpt_clear_stall
                0x0000000010005a44       0x30 CMakeFiles/bluetooth_module_rename.dir/home/foobar/pico-sdk/lib/tinyusb/src/portable/raspberrypi/rp2040/dcd_rp2040.c.obj
                0x0000000010005a44                dcd_edpt_clear_stall
 .text.rp2040_usb_init
                0x0000000010005a74       0x4c CMakeFiles/bluetooth_module_rename.dir/home/foobar/pico-sdk/lib/tinyusb/src/portable/raspberrypi/rp2040/rp2040_usb.c.obj
                0x0000000010005a74                rp2040_usb_init
 .text.hw_endpoint_xfer_start
                0x0000000010005ac0       0x50 CMakeFiles/bluetooth_module_rename.dir/home/foobar/pico-sdk/lib/tinyusb/src/portable/raspberrypi/rp2040/rp2040_usb.c.obj
                0x0000000010005ac0                hw_endpoint_xfer_start
 .text.tud_mounted
                0x0000000010005b10       0x10 CMakeFiles/bluetooth_module_rename.dir/home/foobar/pico-sdk/lib/tinyusb/src/device/usbd.c.obj
                0x0000000010005b10                tud_mounted
 .text.tud_suspended
                0x0000000010005b20       0x10 CMakeFiles/bluetooth_module_rename.dir/home/foobar/pico-sdk/lib/tinyusb/src/device/usbd.c.obj
                0x0000000010005b20                tud_suspended
 .text.tud_inited
                0x0000000010005b30       0x14 CMakeFiles/bluetooth_module_rename.dir/home/foobar/pico-sdk/lib/tinyusb/src/device/usbd.c.obj
                0x0000000010005b30                tud_inited
 .text.tud_init
                0x0000000010005b44       0xe4 CMakeFiles/bluetooth_module_rename.dir/home/foobar/pico-sdk/lib/tinyusb/src/device/usbd.c.obj
                0x0000000010005b44                tud_init
 .text.tud_task_ext
                0x0000000010005c28      0x854 CMakeFiles/bluetooth_module_rename.dir/home/foobar/pico-sdk/lib/tinyusb/src/device/usbd.c.obj
                0x0000000010005c28                tud_task_ext
 .text.usbd_open_edpt_pair
                0x000000001000647c       0x9c CMakeFiles/bluetooth_module_rename.dir/home/foobar/pico-sdk/lib/tinyusb/src/device/usbd.c.obj
                0x000000001000647c                usbd_open_edpt_pair
 .text.usbd_defer_func
                0x0000000010006518       0x48 CMakeFiles/bluetooth_module_rename.dir/home/foobar/pico-sdk/lib/tinyusb/src/device/usbd.c.obj
                0x0000000010006518                usbd_defer_func
 .text.usbd_edpt_open
                0x0000000010006560       0x34 CMakeFiles/bluetooth_module_rename.dir/home/foobar/pico-sdk/lib/tinyusb/src/device/usbd.c.obj
                0x0000000010006560                usbd_edpt_open
 .text.usbd_edpt_claim
                0x0000000010006594       0x28 CMakeFiles/bluetooth_module_rename.dir/home/foobar/pico-sdk/lib/tinyusb/src/device/usbd.c.obj
                0x0000000010006594                usbd_edpt_claim
 .text.usbd_edpt_release
                0x00000000100065bc       0x28 CMakeFiles/bluetooth_module_rename.dir/home/foobar/pico-sdk/lib/tinyusb/src/device/usbd.c.obj
                0x00000000100065bc                usbd_edpt_release
 .text.usbd_edpt_xfer
                0x00000000100065e4       0x4c CMakeFiles/bluetooth_module_rename.dir/home/foobar/pico-sdk/lib/tinyusb/src/device/usbd.c.obj
                0x00000000100065e4                usbd_edpt_xfer
 .text.tud_control_status
                0x0000000010006630       0x30 CMakeFiles/bluetooth_module_rename.dir/home/foobar/pico-sdk/lib/tinyusb/src/device/usbd_control.c.obj
                0x0000000010006630                tud_control_status
 .text.tud_control_xfer
                0x0000000010006660       0xbc CMakeFiles/bluetooth_module_rename.dir/home/foobar/pico-sdk/lib/tinyusb/src/device/usbd_control.c.obj
                0x0000000010006660                tud_control_xfer
 .text.usbd_control_reset
                0x000000001000671c       0x14 CMakeFiles/bluetooth_module_rename.dir/home/foobar/pico-sdk/lib/tinyusb/src/device/usbd_control.c.obj
                0x000000001000671c                usbd_control_reset
 .text.usbd_control_set_complete_callback
                0x0000000010006730        0xc CMakeFiles/bluetooth_module_rename.dir/home/foobar/pico-sdk/lib/tinyusb/src/device/usbd_control.c.obj
                0x0000000010006730                usbd_control_set_complete_callback
 .text.usbd_control_set_request
                0x000000001000673c       0x1c CMakeFiles/bluetooth_module_rename.dir/home/foobar/pico-sdk/lib/tinyusb/src/device/usbd_control.c.obj
                0x000000001000673c                usbd_control_set_request
 .text.usbd_control_xfer_cb
                0x0000000010006758       0xfc CMakeFiles/bluetooth_module_rename.dir/home/foobar/pico-sdk/lib/tinyusb/src/device/usbd_control.c.obj
                0x0000000010006758                usbd_control_xfer_cb
 .text.tud_cdc_n_connected
                0x0000000010006854       0x30 CMakeFiles/bluetooth_module_rename.dir/home/foobar/pico-sdk/lib/tinyusb/src/class/cdc/cdc_device.c.obj
                0x0000000010006854                tud_cdc_n_connected
 .text.tud_cdc_n_available
                0x0000000010006884       0x18 CMakeFiles/bluetooth_module_rename.dir/home/foobar/pico-sdk/lib/tinyusb/src/class/cdc/cdc_device.c.obj
                0x0000000010006884                tud_cdc_n_available
 .text.tud_cdc_n_read
                0x000000001000689c       0x70 CMakeFiles/bluetooth_module_rename.dir/home/foobar/pico-sdk/lib/tinyusb/src/class/cdc/cdc_device.c.obj
                0x000000001000689c                tud_cdc_n_read
 .text.tud_cdc_n_write_flush
                0x000000001000690c       0x78 CMakeFiles/bluetooth_module_rename.dir/home/foobar/pico-sdk/lib/tinyusb/src/class/cdc/cdc_device.c.obj
                0x000000001000690c                tud_cdc_n_write_flush
 .text.tud_cdc_n_write
                0x0000000010006984       0x34 CMakeFiles/bluetooth_module_rename.dir/home/foobar/pico-sdk/lib/tinyusb/src/class/cdc/cdc_device.c.obj
                0x0000000010006984                tud_cdc_n_write
 .text.tud_cdc_n_write_available
                0x00000000100069b8       0x18 CMakeFiles/bluetooth_module_rename.dir/home/foobar/pico-sdk/lib/tinyusb/src/class/cdc/cdc_device.c.obj
                0x00000000100069b8                tud_cdc_n_write_available
 .text.cdcd_init
                0x00000000100069d0       0x7c CMakeFiles/bluetooth_module_rename.dir/home/foobar/pico-sdk/lib/tinyusb/src/class/cdc/cdc_device.c.obj
                0x00000000100069d0                cdcd_init
 .text.cdcd_reset
                0x0000000010006a4c       0x2c CMakeFiles/bluetooth_module_rename.dir/home/foobar/pico-sdk/lib/tinyusb/src/class/cdc/cdc_device.c.obj
                0x0000000010006a4c                cdcd_reset
 .text.cdcd_open
                0x0000000010006a78       0xe8 CMakeFiles/bluetooth_module_rename.dir/home/foobar/pico-sdk/lib/tinyusb/src/class/cdc/cdc_device.c.obj
                0x0000000010006a78                cdcd_open
 .text.cdcd_control_xfer_cb
                0x0000000010006b60       0xe4 CMakeFiles/bluetooth_module_rename.dir/home/foobar/pico-sdk/lib/tinyusb/src/class/cdc/cdc_device.c.obj
                0x0000000010006b60                cdcd_control_xfer_cb
 .text.cdcd_xfer_cb
                0x0000000010006c44      0x148 CMakeFiles/bluetooth_module_rename.dir/home/foobar/pico-sdk/lib/tinyusb/src/class/cdc/cdc_device.c.obj
                0x0000000010006c44                cdcd_xfer_cb
 .text.tusb_init
                0x0000000010006d8c        0xc CMakeFiles/bluetooth_module_rename.dir/home/foobar/pico-sdk/lib/tinyusb/src/tusb.c.obj
                0x0000000010006d8c                tusb_init
 .text.tusb_inited
                0x0000000010006d98        0x8 CMakeFiles/bluetooth_module_rename.dir/home/foobar/pico-sdk/lib/tinyusb/src/tusb.c.obj
                0x0000000010006d98                tusb_inited
 .text.tu_edpt_claim
                0x0000000010006da0       0x50 CMakeFiles/bluetooth_module_rename.dir/home/foobar/pico-sdk/lib/tinyusb/src/tusb.c.obj
                0x0000000010006da0                tu_edpt_claim
 .text.tu_edpt_release
                0x0000000010006df0       0x38 CMakeFiles/bluetooth_module_rename.dir/home/foobar/pico-sdk/lib/tinyusb/src/tusb.c.obj
                0x0000000010006df0                tu_edpt_release
 .text.tu_edpt_validate
                0x0000000010006e28       0x78 CMakeFiles/bluetooth_module_rename.dir/home/foobar/pico-sdk/lib/tinyusb/src/tusb.c.obj
                0x0000000010006e28                tu_edpt_validate
 .text.tu_edpt_bind_driver
                0x0000000010006ea0       0x34 CMakeFiles/bluetooth_module_rename.dir/home/foobar/pico-sdk/lib/tinyusb/src/tusb.c.obj
                0x0000000010006ea0                tu_edpt_bind_driver
 .text.tu_fifo_config
                0x0000000010006ed4       0x70 CMakeFiles/bluetooth_module_rename.dir/home/foobar/pico-sdk/lib/tinyusb/src/common/tusb_fifo.c.obj
                0x0000000010006ed4                tu_fifo_config
 .text.tu_fifo_count
                0x0000000010006f44       0x2c CMakeFiles/bluetooth_module_rename.dir/home/foobar/pico-sdk/lib/tinyusb/src/common/tusb_fifo.c.obj
                0x0000000010006f44                tu_fifo_count
 .text.tu_fifo_empty
                0x0000000010006f70       0x10 CMakeFiles/bluetooth_module_rename.dir/home/foobar/pico-sdk/lib/tinyusb/src/common/tusb_fifo.c.obj
                0x0000000010006f70                tu_fifo_empty
 .text.tu_fifo_remaining
                0x0000000010006f80       0x2c CMakeFiles/bluetooth_module_rename.dir/home/foobar/pico-sdk/lib/tinyusb/src/common/tusb_fifo.c.obj
                0x0000000010006f80                tu_fifo_remaining
 .text.tu_fifo_read
                0x0000000010006fac       0xa0 CMakeFiles/bluetooth_module_rename.dir/home/foobar/pico-sdk/lib/tinyusb/src/common/tusb_fifo.c.obj
                0x0000000010006fac                tu_fifo_read
 .text.tu_fifo_read_n
                0x000000001000704c       0xec CMakeFiles/bluetooth_module_rename.dir/home/foobar/pico-sdk/lib/tinyusb/src/common/tusb_fifo.c.obj
                0x000000001000704c                tu_fifo_read_n
 .text.tu_fifo_write
                0x0000000010007138       0x88 CMakeFiles/bluetooth_module_rename.dir/home/foobar/pico-sdk/lib/tinyusb/src/common/tusb_fifo.c.obj
                0x0000000010007138                tu_fifo_write
 .text.tu_fifo_write_n
                0x00000000100071c0      0x168 CMakeFiles/bluetooth_module_rename.dir/home/foobar/pico-sdk/lib/tinyusb/src/common/tusb_fifo.c.obj
                0x00000000100071c0                tu_fifo_write_n
 .text.tu_fifo_clear
                0x0000000010007328       0x40 CMakeFiles/bluetooth_module_rename.dir/home/foobar/pico-sdk/lib/tinyusb/src/common/tusb_fifo.c.obj
                0x0000000010007328                tu_fifo_clear
 .text.tu_fifo_set_overwritable
                0x0000000010007368       0x48 CMakeFiles/bluetooth_module_rename.dir/home/foobar/pico-sdk/lib/tinyusb/src/common/tusb_fifo.c.obj
                0x0000000010007368                tu_fifo_set_overwritable
 .text.spi_init
                0x00000000100073b0      0x138 CMakeFiles/bluetooth_module_rename.dir/home/foobar/pico-sdk/src/rp2_common/hardware_spi/spi.c.obj
                0x00000000100073b0                spi_init
 .text.lf_tag_compare
                0x00000000100074e8       0x38 core/libcore.a(tag.c.obj)
                0x00000000100074e8                lf_tag_compare
 .text.lf_time_logical
                0x0000000010007520        0x8 core/libcore.a(tag.c.obj)
                0x0000000010007520                lf_time_logical
 .text.lf_time_logical_elapsed
                0x0000000010007528       0x14 core/libcore.a(tag.c.obj)
                0x0000000010007528                lf_time_logical_elapsed
 .text.lf_time_physical
                0x000000001000753c       0x60 core/libcore.a(tag.c.obj)
                0x000000001000753c                lf_time_physical
 .text.lf_time_physical_elapsed
                0x000000001000759c       0x6c core/libcore.a(tag.c.obj)
                0x000000001000759c                lf_time_physical_elapsed
 .text.lf_comma_separated_time
                0x0000000010007608      0x274 core/libcore.a(tag.c.obj)
                0x0000000010007608                lf_comma_separated_time
 .text._lf_allocate
                0x000000001000787c       0x3c core/libcore.a(reactor_common.c.obj)
                0x000000001000787c                _lf_allocate
 .text._lf_new_reactor
                0x00000000100078b8       0x40 core/libcore.a(reactor_common.c.obj)
                0x00000000100078b8                _lf_new_reactor
 .text._lf_set_stop_tag
                0x00000000100078f8       0x3c core/libcore.a(reactor_common.c.obj)
                0x00000000100078f8                _lf_set_stop_tag
 .text._lf_start_time_step
                0x0000000010007934       0x68 core/libcore.a(reactor_common.c.obj)
                0x0000000010007934                _lf_start_time_step
 .text._lf_is_tag_after_stop_tag
                0x000000001000799c       0x30 core/libcore.a(reactor_common.c.obj)
                0x000000001000799c                _lf_is_tag_after_stop_tag
 .text._lf_initialize_timer
                0x00000000100079cc       0x88 core/libcore.a(reactor_common.c.obj)
                0x00000000100079cc                _lf_initialize_timer
 .text._lf_initialize_timers
                0x0000000010007a54       0x30 core/libcore.a(reactor_common.c.obj)
                0x0000000010007a54                _lf_initialize_timers
 .text._lf_trigger_startup_reactions
                0x0000000010007a84       0x38 core/libcore.a(reactor_common.c.obj)
                0x0000000010007a84                _lf_trigger_startup_reactions
 .text._lf_trigger_shutdown_reactions
                0x0000000010007abc       0x38 core/libcore.a(reactor_common.c.obj)
                0x0000000010007abc                _lf_trigger_shutdown_reactions
 .text._lf_schedule
                0x0000000010007af4      0x2c4 core/libcore.a(reactor_common.c.obj)
                0x0000000010007af4                _lf_schedule
 .text._lf_pop_events
                0x0000000010007db8      0x118 core/libcore.a(reactor_common.c.obj)
                0x0000000010007db8                _lf_pop_events
 .text._lf_advance_logical_time
                0x0000000010007ed0       0x38 core/libcore.a(reactor_common.c.obj)
                0x0000000010007ed0                _lf_advance_logical_time
 .text._lf_invoke_reaction
                0x0000000010007f08       0x14 core/libcore.a(reactor_common.c.obj)
                0x0000000010007f08                _lf_invoke_reaction
 .text.schedule_output_reactions
                0x0000000010007f1c      0x150 core/libcore.a(reactor_common.c.obj)
                0x0000000010007f1c                schedule_output_reactions
 .text.usage    0x000000001000806c       0xb0 core/libcore.a(reactor_common.c.obj)
                0x000000001000806c                usage
 .text.process_args
                0x000000001000811c      0x414 core/libcore.a(reactor_common.c.obj)
                0x000000001000811c                process_args
 .text.initialize_global
                0x0000000010008530       0x24 core/libcore.a(reactor_common.c.obj)
                0x0000000010008530                initialize_global
 .text.termination
                0x0000000010008554      0x194 core/libcore.a(reactor_common.c.obj)
                0x0000000010008554                termination
 .text._lf_free_token.part.0
                0x00000000100086e8       0xcc core/libcore.a(lf_token.c.obj)
 .text._lf_new_token
                0x00000000100087b4       0xb4 core/libcore.a(lf_token.c.obj)
                0x00000000100087b4                _lf_new_token
 .text._lf_initialize_token_with_value
                0x0000000010008868       0x80 core/libcore.a(lf_token.c.obj)
                0x0000000010008868                _lf_initialize_token_with_value
 .text._lf_free_all_tokens
                0x00000000100088e8       0xe0 core/libcore.a(lf_token.c.obj)
                0x00000000100088e8                _lf_free_all_tokens
 .text._lf_replace_template_token
                0x00000000100089c8       0x44 core/libcore.a(lf_token.c.obj)
                0x00000000100089c8                _lf_replace_template_token
 .text._lf_done_using
                0x0000000010008a0c       0x2c core/libcore.a(lf_token.c.obj)
                0x0000000010008a0c                _lf_done_using
 .text._lf_free_token_copies
                0x0000000010008a38       0x44 core/libcore.a(lf_token.c.obj)
                0x0000000010008a38                _lf_free_token_copies
 .text.environment_init_tags
                0x0000000010008a7c       0x58 core/libcore.a(environment.c.obj)
                0x0000000010008a7c                environment_init_tags
 .text.environment_free
                0x0000000010008ad4       0x44 core/libcore.a(environment.c.obj)
                0x0000000010008ad4                environment_free
 .text.environment_init
                0x0000000010008b18      0x188 core/libcore.a(environment.c.obj)
                0x0000000010008b18                environment_init
 .text._lf_set_present
                0x0000000010008ca0       0x4c core/libcore.a(reactor.c.obj)
                0x0000000010008ca0                _lf_set_present
 .text._lf_trigger_reaction
                0x0000000010008cec       0x28 core/libcore.a(reactor.c.obj)
                0x0000000010008cec                _lf_trigger_reaction
 .text._lf_do_step
                0x0000000010008d14       0xb0 core/libcore.a(reactor.c.obj)
                0x0000000010008d14                _lf_do_step
 .text.next     0x0000000010008dc4      0x138 core/libcore.a(reactor.c.obj)
                0x0000000010008dc4                next
 .text.lf_reactor_c_main
                0x0000000010008efc       0xf8 core/libcore.a(reactor.c.obj)
                0x0000000010008efc                lf_reactor_c_main
 .text.lf_critical_section_enter
                0x0000000010008ff4        0x8 core/libcore.a(reactor.c.obj)
                0x0000000010008ff4                lf_critical_section_enter
 .text.lf_critical_section_exit
                0x0000000010008ffc        0x8 core/libcore.a(reactor.c.obj)
                0x0000000010008ffc                lf_critical_section_exit
 .text.vector_at
                0x0000000010009004       0x54 core/libcore.a(vector.c.obj)
                0x0000000010009004                vector_at
 .text.vector_size
                0x0000000010009058        0x8 core/libcore.a(vector.c.obj)
                0x0000000010009058                vector_size
 .text.percolate_down
                0x0000000010009060       0xd8 core/libcore.a(pqueue.c.obj)
 .text.bubble_up.isra.0
                0x0000000010009138       0x84 core/libcore.a(pqueue.c.obj)
 .text.find_equal_same_priority
                0x00000000100091bc       0xa8 core/libcore.a(pqueue.c.obj)
                0x00000000100091bc                find_equal_same_priority
 .text.pqueue_init
                0x0000000010009264       0x54 core/libcore.a(pqueue.c.obj)
                0x0000000010009264                pqueue_init
 .text.pqueue_free
                0x00000000100092b8       0x14 core/libcore.a(pqueue.c.obj)
                0x00000000100092b8                pqueue_free
 .text.pqueue_size
                0x00000000100092cc       0x10 core/libcore.a(pqueue.c.obj)
                0x00000000100092cc                pqueue_size
 .text.pqueue_find_equal_same_priority
                0x00000000100092dc        0xc core/libcore.a(pqueue.c.obj)
                0x00000000100092dc                pqueue_find_equal_same_priority
 .text.pqueue_insert
                0x00000000100092e8       0x44 core/libcore.a(pqueue.c.obj)
                0x00000000100092e8                pqueue_insert
 .text.pqueue_pop
                0x000000001000932c       0x28 core/libcore.a(pqueue.c.obj)
                0x000000001000932c                pqueue_pop
 .text.pqueue_peek
                0x0000000010009354       0x14 core/libcore.a(pqueue.c.obj)
                0x0000000010009354                pqueue_peek
 .text.in_reverse_order
                0x0000000010009368       0x18 core/libcore.a(pqueue.c.obj)
                0x0000000010009368                in_reverse_order
 .text.in_no_particular_order
                0x0000000010009380        0x4 core/libcore.a(pqueue.c.obj)
                0x0000000010009380                in_no_particular_order
 .text.event_matches
                0x0000000010009384        0xc core/libcore.a(pqueue.c.obj)
                0x0000000010009384                event_matches
 .text.reaction_matches
                0x0000000010009390        0x8 core/libcore.a(pqueue.c.obj)
                0x0000000010009390                reaction_matches
 .text.get_event_time
                0x0000000010009398        0x8 core/libcore.a(pqueue.c.obj)
                0x0000000010009398                get_event_time
 .text.get_reaction_index
                0x00000000100093a0        0x8 core/libcore.a(pqueue.c.obj)
                0x00000000100093a0                get_reaction_index
 .text.get_event_position
                0x00000000100093a8        0x4 core/libcore.a(pqueue.c.obj)
                0x00000000100093a8                get_event_position
 .text.get_reaction_position
                0x00000000100093ac        0x4 core/libcore.a(pqueue.c.obj)
                0x00000000100093ac                get_reaction_position
 .text.set_event_position
                0x00000000100093b0        0x4 core/libcore.a(pqueue.c.obj)
                0x00000000100093b0                set_event_position
 .text.set_reaction_position
                0x00000000100093b4        0x4 core/libcore.a(pqueue.c.obj)
                0x00000000100093b4                set_reaction_position
 .text.print_reaction
                0x00000000100093b8        0x4 core/libcore.a(pqueue.c.obj)
                0x00000000100093b8                print_reaction
 .text.print_event
                0x00000000100093bc        0x4 core/libcore.a(pqueue.c.obj)
                0x00000000100093bc                print_event
 .text._lf_message_print
                0x00000000100093c0       0xc0 core/libcore.a(util.c.obj)
                0x00000000100093c0                _lf_message_print
 .text.lf_print
                0x0000000010009480       0x88 core/libcore.a(util.c.obj)
                0x0000000010009480                lf_print
 .text.lf_print_error
                0x0000000010009508       0x88 core/libcore.a(util.c.obj)
                0x0000000010009508                lf_print_error
 .text.lf_print_warning
                0x0000000010009590       0x88 core/libcore.a(util.c.obj)
                0x0000000010009590                lf_print_warning
 .text.lf_print_error_and_exit
                0x0000000010009618       0x24 core/libcore.a(util.c.obj)
                0x0000000010009618                lf_print_error_and_exit
 .text.lf_assert
                0x000000001000963c       0x2c core/libcore.a(util.c.obj)
                0x000000001000963c                lf_assert
 .text.hashset_num_items
                0x0000000010009668        0x4 core/libcore.a(hashset.c.obj)
                0x0000000010009668                hashset_num_items
 .text.hashset_destroy
                0x000000001000966c       0x18 core/libcore.a(hashset.c.obj)
                0x000000001000966c                hashset_destroy
 .text.hashset_create
                0x0000000010009684       0x40 core/libcore.a(hashset.c.obj)
                0x0000000010009684                hashset_create
 .text.hashset_add
                0x00000000100096c4      0x180 core/libcore.a(hashset.c.obj)
                0x00000000100096c4                hashset_add
 .text.hashset_remove
                0x0000000010009844       0x50 core/libcore.a(hashset.c.obj)
                0x0000000010009844                hashset_remove
 .text.hashset_iterator
                0x0000000010009894       0x1c core/libcore.a(hashset_itr.c.obj)
                0x0000000010009894                hashset_iterator
 .text.hashset_iterator_next
                0x00000000100098b0       0x34 core/libcore.a(hashset_itr.c.obj)
                0x00000000100098b0                hashset_iterator_next
 .text.hashset_iterator_value
                0x00000000100098e4        0xc core/libcore.a(hashset_itr.c.obj)
                0x00000000100098e4                hashset_iterator_value
 .text._lf_initialize_clock
                0x00000000100098f0       0x20 core/libcore.a(lf_rp2040_support.c.obj)
                0x00000000100098f0                _lf_initialize_clock
 .text._lf_clock_now
                0x0000000010009910       0x24 core/libcore.a(lf_rp2040_support.c.obj)
                0x0000000010009910                _lf_clock_now
 .text._lf_interruptable_sleep_until_locked
                0x0000000010009934       0x48 core/libcore.a(lf_rp2040_support.c.obj)
                0x0000000010009934                _lf_interruptable_sleep_until_locked
 .text.lf_disable_interrupts_nested
                0x000000001000997c       0x3c core/libcore.a(lf_rp2040_support.c.obj)
                0x000000001000997c                lf_disable_interrupts_nested
 .text.lf_enable_interrupts_nested
                0x00000000100099b8       0x34 core/libcore.a(lf_rp2040_support.c.obj)
                0x00000000100099b8                lf_enable_interrupts_nested
 .text.color32_0
                0x00000000100099ec        0x8 robot/librobot.a(display.c.obj)
                0x00000000100099ec                color32_0
 .text.color32_1
                0x00000000100099f4        0x8 robot/librobot.a(display.c.obj)
                0x00000000100099f4                color32_1
 .text.color32_0_on_1
                0x00000000100099fc        0x8 robot/librobot.a(display.c.obj)
                0x00000000100099fc                color32_0_on_1
 .text.color32_1_on_0
                0x0000000010009a04        0x4 robot/librobot.a(display.c.obj)
                0x0000000010009a04                color32_1_on_0
 .text.color32_xor
                0x0000000010009a08        0x8 robot/librobot.a(display.c.obj)
                0x0000000010009a08                color32_xor
 .text.color32_nop
                0x0000000010009a10        0x4 robot/librobot.a(display.c.obj)
                0x0000000010009a10                color32_nop
 .text.color8_0
                0x0000000010009a14        0x8 robot/librobot.a(display.c.obj)
                0x0000000010009a14                color8_0
 .text.color8_1
                0x0000000010009a1c        0x8 robot/librobot.a(display.c.obj)
                0x0000000010009a1c                color8_1
 .text.color8_0_on_1
                0x0000000010009a24        0x8 robot/librobot.a(display.c.obj)
                0x0000000010009a24                color8_0_on_1
 .text.color8_1_on_0
                0x0000000010009a2c        0x4 robot/librobot.a(display.c.obj)
                0x0000000010009a2c                color8_1_on_0
 .text.color8_xor
                0x0000000010009a30        0x8 robot/librobot.a(display.c.obj)
                0x0000000010009a30                color8_xor
 .text.color8_nop
                0x0000000010009a38        0x4 robot/librobot.a(display.c.obj)
                0x0000000010009a38                color8_nop
 .text.display_set_font
                0x0000000010009a3c        0xc robot/librobot.a(display.c.obj)
                0x0000000010009a3c                display_set_font
 .text.display_init
                0x0000000010009a48       0x18 robot/librobot.a(display.c.obj)
                0x0000000010009a48                display_init
 .text.display_fill
                0x0000000010009a60       0x2c robot/librobot.a(display.c.obj)
                0x0000000010009a60                display_fill
 .text.display_show_partial
                0x0000000010009a8c       0xb0 robot/librobot.a(display.c.obj)
                0x0000000010009a8c                display_show_partial
 .text.display_text
                0x0000000010009b3c      0x44c robot/librobot.a(display.c.obj)
                0x0000000010009b3c                display_text
 .text.display_fill_rect
                0x0000000010009f88      0x15c robot/librobot.a(display.c.obj)
                0x0000000010009f88                display_fill_rect
 .text.display_show
                0x000000001000a0e4       0x28 robot/librobot.a(display.c.obj)
                0x000000001000a0e4                display_show
 .text.sh1106_transfer_start
                0x000000001000a10c       0x40 robot/librobot.a(sh1106.c.obj)
                0x000000001000a10c                sh1106_transfer_start
 .text.sh1106_transfer_end
                0x000000001000a14c       0x1c robot/librobot.a(sh1106.c.obj)
                0x000000001000a14c                sh1106_transfer_end
 .text.sh1106_write_page
                0x000000001000a168       0x54 robot/librobot.a(sh1106.c.obj)
                0x000000001000a168                sh1106_write_page
 .text.sh1106_clear
                0x000000001000a1bc       0xa0 robot/librobot.a(sh1106.c.obj)
                0x000000001000a1bc                sh1106_clear
 .text.sh1106_init
                0x000000001000a25c       0xd0 robot/librobot.a(sh1106.c.obj)
                0x000000001000a25c                sh1106_init
 .text          0x000000001000a32c       0x10 /usr/lib/gcc/arm-none-eabi/10.3.1/../../../arm-none-eabi/lib/thumb/v6-m/nofp/libc.a(lib_a-atexit.o)
                0x000000001000a32c                atexit
 .text          0x000000001000a33c       0x18 /usr/lib/gcc/arm-none-eabi/10.3.1/../../../arm-none-eabi/lib/thumb/v6-m/nofp/libc.a(lib_a-atoi.o)
                0x000000001000a33c                atoi
                0x000000001000a348                _atoi_r
 .text          0x000000001000a354       0x18 /usr/lib/gcc/arm-none-eabi/10.3.1/../../../arm-none-eabi/lib/thumb/v6-m/nofp/libc.a(lib_a-atoll.o)
                0x000000001000a354                atoll
                0x000000001000a360                _atoll_r
 .text          0x000000001000a36c       0x18 /usr/lib/gcc/arm-none-eabi/10.3.1/../../../arm-none-eabi/lib/thumb/v6-m/nofp/libc.a(lib_a-calloc.o)
                0x000000001000a36c                calloc
 .text          0x000000001000a384       0x5c /usr/lib/gcc/arm-none-eabi/10.3.1/../../../arm-none-eabi/lib/thumb/v6-m/nofp/libc.a(lib_a-callocr.o)
                0x000000001000a384                _calloc_r
 .text          0x000000001000a3e0       0x28 /usr/lib/gcc/arm-none-eabi/10.3.1/../../../arm-none-eabi/lib/thumb/v6-m/nofp/libc.a(lib_a-malloc.o)
                0x000000001000a3e0                malloc
                0x000000001000a3f4                free
 .text          0x000000001000a408      0x574 /usr/lib/gcc/arm-none-eabi/10.3.1/../../../arm-none-eabi/lib/thumb/v6-m/nofp/libc.a(lib_a-mallocr.o)
                0x000000001000a408                _malloc_r
 .text          0x000000001000a97c        0x8 /usr/lib/gcc/arm-none-eabi/10.3.1/../../../arm-none-eabi/lib/thumb/v6-m/nofp/libc.a(lib_a-mlock.o)
                0x000000001000a97c                __malloc_lock
                0x000000001000a980                __malloc_unlock
 .text          0x000000001000a984       0x18 /usr/lib/gcc/arm-none-eabi/10.3.1/../../../arm-none-eabi/lib/thumb/v6-m/nofp/libc.a(lib_a-realloc.o)
                0x000000001000a984                realloc
 .text          0x000000001000a99c      0x354 /usr/lib/gcc/arm-none-eabi/10.3.1/../../../arm-none-eabi/lib/thumb/v6-m/nofp/libc.a(lib_a-reallocr.o)
                0x000000001000a99c                _realloc_r
 .text          0x000000001000acf0       0x24 /usr/lib/gcc/arm-none-eabi/10.3.1/../../../arm-none-eabi/lib/thumb/v6-m/nofp/libc.a(lib_a-sbrkr.o)
                0x000000001000acf0                _sbrk_r
 .text          0x000000001000ad14       0x88 /usr/lib/gcc/arm-none-eabi/10.3.1/../../../arm-none-eabi/lib/thumb/v6-m/nofp/libc.a(lib_a-strcmp.o)
                0x000000001000ad14                strcmp
 .text          0x000000001000ad9c       0x5c /usr/lib/gcc/arm-none-eabi/10.3.1/../../../arm-none-eabi/lib/thumb/v6-m/nofp/libc.a(lib_a-strlen-stub.o)
                0x000000001000ad9c                strlen
 .text          0x000000001000adf8       0x74 /usr/lib/gcc/arm-none-eabi/10.3.1/../../../arm-none-eabi/lib/thumb/v6-m/nofp/libc.a(lib_a-strncmp.o)
                0x000000001000adf8                strncmp
 .text          0x000000001000ae6c      0x1b8 /usr/lib/gcc/arm-none-eabi/10.3.1/../../../arm-none-eabi/lib/thumb/v6-m/nofp/libc.a(lib_a-strtol.o)
                0x000000001000afb0                _strtol_r
                0x000000001000afcc                strtol_l
                0x000000001000aff8                strtol
 .text          0x000000001000b024      0x1d0 /usr/lib/gcc/arm-none-eabi/10.3.1/../../../arm-none-eabi/lib/thumb/v6-m/nofp/libc.a(lib_a-strtoll.o)
                0x000000001000b1bc                _strtoll_r
                0x000000001000b1c4                strtoll_l
                0x000000001000b1dc                strtoll
 .text          0x000000001000b1f4     0x16e4 /usr/lib/gcc/arm-none-eabi/10.3.1/../../../arm-none-eabi/lib/thumb/v6-m/nofp/libc.a(lib_a-vfprintf.o)
                0x000000001000b1f4                _vfprintf_r
                0x000000001000c84c                vfprintf
 .text          0x000000001000c8d8       0xdc /usr/lib/gcc/arm-none-eabi/10.3.1/../../../arm-none-eabi/lib/thumb/v6-m/nofp/libc.a(lib_a-wsetup.o)
                0x000000001000c8d8                __swsetup_r
 .text          0x000000001000c9b4       0x88 /usr/lib/gcc/arm-none-eabi/10.3.1/../../../arm-none-eabi/lib/thumb/v6-m/nofp/libc.a(lib_a-__atexit.o)
                0x000000001000c9b4                __register_exitproc
 .text          0x000000001000ca3c     0x1104 /usr/lib/gcc/arm-none-eabi/10.3.1/../../../arm-none-eabi/lib/thumb/v6-m/nofp/libc.a(lib_a-dtoa.o)
                0x000000001000cb84                _dtoa_r
 .text          0x000000001000db40        0xc /usr/lib/gcc/arm-none-eabi/10.3.1/../../../arm-none-eabi/lib/thumb/v6-m/nofp/libc.a(lib_a-errno.o)
                0x000000001000db40                __errno
 .text          0x000000001000db4c      0x1c0 /usr/lib/gcc/arm-none-eabi/10.3.1/../../../arm-none-eabi/lib/thumb/v6-m/nofp/libc.a(lib_a-fflush.o)
                0x000000001000db4c                __sflush_r
                0x000000001000dc8c                _fflush_r
                0x000000001000dcb8                fflush
 .text          0x000000001000dd0c      0x248 /usr/lib/gcc/arm-none-eabi/10.3.1/../../../arm-none-eabi/lib/thumb/v6-m/nofp/libc.a(lib_a-findfp.o)
                0x000000001000dd10                _cleanup_r
                0x000000001000de0c                __sfmoreglue
                0x000000001000de3c                __sfp
                0x000000001000deec                _cleanup
                0x000000001000df04                __sinit
                0x000000001000df14                __sfp_lock_acquire
                0x000000001000df18                __sfp_lock_release
                0x000000001000df1c                __sinit_lock_acquire
                0x000000001000df20                __sinit_lock_release
                0x000000001000df24                __fp_lock_all
                0x000000001000df3c                __fp_unlock_all
 .text          0x000000001000df54      0x260 /usr/lib/gcc/arm-none-eabi/10.3.1/../../../arm-none-eabi/lib/thumb/v6-m/nofp/libc.a(lib_a-freer.o)
                0x000000001000df54                _malloc_trim_r
                0x000000001000dff0                _free_r
 .text          0x000000001000e1b4       0x88 /usr/lib/gcc/arm-none-eabi/10.3.1/../../../arm-none-eabi/lib/thumb/v6-m/nofp/libc.a(lib_a-fwalk.o)
                0x000000001000e1b4                _fwalk
                0x000000001000e1f4                _fwalk_reent
 .text          0x000000001000e23c       0x14 /usr/lib/gcc/arm-none-eabi/10.3.1/../../../arm-none-eabi/lib/thumb/v6-m/nofp/libc.a(lib_a-localeconv.o)
                0x000000001000e23c                __localeconv_l
                0x000000001000e240                _localeconv_r
                0x000000001000e248                localeconv
 .text          0x000000001000e250      0x144 /usr/lib/gcc/arm-none-eabi/10.3.1/../../../arm-none-eabi/lib/thumb/v6-m/nofp/libc.a(lib_a-makebuf.o)
                0x000000001000e250                __smakebuf_r
                0x000000001000e334                __swhatbuf_r
 .text          0x000000001000e394      0xafc /usr/lib/gcc/arm-none-eabi/10.3.1/../../../arm-none-eabi/lib/thumb/v6-m/nofp/libc.a(lib_a-mprec.o)
                0x000000001000e394                _Balloc
                0x000000001000e3e4                _Bfree
                0x000000001000e3f8                __multadd
                0x000000001000e4a0                __s2b
                0x000000001000e550                __hi0bits
                0x000000001000e588                __lo0bits
                0x000000001000e5e4                __i2b
                0x000000001000e644                __multiply
                0x000000001000e7e8                __pow5mult
                0x000000001000e8c0                __lshift
                0x000000001000e9bc                __mcmp
                0x000000001000e9f0                __mdiff
                0x000000001000eb7c                __ulp
                0x000000001000ebc4                __b2d
                0x000000001000ec8c                __d2b
                0x000000001000ed64                __ratio
                0x000000001000edcc                _mprec_log10
                0x000000001000ee00                __copybits
                0x000000001000ee40                __any_on
 .text          0x000000001000ee90       0xa4 /usr/lib/gcc/arm-none-eabi/10.3.1/../../../arm-none-eabi/lib/thumb/v6-m/nofp/libc.a(lib_a-stdio.o)
                0x000000001000ee90                __sread
                0x000000001000eeb8                __seofread
                0x000000001000eebc                __swrite
                0x000000001000eefc                __sseek
                0x000000001000ef28                __sclose
 .text          0x000000001000ef34      0xdd8 /usr/lib/gcc/arm-none-eabi/10.3.1/../../../arm-none-eabi/lib/thumb/v6-m/nofp/libc.a(lib_a-vfiprintf.o)
                0x000000001000efbc                __sprint_r
                0x000000001000efd0                _vfiprintf_r
                0x000000001000fc80                vfiprintf
 .text          0x000000001000fd0c       0x28 /usr/lib/gcc/arm-none-eabi/10.3.1/../../../arm-none-eabi/lib/thumb/v6-m/nofp/libc.a(lib_a-writer.o)
                0x000000001000fd0c                _write_r
 .text          0x000000001000fd34       0x24 /usr/lib/gcc/arm-none-eabi/10.3.1/../../../arm-none-eabi/lib/thumb/v6-m/nofp/libc.a(lib_a-closer.o)
                0x000000001000fd34                _close_r
 .text          0x000000001000fd58       0xe8 /usr/lib/gcc/arm-none-eabi/10.3.1/../../../arm-none-eabi/lib/thumb/v6-m/nofp/libc.a(lib_a-fclose.o)
                0x000000001000fdc8                _fclose_r
                0x000000001000fe00                fclose
 .text          0x000000001000fe40       0xfc /usr/lib/gcc/arm-none-eabi/10.3.1/../../../arm-none-eabi/lib/thumb/v6-m/nofp/libc.a(lib_a-fputwc.o)
                0x000000001000fe40                __fputwc
                0x000000001000fed8                _fputwc_r
                0x000000001000fef8                fputwc
 .text          0x000000001000ff3c       0x28 /usr/lib/gcc/arm-none-eabi/10.3.1/../../../arm-none-eabi/lib/thumb/v6-m/nofp/libc.a(lib_a-fstatr.o)
                0x000000001000ff3c                _fstat_r
 .text          0x000000001000ff64      0x2f4 /usr/lib/gcc/arm-none-eabi/10.3.1/../../../arm-none-eabi/lib/thumb/v6-m/nofp/libc.a(lib_a-fvwrite.o)
                0x000000001000ff64                __sfvwrite_r
 .text          0x0000000010010258       0x24 /usr/lib/gcc/arm-none-eabi/10.3.1/../../../arm-none-eabi/lib/thumb/v6-m/nofp/libc.a(lib_a-isattyr.o)
                0x0000000010010258                _isatty_r
 .text          0x000000001001027c       0x98 /usr/lib/gcc/arm-none-eabi/10.3.1/../../../arm-none-eabi/lib/thumb/v6-m/nofp/libc.a(lib_a-locale.o)
                0x000000001001027c                _setlocale_r
                0x00000000100102c0                __locale_mb_cur_max
                0x00000000100102d0                setlocale
 .text          0x0000000010010314       0x28 /usr/lib/gcc/arm-none-eabi/10.3.1/../../../arm-none-eabi/lib/thumb/v6-m/nofp/libc.a(lib_a-lseekr.o)
                0x0000000010010314                _lseek_r
 .text          0x000000001001033c       0x44 /usr/lib/gcc/arm-none-eabi/10.3.1/../../../arm-none-eabi/lib/thumb/v6-m/nofp/libc.a(lib_a-mbtowc_r.o)
                0x000000001001033c                _mbtowc_r
                0x0000000010010354                __ascii_mbtowc
 .text          0x0000000010010380       0x28 /usr/lib/gcc/arm-none-eabi/10.3.1/../../../arm-none-eabi/lib/thumb/v6-m/nofp/libc.a(lib_a-readr.o)
                0x0000000010010380                _read_r
 .text          0x00000000100103a8       0xe0 /usr/lib/gcc/arm-none-eabi/10.3.1/../../../arm-none-eabi/lib/thumb/v6-m/nofp/libc.a(lib_a-wbuf.o)
                0x00000000100103a8                __swbuf_r
                0x0000000010010470                __swbuf
 .text          0x0000000010010488       0x84 /usr/lib/gcc/arm-none-eabi/10.3.1/../../../arm-none-eabi/lib/thumb/v6-m/nofp/libc.a(lib_a-wcrtomb.o)
                0x0000000010010488                _wcrtomb_r
                0x00000000100104c8                wcrtomb
 .text          0x000000001001050c       0x2c /usr/lib/gcc/arm-none-eabi/10.3.1/../../../arm-none-eabi/lib/thumb/v6-m/nofp/libc.a(lib_a-wctomb_r.o)
                0x000000001001050c                _wctomb_r
                0x000000001001051c                __ascii_wctomb
 *(.fini)
 .fini          0x0000000010010538        0x4 /usr/lib/gcc/arm-none-eabi/10.3.1/thumb/v6-m/nofp/crti.o
                0x0000000010010538                _fini
 *fill*         0x000000001001053c        0x4 
 .fini.__stub   0x0000000010010540      0x130 linker stubs
 *crtbegin.o(.ctors)
 *crtbegin?.o(.ctors)
 *(EXCLUDE_FILE(*crtend.o *crtend?.o) .ctors)
 *(SORT_BY_NAME(.ctors.*))
 *(.ctors)
 *crtbegin.o(.dtors)
 *crtbegin?.o(.dtors)
 *(EXCLUDE_FILE(*crtend.o *crtend?.o) .dtors)
 *(SORT_BY_NAME(.dtors.*))
 *(.dtors)
 *(.eh_frame*)
 .eh_frame      0x0000000010010670        0x0 /usr/lib/gcc/arm-none-eabi/10.3.1/thumb/v6-m/nofp/crtbegin.o
                0x0000000010010670                . = ALIGN (0x4)

.glue_7         0x0000000010010670        0x0
 .glue_7        0x0000000010010670        0x0 linker stubs

.glue_7t        0x0000000010010670        0x0
 .glue_7t       0x0000000010010670        0x0 linker stubs

.vfp11_veneer   0x0000000010010670        0x0
 .vfp11_veneer  0x0000000010010670        0x0 linker stubs

.v4_bx          0x0000000010010670        0x0
 .v4_bx         0x0000000010010670        0x0 linker stubs

.iplt           0x0000000010010670        0x0
 .iplt          0x0000000010010670        0x0 /usr/lib/gcc/arm-none-eabi/10.3.1/thumb/v6-m/nofp/crtbegin.o

.rodata         0x0000000010010670     0x416c
 *(EXCLUDE_FILE(*libm.a: *libc.a:*lib_a-mem*.o *libgcc.a:) .rodata*)
 .rodata._bluetooth_module_rename_mainreaction_function_0.str1.4
                0x0000000010010670        0x8 CMakeFiles/bluetooth_module_rename.dir/_bluetooth_module_rename_main.c.obj
 .rodata._bluetooth_module_rename_mainreaction_function_2.str1.4
                0x0000000010010678       0x1d CMakeFiles/bluetooth_module_rename.dir/_bluetooth_module_rename_main.c.obj
 *fill*         0x0000000010010695        0x3 
 .rodata._bluetooth_module_rename_mainreaction_function_3.str1.4
                0x0000000010010698        0x9 CMakeFiles/bluetooth_module_rename.dir/_bluetooth_module_rename_main.c.obj
 *fill*         0x00000000100106a1        0x3 
 .rodata.new__bluetooth_module_rename_main.str1.4
                0x00000000100106a4        0x2 CMakeFiles/bluetooth_module_rename.dir/_bluetooth_module_rename_main.c.obj
 *fill*         0x00000000100106a6        0x2 
 .rodata._robotblereaction_function_1.str1.4
                0x00000000100106a8        0x4 CMakeFiles/bluetooth_module_rename.dir/_robotble.c.obj
 .rodata._robotblereaction_function_3.str1.4
                0x00000000100106ac        0x3 CMakeFiles/bluetooth_module_rename.dir/_robotble.c.obj
 .rodata.new__robotble.str1.4
                0x00000000100106af        0x2 CMakeFiles/bluetooth_module_rename.dir/_robotble.c.obj
 .rodata.new__display.str1.4
                0x00000000100106af        0x2 CMakeFiles/bluetooth_module_rename.dir/_display.c.obj
 *fill*         0x00000000100106af        0x1 
 .rodata.spin_lock_claim_unused.str1.4
                0x00000000100106b0       0x1b CMakeFiles/bluetooth_module_rename.dir/home/foobar/pico-sdk/src/rp2_common/hardware_sync/sync.c.obj
 *fill*         0x00000000100106cb        0x1 
 .rodata.user_irq_claim_unused.str1.4
                0x00000000100106cc       0x1b CMakeFiles/bluetooth_module_rename.dir/home/foobar/pico-sdk/src/rp2_common/hardware_irq/irq.c.obj
 *fill*         0x00000000100106e7        0x1 
 .rodata.at_the_end_of_time
                0x00000000100106e8        0x8 CMakeFiles/bluetooth_module_rename.dir/home/foobar/pico-sdk/src/common/pico_time/time.c.obj
                0x00000000100106e8                at_the_end_of_time
 .rodata.hardware_alarm_claim.str1.4
                0x00000000100106f0       0x22 CMakeFiles/bluetooth_module_rename.dir/home/foobar/pico-sdk/src/rp2_common/hardware_timer/timer.c.obj
 *fill*         0x0000000010010712        0x2 
 .rodata.__assert_func.str1.4
                0x0000000010010714       0x3f CMakeFiles/bluetooth_module_rename.dir/home/foobar/pico-sdk/src/rp2_common/pico_runtime/runtime.c.obj
                                         0x43 (size before relaxing)
 *fill*         0x0000000010010753        0x1 
 .rodata.panic.str1.4
                0x0000000010010754       0x10 CMakeFiles/bluetooth_module_rename.dir/home/foobar/pico-sdk/src/rp2_common/pico_runtime/runtime.c.obj
                                         0x12 (size before relaxing)
 .rodata.hard_assertion_failure.str1.4
                0x0000000010010764        0xc CMakeFiles/bluetooth_module_rename.dir/home/foobar/pico-sdk/src/rp2_common/pico_runtime/runtime.c.obj
 .rodata._ftoa.str1.4
                0x0000000010010770       0x15 CMakeFiles/bluetooth_module_rename.dir/home/foobar/pico-sdk/src/rp2_common/pico_printf/printf.c.obj
 *fill*         0x0000000010010785        0x3 
 .rodata._vsnprintf
                0x0000000010010788      0x1e0 CMakeFiles/bluetooth_module_rename.dir/home/foobar/pico-sdk/src/rp2_common/pico_printf/printf.c.obj
 .rodata.pow10.0